C:/Users/razie/OneDrive/Escritorio/proyecto_mantenimiento/Sensores_y_Actuadores/build/primary/zephyr/include/generated/zephyr/syscalls/reset.h:99:19:reset_line_toggle	8	static
C:/zephyr/zephyrproject/deps/modules/hal/stm32/stm32cube/stm32f4xx/drivers/include/stm32f4xx_ll_usart.h:1020:22:LL_USART_SetBaudRate	8	static
C:/zephyr/zephyrproject/deps/zephyr/drivers/serial/uart_stm32.c:718:12:uart_stm32_config_get	0	static
C:/zephyr/zephyrproject/deps/zephyr/drivers/serial/uart_stm32.c:745:12:uart_stm32_poll_in_visitor	16	static
C:/zephyr/zephyrproject/deps/zephyr/drivers/serial/uart_stm32.c:771:13:uart_stm32_poll_out_visitor	8	static
C:/zephyr/zephyrproject/deps/zephyr/drivers/serial/uart_stm32.c:819:13:poll_in_u8	0	static
C:/zephyr/zephyrproject/deps/zephyr/drivers/serial/uart_stm32.c:824:13:poll_out_u8	0	static
C:/zephyr/zephyrproject/deps/zephyr/drivers/serial/uart_stm32.c:829:12:uart_stm32_poll_in	8	static
C:/zephyr/zephyrproject/deps/zephyr/drivers/serial/uart_stm32.c:834:13:uart_stm32_poll_out	8	static
C:/zephyr/zephyrproject/deps/zephyr/drivers/serial/uart_stm32.c:863:12:uart_stm32_err_check	16	static
C:/zephyr/zephyrproject/deps/zephyr/drivers/serial/uart_stm32.c:927:12:uart_stm32_fifo_fill_visitor	32	static
C:/zephyr/zephyrproject/deps/zephyr/drivers/serial/uart_stm32.c:955:13:fifo_fill_with_u8	0	static
C:/zephyr/zephyrproject/deps/zephyr/drivers/serial/uart_stm32.c:962:12:uart_stm32_fifo_fill	8	static
C:/zephyr/zephyrproject/deps/zephyr/drivers/serial/uart_stm32.c:974:12:uart_stm32_fifo_read_visitor	32	static
C:/zephyr/zephyrproject/deps/zephyr/drivers/serial/uart_stm32.c:1000:13:fifo_read_with_u8	0	static
C:/zephyr/zephyrproject/deps/zephyr/drivers/serial/uart_stm32.c:1007:12:uart_stm32_fifo_read	8	static
C:/zephyr/zephyrproject/deps/zephyr/drivers/serial/uart_stm32.c:1056:13:uart_stm32_irq_tx_enable	0	static
C:/zephyr/zephyrproject/deps/zephyr/drivers/serial/uart_stm32.c:1077:13:uart_stm32_irq_tx_disable	0	static
C:/zephyr/zephyrproject/deps/zephyr/drivers/serial/uart_stm32.c:1099:12:uart_stm32_irq_tx_ready	0	static
C:/zephyr/zephyrproject/deps/zephyr/drivers/serial/uart_stm32.c:1107:12:uart_stm32_irq_tx_complete	0	static
C:/zephyr/zephyrproject/deps/zephyr/drivers/serial/uart_stm32.c:1114:13:uart_stm32_irq_rx_enable	0	static
C:/zephyr/zephyrproject/deps/zephyr/drivers/serial/uart_stm32.c:1121:13:uart_stm32_irq_rx_disable	0	static
C:/zephyr/zephyrproject/deps/zephyr/drivers/serial/uart_stm32.c:1128:12:uart_stm32_irq_rx_ready	0	static
C:/zephyr/zephyrproject/deps/zephyr/drivers/serial/uart_stm32.c:1138:13:uart_stm32_irq_err_enable	0	static
C:/zephyr/zephyrproject/deps/zephyr/drivers/serial/uart_stm32.c:1155:13:uart_stm32_irq_err_disable	0	static
C:/zephyr/zephyrproject/deps/zephyr/drivers/serial/uart_stm32.c:1172:12:uart_stm32_irq_is_pending	0	static
C:/zephyr/zephyrproject/deps/zephyr/drivers/serial/uart_stm32.c:1183:12:uart_stm32_irq_update	0	static
C:/zephyr/zephyrproject/deps/zephyr/drivers/serial/uart_stm32.c:1188:13:uart_stm32_irq_callback_set	0	static
C:/zephyr/zephyrproject/deps/zephyr/drivers/serial/uart_stm32.c:1401:13:uart_stm32_isr	8	static
C:/zephyr/zephyrproject/deps/zephyr/drivers/serial/uart_stm32.c:2266:12:uart_stm32_clocks_enable	8	static
C:/zephyr/zephyrproject/deps/zephyr/drivers/serial/uart_stm32.c:218:19:uart_stm32_set_baudrate	80	dynamic,bounded
C:/zephyr/zephyrproject/deps/zephyr/drivers/serial/uart_stm32.c:582:12:uart_stm32_parameters_set	24	static
C:/zephyr/zephyrproject/deps/zephyr/drivers/serial/uart_stm32.c:649:12:uart_stm32_configure	24	static
C:/zephyr/zephyrproject/deps/zephyr/include/zephyr/drivers/pinctrl.h:345:19:pinctrl_apply_state	16	static
C:/zephyr/zephyrproject/deps/zephyr/drivers/serial/uart_stm32.c:2291:12:uart_stm32_registers_configure	24	static
C:/zephyr/zephyrproject/deps/zephyr/drivers/serial/uart_stm32.c:2419:12:uart_stm32_init	16	static
C:/zephyr/zephyrproject/deps/zephyr/drivers/serial/uart_stm32.c:2755:1:uart_stm32_irq_config_func_0	8	static
C:/zephyr/zephyrproject/deps/zephyr/drivers/serial/uart_stm32.c:2755:1:uart_stm32_irq_config_func_1	8	static
