Archive member included to satisfy reference by file (symbol)

app/libapp.a(main.c.obj)      (--whole-archive)
zephyr/libzephyr.a(validate_libc.c.obj)
                              (--whole-archive)
zephyr/libzephyr.a(heap.c.obj)
                              (--whole-archive)
zephyr/libzephyr.a(cbprintf_packaged.c.obj)
                              (--whole-archive)
zephyr/libzephyr.a(clock.c.obj)
                              (--whole-archive)
zephyr/libzephyr.a(printk.c.obj)
                              (--whole-archive)
zephyr/libzephyr.a(sem.c.obj)
                              (--whole-archive)
zephyr/libzephyr.a(thread_entry.c.obj)
                              (--whole-archive)
zephyr/libzephyr.a(cbprintf_complete.c.obj)
                              (--whole-archive)
zephyr/libzephyr.a(assert.c.obj)
                              (--whole-archive)
zephyr/libzephyr.a(dec.c.obj)
                              (--whole-archive)
zephyr/libzephyr.a(hex.c.obj)
                              (--whole-archive)
zephyr/libzephyr.a(rb.c.obj)  (--whole-archive)
zephyr/libzephyr.a(set.c.obj)
                              (--whole-archive)
zephyr/libzephyr.a(timeutil.c.obj)
                              (--whole-archive)
zephyr/libzephyr.a(bitarray.c.obj)
                              (--whole-archive)
zephyr/libzephyr.a(bitmask.c.obj)
                              (--whole-archive)
zephyr/libzephyr.a(getopt.c.obj)
                              (--whole-archive)
zephyr/libzephyr.a(getopt_common.c.obj)
                              (--whole-archive)
zephyr/libzephyr.a(ring_buffer.c.obj)
                              (--whole-archive)
zephyr/libzephyr.a(last_section_id.c.obj)
                              (--whole-archive)
zephyr/libzephyr.a(configs.c.obj)
                              (--whole-archive)
zephyr/libzephyr.a(stm32cube_hal.c.obj)
                              (--whole-archive)
zephyr/libzephyr.a(soc_config.c.obj)
                              (--whole-archive)
zephyr/libzephyr.a(gpioport_mgr.c.obj)
                              (--whole-archive)
zephyr/libzephyr.a(stm32_backup_domain.c.obj)
                              (--whole-archive)
zephyr/libzephyr.a(soc.c.obj)
                              (--whole-archive)
zephyr/libzephyr.a(thread_info.c.obj)
                              (--whole-archive)
zephyr/libzephyr.a(mem_attr.c.obj)
                              (--whole-archive)
zephyr/libzephyr.a(tracing_none.c.obj)
                              (--whole-archive)
zephyr/arch/common/libarch__common.a(sw_isr_common.c.obj)
                              (--whole-archive)
zephyr/arch/common/libarch__common.a(init.c.obj)
                              (--whole-archive)
zephyr/arch/common/libarch__common.a(xip.c.obj)
                              (--whole-archive)
zephyr/arch/arch/arm/core/libarch__arm__core.a(fatal.c.obj)
                              (--whole-archive)
zephyr/arch/arch/arm/core/libarch__arm__core.a(nmi.c.obj)
                              (--whole-archive)
zephyr/arch/arch/arm/core/libarch__arm__core.a(nmi_on_reset.S.obj)
                              (--whole-archive)
zephyr/arch/arch/arm/core/libarch__arm__core.a(tls.c.obj)
                              (--whole-archive)
zephyr/arch/arch/arm/core/cortex_m/libarch__arm__core__cortex_m.a(fault.c.obj)
                              (--whole-archive)
zephyr/arch/arch/arm/core/cortex_m/libarch__arm__core__cortex_m.a(fault_s.S.obj)
                              (--whole-archive)
zephyr/arch/arch/arm/core/cortex_m/libarch__arm__core__cortex_m.a(fpu.c.obj)
                              (--whole-archive)
zephyr/arch/arch/arm/core/cortex_m/libarch__arm__core__cortex_m.a(reset.S.obj)
                              (--whole-archive)
zephyr/arch/arch/arm/core/cortex_m/libarch__arm__core__cortex_m.a(scb.c.obj)
                              (--whole-archive)
zephyr/arch/arch/arm/core/cortex_m/libarch__arm__core__cortex_m.a(vector_table.S.obj)
                              (--whole-archive)
zephyr/arch/arch/arm/core/cortex_m/libarch__arm__core__cortex_m.a(svc.S.obj)
                              (--whole-archive)
zephyr/arch/arch/arm/core/cortex_m/libarch__arm__core__cortex_m.a(irq_manage.c.obj)
                              (--whole-archive)
zephyr/arch/arch/arm/core/cortex_m/libarch__arm__core__cortex_m.a(prep_c.c.obj)
                              (--whole-archive)
zephyr/arch/arch/arm/core/cortex_m/libarch__arm__core__cortex_m.a(thread.c.obj)
                              (--whole-archive)
zephyr/arch/arch/arm/core/cortex_m/libarch__arm__core__cortex_m.a(cpu_idle.c.obj)
                              (--whole-archive)
zephyr/arch/arch/arm/core/cortex_m/libarch__arm__core__cortex_m.a(exc_exit.c.obj)
                              (--whole-archive)
zephyr/arch/arch/arm/core/cortex_m/libarch__arm__core__cortex_m.a(thread_abort.c.obj)
                              (--whole-archive)
[...]
Memory Configuration

Name             Origin             Length             Attributes
FLASH            0x08000000         0x00080000         xr
RAM              0x20000000         0x00018000         xw
SRAM0            0x20000000         0x00018000         rw
IDT_LIST         0xffff7fff         0x00008000         xw
*default*        0x00000000         0xffffffff

Linker script and memory map

                0x080030f4                        vfprintf = __l_vfprintf
                0x00000000                        vfscanf = __l_vfscanf
LOAD zephyr/CMakeFiles/zephyr_final.dir/misc/empty_file.c.obj
LOAD zephyr/CMakeFiles/zephyr_final.dir/isr_tables.c.obj
LOAD zephyr/CMakeFiles/offsets.dir/./arch/arm/core/offsets/offsets.c.obj
LOAD app/libapp.a
LOAD zephyr/libzephyr.a
LOAD zephyr/arch/common/libarch__common.a
LOAD zephyr/arch/arch/arm/core/libarch__arm__core.a
LOAD zephyr/arch/arch/arm/core/cortex_m/libarch__arm__core__cortex_m.a
LOAD zephyr/arch/arch/arm/core/mpu/libarch__arm__core__mpu.a
LOAD zephyr/lib/libc/picolibc/liblib__libc__picolibc.a
LOAD zephyr/lib/libc/common/liblib__libc__common.a
LOAD zephyr/lib/posix/c_lib_ext/liblib__posix__c_lib_ext.a
LOAD zephyr/drivers/interrupt_controller/libdrivers__interrupt_controller.a
LOAD zephyr/drivers/clock_control/libdrivers__clock_control.a
LOAD zephyr/drivers/console/libdrivers__console.a
LOAD zephyr/drivers/gpio/libdrivers__gpio.a
LOAD zephyr/drivers/pinctrl/libdrivers__pinctrl.a
LOAD zephyr/drivers/reset/libdrivers__reset.a
LOAD zephyr/drivers/serial/libdrivers__serial.a
LOAD zephyr/drivers/timer/libdrivers__timer.a
LOAD modules/hal_stm32/stm32cube/lib..__modules__hal__stm32__stm32cube.a
LOAD zephyr/kernel/libkernel.a
LOAD zephyr/arch/common/libisr_tables.a
LOAD C:/Users/razie/zephyr-sdk-1.0.1/gnu/arm-zephyr-eabi/bin/../lib/gcc/arm-zephyr-eabi/14.3.0/../../../../arm-zephyr-eabi/lib/thumb/v7e-m/nofp\libc.a
LOAD C:/Users/razie/zephyr-sdk-1.0.1/gnu/arm-zephyr-eabi/bin/../lib/gcc/arm-zephyr-eabi/14.3.0/thumb/v7e-m/nofp\libgcc.a
                0x00000020                        _region_min_align = 0x20

.rel.plt        0x08000000        0x0
 *(SORT_BY_ALIGNMENT(.rel.plt))
                [!provide]                        PROVIDE (__rel_iplt_start = .)
 *(SORT_BY_ALIGNMENT(.rel.iplt))
 .rel.iplt      0x08000000        0x0 zephyr/CMakeFiles/zephyr_final.dir/isr_tables.c.obj
                [!provide]                        PROVIDE (__rel_iplt_end = .)

.rela.plt       0x00000000        0x0
 *(SORT_BY_ALIGNMENT(.rela.plt))
                [!provide]                        PROVIDE (__rela_iplt_start = .)
 *(SORT_BY_ALIGNMENT(.rela.iplt))
                [!provide]                        PROVIDE (__rela_iplt_end = .)

.rel.dyn
 *(SORT_BY_ALIGNMENT(.rel.*))

.rela.dyn
 *(SORT_BY_ALIGNMENT(.rela.*))

/DISCARD/
 *(SORT_BY_ALIGNMENT(.plt))

/DISCARD/
 *(SORT_BY_ALIGNMENT(.iplt))
                0x08000000                        __rom_region_start = 0x8000000

rom_start       0x08000000      0x168
                0x08000000                        __rom_start_address = .
 FILL mask 0x00
                0x08000000                        . = (. + (0x0 - (. - __rom_start_address)))
                0x08000000                        . = ALIGN (0x4)
                0x08000000                        . = ALIGN (0x80)
                0x08000000                        . = ALIGN (0x200)
                0x08000000                        _vector_start = .
 *(SORT_BY_ALIGNMENT(.exc_vector_table))
 *(SORT_BY_ALIGNMENT(.exc_vector_table.*))
 .exc_vector_table._vector_table_section
                0x08000000       0x40 zephyr/arch/arch/arm/core/cortex_m/libarch__arm__core__cortex_m.a(vector_table.S.obj)
                0x08000000                _vector_table
 *(SORT_BY_ALIGNMENT(.vectors))
                0x08000168                        _vector_end = .
                0x08000040                        . = ALIGN (0x4)
 *(SORT_BY_ALIGNMENT(.gnu.linkonce.irq_vector_table*))
 .gnu.linkonce.irq_vector_table
                0x08000040      0x128 zephyr/CMakeFiles/zephyr_final.dir/isr_tables.c.obj
                0x08000040                _irq_vector_table
                0x08000168                        _vector_end = .

text            0x08000168     0x4d1c
                0x08000168                        __text_region_start = .
 *(SORT_BY_ALIGNMENT(.text))
 .text          0x08000168      0x134 C:/Users/razie/zephyr-sdk-1.0.1/gnu/arm-zephyr-eabi/bin/../lib/gcc/arm-zephyr-eabi/14.3.0/../../../../arm-zephyr-eabi/lib/thumb/v7e-m/nofp\libc.a(memcpy.S.o)
                0x08000168                __aeabi_memcpy
                0x08000168                __aeabi_memcpy4
                0x08000168                __aeabi_memcpy8
                0x08000168                memcpy
 .text          0x0800029c       0x30 C:/Users/razie/zephyr-sdk-1.0.1/gnu/arm-zephyr-eabi/bin/../lib/gcc/arm-zephyr-eabi/14.3.0/thumb/v7e-m/nofp\libgcc.a(_aeabi_uldivmod.o)
                0x0800029c                __aeabi_uldivmod
 .text          0x080002cc        0x4 C:/Users/razie/zephyr-sdk-1.0.1/gnu/arm-zephyr-eabi/bin/../lib/gcc/arm-zephyr-eabi/14.3.0/thumb/v7e-m/nofp\libgcc.a(_dvmd_tls.o)
                0x080002cc                __aeabi_idiv0
                0x080002cc                __aeabi_ldiv0
 .text          0x080002d0      0x2bc C:/Users/razie/zephyr-sdk-1.0.1/gnu/arm-zephyr-eabi/bin/../lib/gcc/arm-zephyr-eabi/14.3.0/thumb/v7e-m/nofp\libgcc.a(_udivmoddi4.o)
                0x080002d0                __udivmoddi4
 *(SORT_BY_ALIGNMENT(.text.*))
 .text.z_impl_gpio_pin_interrupt_configure
                0x0800058c       0x34 app/libapp.a(main.c.obj)
 .text.button_pressed
                0x080005c0       0x14 app/libapp.a(main.c.obj)
                0x080005c0                button_pressed
 .text.main     0x080005d4      0x130 app/libapp.a(main.c.obj)
                0x080005d4                main
 .text.char_out
                0x08000704       0x10 zephyr/libzephyr.a(printk.c.obj)
 .text.__printk_hook_install
                0x08000714        0xc zephyr/libzephyr.a(printk.c.obj)
                0x08000714                __printk_hook_install
 .text.vprintk  0x08000720       0x30 zephyr/libzephyr.a(printk.c.obj)
                0x08000720                vprintk
 .text.z_thread_entry
                0x08000750       0x34 zephyr/libzephyr.a(thread_entry.c.obj)
                0x08000750                z_thread_entry
 .text.st_stm32_common_config
                0x08000784       0x14 zephyr/libzephyr.a(soc_config.c.obj)
 .text.stm32_gpioport_pm_action
                0x08000798       0x54 zephyr/libzephyr.a(gpioport_mgr.c.obj)
 .text.stm32_gpioport_init
                0x080007ec       0x10 zephyr/libzephyr.a(gpioport_mgr.c.obj)
 .text.stm32_gpioport_get
                0x080007fc       0x24 zephyr/libzephyr.a(gpioport_mgr.c.obj)
                0x080007fc                stm32_gpioport_get
 .text.soc_early_init_hook
                0x08000820       0x30 zephyr/libzephyr.a(soc.c.obj)
                0x08000820                soc_early_init_hook
 .text.mem_attr_get_regions
                0x08000850        0xc zephyr/libzephyr.a(mem_attr.c.obj)
                0x08000850                mem_attr_get_regions
 .text.arch_bss_zero
                0x0800085c       0x18 zephyr/arch/common/libarch__common.a(init.c.obj)
                0x0800085c                arch_bss_zero
 .text.arch_data_copy
                0x08000874       0x34 zephyr/arch/common/libarch__common.a(xip.c.obj)
                0x08000874                arch_data_copy
 .text.esf_dump
                0x080008a8       0x40 zephyr/arch/arch/arm/core/libarch__arm__core.a(fatal.c.obj)
 .text.z_arm_fatal_error
                0x080008e8       0x30 zephyr/arch/arch/arm/core/libarch__arm__core.a(fatal.c.obj)
                0x080008e8                z_arm_fatal_error
 .text.z_SysNmiOnReset
                0x08000918        0x8 zephyr/arch/arch/arm/core/libarch__arm__core.a(nmi_on_reset.S.obj)
                0x08000918                z_SysNmiOnReset
 .text.z_tls_copy
                0x08000920       0x28 zephyr/arch/arch/arm/core/libarch__arm__core.a(tls.c.obj)
 .text.arch_tls_stack_setup
                0x08000948       0x28 zephyr/arch/arch/arm/core/libarch__arm__core.a(tls.c.obj)
                0x08000948                arch_tls_stack_setup
 .text.z_arm_is_synchronous_svc
                0x08000970       0x48 zephyr/arch/arch/arm/core/cortex_m/libarch__arm__core__cortex_m.a(fault.c.obj)
 .text.get_esf  0x080009b8       0x40 zephyr/arch/arch/arm/core/cortex_m/libarch__arm__core__cortex_m.a(fault.c.obj)
 .text.bus_fault
                0x080009f8       0xec zephyr/arch/arch/arm/core/cortex_m/libarch__arm__core__cortex_m.a(fault.c.obj)
 .text.usage_fault
                0x08000ae4       0xb4 zephyr/arch/arch/arm/core/cortex_m/libarch__arm__core__cortex_m.a(fault.c.obj)
 .text.debug_monitor
                0x08000b98       0x14 zephyr/arch/arch/arm/core/cortex_m/libarch__arm__core__cortex_m.a(fault.c.obj)
 .text.reserved_exception
                0x08000bac       0x24 zephyr/arch/arch/arm/core/cortex_m/libarch__arm__core__cortex_m.a(fault.c.obj)
 .text.mem_manage_fault
                0x08000bd0      0x128 zephyr/arch/arch/arm/core/cortex_m/libarch__arm__core__cortex_m.a(fault.c.obj)
 .text.hard_fault
                0x08000cf8       0xb8 zephyr/arch/arch/arm/core/cortex_m/libarch__arm__core__cortex_m.a(fault.c.obj)
 .text.z_arm_fault
                0x08000db0       0x84 zephyr/arch/arch/arm/core/cortex_m/libarch__arm__core__cortex_m.a(fault.c.obj)
                0x08000db0                z_arm_fault
 .text.z_arm_fault_init
                0x08000e34       0x18 zephyr/arch/arch/arm/core/cortex_m/libarch__arm__core__cortex_m.a(fault.c.obj)
                0x08000e34                z_arm_fault_init
 .text.__fault  0x08000e4c       0x14 zephyr/arch/arch/arm/core/cortex_m/libarch__arm__core__cortex_m.a(fault_s.S.obj)
                0x08000e4c                z_arm_usage_fault
                0x08000e4c                z_arm_mpu_fault
                0x08000e4c                z_arm_exc_spurious
                0x08000e4c                z_arm_debug_monitor
                0x08000e4c                z_arm_hard_fault
                0x08000e4c                z_arm_bus_fault
 .text._reset_section
                0x08000e60       0x40 zephyr/arch/arch/arm/core/cortex_m/libarch__arm__core__cortex_m.a(reset.S.obj)
                0x08000e60                __start
                0x08000e60                z_arm_reset
 .text.z_arm_svc
                0x08000ea0       0x24 zephyr/arch/arch/arm/core/cortex_m/libarch__arm__core__cortex_m.a(svc.S.obj)
                0x08000ea0                z_arm_svc
 .text.__NVIC_EnableIRQ
                0x08000ec4       0x1c zephyr/arch/arch/arm/core/cortex_m/libarch__arm__core__cortex_m.a(irq_manage.c.obj)
 .text.__NVIC_SetPriority
                0x08000ee0       0x28 zephyr/arch/arch/arm/core/cortex_m/libarch__arm__core__cortex_m.a(irq_manage.c.obj)
 .text.relocate_vector_table
                0x08000f08       0x1c zephyr/arch/arch/arm/core/cortex_m/libarch__arm__core__cortex_m.a(prep_c.c.obj)
                0x08000f08                relocate_vector_table
 .text.z_prep_c
                0x08000f24       0x38 zephyr/arch/arch/arm/core/cortex_m/libarch__arm__core__cortex_m.a(prep_c.c.obj)
                0x08000f24                z_prep_c
 .text.min_stack
                0x08000f5c       0x48 zephyr/arch/arch/arm/core/cortex_m/libarch__arm__core__cortex_m.a(thread.c.obj)
 .text.arch_new_thread
                0x08000fa4       0x44 zephyr/arch/arch/arm/core/cortex_m/libarch__arm__core__cortex_m.a(thread.c.obj)
                0x08000fa4                arch_new_thread
 .text.arch_switch_to_main_thread
                0x08000fe8       0x40 zephyr/arch/arch/arm/core/cortex_m/libarch__arm__core__cortex_m.a(thread.c.obj)
                0x08000fe8                arch_switch_to_main_thread
 .text.z_arm_cpu_idle_init
                0x08001028        0xc zephyr/arch/arch/arm/core/cortex_m/libarch__arm__core__cortex_m.a(cpu_idle.c.obj)
                0x08001028                z_arm_cpu_idle_init
 .text._HandlerModeExit
                0x08001034       0x20 zephyr/arch/arch/arm/core/cortex_m/libarch__arm__core__cortex_m.a(exc_exit.c.obj)
                0x08001034                z_arm_int_exit
                0x08001034                z_arm_exc_exit
 .text.z_impl_k_thread_abort
                0x08001054       0x34 zephyr/arch/arch/arm/core/cortex_m/libarch__arm__core__cortex_m.a(thread_abort.c.obj)
                0x08001054                z_impl_k_thread_abort
 .text.z_arm_pendsv
                0x08001088       0x64 zephyr/arch/arch/arm/core/cortex_m/libarch__arm__core__cortex_m.a(swap_helper.S.obj)
                0x08001088                z_arm_pendsv
 .text.z_arm_interrupt_init
                0x080010ec       0x34 zephyr/arch/arch/arm/core/cortex_m/libarch__arm__core__cortex_m.a(irq_init.c.obj)
                0x080010ec                z_arm_interrupt_init
 .text._isr_wrapper
                0x08001120       0x20 zephyr/arch/arch/arm/core/cortex_m/libarch__arm__core__cortex_m.a(isr_wrapper.c.obj)
                0x08001120                _isr_wrapper
 .text.__aeabi_read_tp
                0x08001140        0xc zephyr/arch/arch/arm/core/cortex_m/libarch__arm__core__cortex_m.a(__aeabi_read_tp.S.obj)
                0x08001140                __aeabi_read_tp
 .text.z_arm_configure_static_mpu_regions
                0x0800114c       0x1c zephyr/arch/arch/arm/core/mpu/libarch__arm__core__mpu.a(arm_core_mpu.c.obj)
                0x0800114c                z_arm_configure_static_mpu_regions
 .text.z_arm_configure_dynamic_mpu_regions
                0x08001168       0x24 zephyr/arch/arch/arm/core/mpu/libarch__arm__core__mpu.a(arm_core_mpu.c.obj)
                0x08001168                z_arm_configure_dynamic_mpu_regions
 .text.region_init
                0x0800118c       0x28 zephyr/arch/arch/arm/core/mpu/libarch__arm__core__mpu.a(arm_mpu.c.obj)
 .text.region_allocate_and_init
                0x080011b4       0x28 zephyr/arch/arch/arm/core/mpu/libarch__arm__core__mpu.a(arm_mpu.c.obj)
 .text.mpu_configure_static_mpu_regions
                0x080011dc       0x14 zephyr/arch/arch/arm/core/mpu/libarch__arm__core__mpu.a(arm_mpu.c.obj)
 .text.mpu_configure_dynamic_mpu_regions
                0x080011f0       0x3c zephyr/arch/arch/arm/core/mpu/libarch__arm__core__mpu.a(arm_mpu.c.obj)
 .text.arm_core_mpu_enable
                0x0800122c       0x18 zephyr/arch/arch/arm/core/mpu/libarch__arm__core__mpu.a(arm_mpu.c.obj)
                0x0800122c                arm_core_mpu_enable
 .text.arm_core_mpu_disable
                0x08001244       0x14 zephyr/arch/arch/arm/core/mpu/libarch__arm__core__mpu.a(arm_mpu.c.obj)
                0x08001244                arm_core_mpu_disable
 .text.z_arm_mpu_init
                0x08001258       0x80 zephyr/arch/arch/arm/core/mpu/libarch__arm__core__mpu.a(arm_mpu.c.obj)
                0x08001258                z_arm_mpu_init
 .text.z_impl_zephyr_fputc
                0x080012d8       0x10 zephyr/lib/libc/picolibc/liblib__libc__picolibc.a(stdio.c.obj)
                0x080012d8                z_impl_zephyr_fputc
 .text.__stdout_hook_install
                0x080012e8       0x18 zephyr/lib/libc/picolibc/liblib__libc__picolibc.a(stdio.c.obj)
                0x080012e8                __stdout_hook_install
 .text.malloc_prepare
                0x08001300       0x24 zephyr/lib/libc/common/liblib__libc__common.a(malloc.c.obj)
 .text.stm32_exti_enable_clocks
                0x08001324       0x34 zephyr/drivers/interrupt_controller/libdrivers__interrupt_controller.a(intc_exti_stm32.c.obj)
 .text.stm32_exti_is_pending
                0x08001358       0x24 zephyr/drivers/interrupt_controller/libdrivers__interrupt_controller.a(intc_exti_stm32.c.obj)
                0x08001358                stm32_exti_is_pending
 .text.stm32_exti_clear_pending
                0x0800137c       0x20 zephyr/drivers/interrupt_controller/libdrivers__interrupt_controller.a(intc_exti_stm32.c.obj)
                0x0800137c                stm32_exti_clear_pending
 .text.stm32_fill_irq_table
                0x0800139c       0x24 zephyr/drivers/interrupt_controller/libdrivers__interrupt_controller.a(intc_gpio_stm32.c.obj)
 .text.stm32_intc_gpio_isr
                0x080013c0       0x48 zephyr/drivers/interrupt_controller/libdrivers__interrupt_controller.a(intc_gpio_stm32.c.obj)
 .text.LL_SYSCFG_SetEXTISource
                0x08001408       0x38 zephyr/drivers/interrupt_controller/libdrivers__interrupt_controller.a(intc_gpio_stm32.c.obj)
 .text.LL_SYSCFG_GetEXTISource
                0x08001440       0x28 zephyr/drivers/interrupt_controller/libdrivers__interrupt_controller.a(intc_gpio_stm32.c.obj)
 .text.stm32_gpio_intc_enable_line
                0x08001468       0x30 zephyr/drivers/interrupt_controller/libdrivers__interrupt_controller.a(intc_gpio_stm32.c.obj)
                0x08001468                stm32_gpio_intc_enable_line
 .text.stm32_gpio_intc_disable_line
                0x08001498       0x10 zephyr/drivers/interrupt_controller/libdrivers__interrupt_controller.a(intc_gpio_stm32.c.obj)
                0x08001498                stm32_gpio_intc_disable_line
 .text.stm32_gpio_intc_select_line_trigger
                0x080014a8       0x58 zephyr/drivers/interrupt_controller/libdrivers__interrupt_controller.a(intc_gpio_stm32.c.obj)
                0x080014a8                stm32_gpio_intc_select_line_trigger
 .text.stm32_gpio_intc_set_irq_callback
                0x08001500       0x4c zephyr/drivers/interrupt_controller/libdrivers__interrupt_controller.a(intc_gpio_stm32.c.obj)
                0x08001500                stm32_gpio_intc_set_irq_callback
 .text.stm32_gpio_intc_remove_irq_callback
                0x0800154c       0x24 zephyr/drivers/interrupt_controller/libdrivers__interrupt_controller.a(intc_gpio_stm32.c.obj)
                0x0800154c                stm32_gpio_intc_remove_irq_callback
 .text.stm32_clock_switch_to_hsi
                0x08001570       0x38 zephyr/drivers/clock_control/libdrivers__clock_control.a(clock_stm32_ll_common.c.obj)
 .text.set_up_fixed_clock_sources
                0x080015a8       0x38 zephyr/drivers/clock_control/libdrivers__clock_control.a(clock_stm32_ll_common.c.obj)
 .text.stm32_clock_control_get_subsys_rate
                0x080015e0      0x118 zephyr/drivers/clock_control/libdrivers__clock_control.a(clock_stm32_ll_common.c.obj)
 .text.set_up_plls
                0x080016f8       0x78 zephyr/drivers/clock_control/libdrivers__clock_control.a(clock_stm32_ll_common.c.obj)
 .text.enabled_clock
                0x08001770       0x24 zephyr/drivers/clock_control/libdrivers__clock_control.a(clock_stm32_ll_common.c.obj)
                0x08001770                enabled_clock
 .text.stm32_clock_control_init
                0x08001794       0xa4 zephyr/drivers/clock_control/libdrivers__clock_control.a(clock_stm32_ll_common.c.obj)
                0x08001794                stm32_clock_control_init
 .text.get_pllsrc_frequency
                0x08001838        0x8 zephyr/drivers/clock_control/libdrivers__clock_control.a(clock_stm32f2_f4_f7.c.obj)
                0x08001838                get_pllsrc_frequency
 .text.config_pll_sysclock
                0x08001840       0x48 zephyr/drivers/clock_control/libdrivers__clock_control.a(clock_stm32f2_f4_f7.c.obj)
                0x08001840                config_pll_sysclock
 .text.config_enable_default_clocks
                0x08001888       0x20 zephyr/drivers/clock_control/libdrivers__clock_control.a(clock_stm32f2_f4_f7.c.obj)
                0x08001888                config_enable_default_clocks
 .text.console_out
                0x080018a8       0x28 zephyr/drivers/console/libdrivers__console.a(uart_console.c.obj)
 .text.uart_console_hook_install
                0x080018d0       0x18 zephyr/drivers/console/libdrivers__console.a(uart_console.c.obj)
 .text.uart_console_init
                0x080018e8       0x1c zephyr/drivers/console/libdrivers__console.a(uart_console.c.obj)
 .text.gpio_stm32_pin_interrupt_configure
                0x08001904       0x94 zephyr/drivers/gpio/libdrivers__gpio.a(gpio_stm32.c.obj)
 .text.LL_USART_SetBaudRate
                0x08001998       0xcc zephyr/drivers/serial/libdrivers__serial.a(uart_stm32.c.obj)
 .text.uart_stm32_set_baudrate
                0x08001a64       0xa4 zephyr/drivers/serial/libdrivers__serial.a(uart_stm32.c.obj)
 .text.uart_stm32_configure
                0x08001b08      0x130 zephyr/drivers/serial/libdrivers__serial.a(uart_stm32.c.obj)
 .text.uart_stm32_poll_in
                0x08001c38       0x10 zephyr/drivers/serial/libdrivers__serial.a(uart_stm32.c.obj)
 .text.uart_stm32_poll_out
                0x08001c48       0x10 zephyr/drivers/serial/libdrivers__serial.a(uart_stm32.c.obj)
 .text.elapsed  0x08001c58       0x48 zephyr/drivers/timer/libdrivers__timer.a(cortex_m_systick.c.obj)
 .text.sys_clock_driver_init
                0x08001ca0       0x34 zephyr/drivers/timer/libdrivers__timer.a(cortex_m_systick.c.obj)
 .text.sys_clock_isr
                0x08001cd4       0x68 zephyr/drivers/timer/libdrivers__timer.a(cortex_m_systick.c.obj)
                0x08001cd4                sys_clock_isr
 .text.sys_clock_set_timeout
                0x08001d3c      0x124 zephyr/drivers/timer/libdrivers__timer.a(cortex_m_systick.c.obj)
                0x08001d3c                sys_clock_set_timeout
 .text.sys_clock_elapsed
                0x08001e60       0x40 zephyr/drivers/timer/libdrivers__timer.a(cortex_m_systick.c.obj)
                0x08001e60                sys_clock_elapsed
 .text.sys_clock_cycle_get_32
                0x08001ea0       0x28 zephyr/drivers/timer/libdrivers__timer.a(cortex_m_systick.c.obj)
                0x08001ea0                sys_clock_cycle_get_32
 .text.HAL_RCC_GetSysClockFreq
                0x08001ec8       0xdc modules/hal_stm32/stm32cube/lib..__modules__hal__stm32__stm32cube.a(stm32f4xx_hal_rcc.c.obj)
                0x08001ec8                HAL_RCC_GetSysClockFreq
 .text.LL_SetFlashLatency
                0x08001fa4       0x98 modules/hal_stm32/stm32cube/lib..__modules__hal__stm32__stm32cube.a(stm32f4xx_ll_utils.c.obj)
                0x08001fa4                LL_SetFlashLatency
 .text.z_fatal_error
                0x0800203c       0x2c zephyr/kernel/libkernel.a(fatal.c.obj)
                0x0800203c                z_fatal_error
 .text.init_idle_thread
                0x08002068       0x60 zephyr/kernel/libkernel.a(init.c.obj)
 .text.z_sys_init_run_level
                0x080020c8       0x38 zephyr/kernel/libkernel.a(init.c.obj)
 .text.thread_schedule_new
                0x08002100       0x1c zephyr/kernel/libkernel.a(init.c.obj)
 .text.z_init_static_threads
                0x0800211c       0x70 zephyr/kernel/libkernel.a(init.c.obj)
 .text.bg_thread_main
                0x0800218c       0x34 zephyr/kernel/libkernel.a(init.c.obj)
 .text.switch_to_main_thread
                0x080021c0       0x14 zephyr/kernel/libkernel.a(init.c.obj)
 .text.z_init_cpu
                0x080021d4       0x44 zephyr/kernel/libkernel.a(init.c.obj)
                0x080021d4                z_init_cpu
 .text.prepare_multithreading
                0x08002218       0x60 zephyr/kernel/libkernel.a(init.c.obj)
 .text.z_cstart
                0x08002278       0x78 zephyr/kernel/libkernel.a(init.c.obj)
                0x08002278                z_cstart
 .text.z_setup_new_thread
                0x080022f0       0xc4 zephyr/kernel/libkernel.a(thread.c.obj)
                0x080022f0                z_setup_new_thread
 .text.z_dummy_thread_init
                0x080023b4       0x20 zephyr/kernel/libkernel.a(thread.c.obj)
                0x080023b4                z_dummy_thread_init
 .text.z_swap_irqlock
                0x080023d4       0x34 zephyr/kernel/libkernel.a(sched.c.obj)
 .text.reschedule
                0x08002408       0x34 zephyr/kernel/libkernel.a(sched.c.obj)
 .text.ready_thread
                0x0800243c       0xb0 zephyr/kernel/libkernel.a(sched.c.obj)
 .text.unready_thread
                0x080024ec       0x68 zephyr/kernel/libkernel.a(sched.c.obj)
 .text.thread_halt_spin
                0x08002554      0x11c zephyr/kernel/libkernel.a(sched.c.obj)
 .text.move_current_to_end_of_prio_q
                0x08002670       0x88 zephyr/kernel/libkernel.a(sched.c.obj)
                0x08002670                move_current_to_end_of_prio_q
 .text.k_sched_lock
                0x080026f8       0x30 zephyr/kernel/libkernel.a(sched.c.obj)
                0x080026f8                k_sched_lock
 .text.k_sched_unlock
                0x08002728       0x64 zephyr/kernel/libkernel.a(sched.c.obj)
                0x08002728                k_sched_unlock
 .text.z_sched_init
                0x0800278c       0x10 zephyr/kernel/libkernel.a(sched.c.obj)
                0x0800278c                z_sched_init
 .text.z_impl_k_yield
                0x0800279c       0x9c zephyr/kernel/libkernel.a(sched.c.obj)
                0x0800279c                z_impl_k_yield
 .text.z_tick_sleep
                0x08002838       0x7c zephyr/kernel/libkernel.a(sched.c.obj)
 .text.z_impl_k_sleep
                0x080028b4       0x78 zephyr/kernel/libkernel.a(sched.c.obj)
                0x080028b4                z_impl_k_sleep
 .text.z_impl_k_wakeup
                0x0800292c       0x48 zephyr/kernel/libkernel.a(sched.c.obj)
                0x0800292c                z_impl_k_wakeup
 .text.z_impl_k_sched_current_thread_query
                0x08002974        0xc zephyr/kernel/libkernel.a(sched.c.obj)
                0x08002974                z_impl_k_sched_current_thread_query
 .text.z_thread_abort
                0x08002980      0x16c zephyr/kernel/libkernel.a(sched.c.obj)
                0x08002980                z_thread_abort
 .text.z_time_slice_size
                0x08002aec       0x44 zephyr/kernel/libkernel.a(timeslicing.c.obj)
 .text.slice_timeout
                0x08002b30       0x20 zephyr/kernel/libkernel.a(timeslicing.c.obj)
 .text.z_reset_time_slice
                0x08002b50       0x44 zephyr/kernel/libkernel.a(timeslicing.c.obj)
                0x08002b50                z_reset_time_slice
 .text.z_time_slice
                0x08002b94       0x70 zephyr/kernel/libkernel.a(timeslicing.c.obj)
                0x08002b94                z_time_slice
 .text.z_thread_monitor_exit
                0x08002c04       0x3c zephyr/kernel/libkernel.a(thread_monitor.c.obj)
                0x08002c04                z_thread_monitor_exit
 .text.first    0x08002c40       0x14 zephyr/kernel/libkernel.a(timeout.c.obj)
 .text.next     0x08002c54       0x18 zephyr/kernel/libkernel.a(timeout.c.obj)
 .text.elapsed  0x08002c6c       0x18 zephyr/kernel/libkernel.a(timeout.c.obj)
 .text.z_add_timeout
                0x08002c84      0x134 zephyr/kernel/libkernel.a(timeout.c.obj)
                0x08002c84                z_add_timeout
 .text.sys_clock_announce_locked
                0x08002db8       0xc4 zephyr/kernel/libkernel.a(timeout.c.obj)
                0x08002db8                sys_clock_announce_locked
 .text.sys_clock_tick_get
                0x08002e7c       0x40 zephyr/kernel/libkernel.a(timeout.c.obj)
                0x08002e7c                sys_clock_tick_get
 .text.boot_banner
                0x08002ebc       0x10 zephyr/kernel/libkernel.a(banner.c.obj)
                0x08002ebc                boot_banner
 .text.memset   0x08002ecc       0xb0 C:/Users/razie/zephyr-sdk-1.0.1/gnu/arm-zephyr-eabi/bin/../lib/gcc/arm-zephyr-eabi/14.3.0/../../../../arm-zephyr-eabi/lib/thumb/v7e-m/nofp\libc.a(memset.c.o)
                0x08002ecc                memset
 .text.strncpy  0x08002f7c       0x58 C:/Users/razie/zephyr-sdk-1.0.1/gnu/arm-zephyr-eabi/bin/../lib/gcc/arm-zephyr-eabi/14.3.0/../../../../arm-zephyr-eabi/lib/thumb/v7e-m/nofp\libc.a(libc_string_strncpy.c.o)
                0x08002f7c                strncpy
 .text.strnlen  0x08002fd4       0x24 C:/Users/razie/zephyr-sdk-1.0.1/gnu/arm-zephyr-eabi/bin/../lib/gcc/arm-zephyr-eabi/14.3.0/../../../../arm-zephyr-eabi/lib/thumb/v7e-m/nofp\libc.a(libc_string_strnlen.c.o)
                0x08002fd4                strnlen
 .text.__ultoa_invert
                0x08002ff8       0xfc C:/Users/razie/zephyr-sdk-1.0.1/gnu/arm-zephyr-eabi/bin/../lib/gcc/arm-zephyr-eabi/14.3.0/../../../../arm-zephyr-eabi/lib/thumb/v7e-m/nofp\libc.a(libc_tinystdio_vflprintf.c.o)
 .text.__l_vfprintf
                0x080030f4      0x9b4 C:/Users/razie/zephyr-sdk-1.0.1/gnu/arm-zephyr-eabi/bin/../lib/gcc/arm-zephyr-eabi/14.3.0/../../../../arm-zephyr-eabi/lib/thumb/v7e-m/nofp\libc.a(libc_tinystdio_vflprintf.c.o)
                0x080030f4                __l_vfprintf
 .text._OffsetAbsSyms
                0x08003aa8        0x2 zephyr/CMakeFiles/offsets.dir/./arch/arm/core/offsets/offsets.c.obj
                0x08003aa8                _OffsetAbsSyms
 .text.z_impl_gpio_pin_configure
                0x08003aaa       0x50 app/libapp.a(main.c.obj)
 .text.gpio_pin_configure_dt
                0x08003afa       0x16 app/libapp.a(main.c.obj)
 .text.gpio_port_get
                0x08003b10       0x18 app/libapp.a(main.c.obj)
 .text.gpio_pin_get
                0x08003b28       0x24 app/libapp.a(main.c.obj)
 .text.gpio_pin_set_raw
                0x08003b4c       0x20 app/libapp.a(main.c.obj)
 .text.gpio_pin_set
                0x08003b6c       0x1a app/libapp.a(main.c.obj)
 .text.gpio_add_callback
                0x08003b86       0x14 app/libapp.a(main.c.obj)
 .text.k_msleep
                0x08003b9a       0x20 app/libapp.a(main.c.obj)
 .text.free_list_add_bidx
                0x08003bba       0x4e zephyr/libzephyr.a(heap.c.obj)
 .text.free_list_add
                0x08003c08       0x18 zephyr/libzephyr.a(heap.c.obj)
 .text.sys_heap_init
                0x08003c20       0x8a zephyr/libzephyr.a(heap.c.obj)
                0x08003c20                sys_heap_init
 .text.arch_printk_char_out
                0x08003caa        0x4 zephyr/libzephyr.a(printk.c.obj)
                0x08003caa                arch_printk_char_out
 .text.printk   0x08003cae       0x1c zephyr/libzephyr.a(printk.c.obj)
                0x08003cae                printk
 .text._ConfigAbsSyms
                0x08003cca        0x2 zephyr/libzephyr.a(configs.c.obj)
                0x08003cca                _ConfigAbsSyms
 .text.pm_device_driver_init
                0x08003ccc       0x24 zephyr/libzephyr.a(gpioport_mgr.c.obj)
 .text.LL_GPIO_SetPinSpeed
                0x08003cf0       0x3a zephyr/libzephyr.a(gpioport_mgr.c.obj)
 .text.LL_GPIO_SetPinPull
                0x08003d2a       0x3a zephyr/libzephyr.a(gpioport_mgr.c.obj)
 .text.ll_gpio_set_pin_pull
                0x08003d64        0x8 zephyr/libzephyr.a(gpioport_mgr.c.obj)
 .text.LL_GPIO_SetAFPin_0_7
                0x08003d6c       0x3a zephyr/libzephyr.a(gpioport_mgr.c.obj)
 .text.LL_GPIO_SetAFPin_8_15
                0x08003da6       0x3c zephyr/libzephyr.a(gpioport_mgr.c.obj)
 .text.LL_GPIO_SetPinMode
                0x08003de2       0x3a zephyr/libzephyr.a(gpioport_mgr.c.obj)
 .text.stm32_gpioport_configure_pin
                0x08003e1c       0x72 zephyr/libzephyr.a(gpioport_mgr.c.obj)
                0x08003e1c                stm32_gpioport_configure_pin
 .text.arch_early_memset
                0x08003e8e        0x8 zephyr/arch/common/libarch__common.a(init.c.obj)
                0x08003e8e                arch_early_memset
 .text.arch_early_memcpy
                0x08003e96        0x8 zephyr/arch/common/libarch__common.a(init.c.obj)
                0x08003e96                arch_early_memcpy
 .text.z_do_kernel_oops
                0x08003e9e        0xc zephyr/arch/arch/arm/core/libarch__arm__core.a(fatal.c.obj)
                0x08003e9e                z_do_kernel_oops
 .text.z_arm_nmi
                0x08003eaa        0xc zephyr/arch/arch/arm/core/libarch__arm__core.a(nmi.c.obj)
                0x08003eaa                z_arm_nmi
 .text.memory_fault_recoverable
                0x08003eb6        0x4 zephyr/arch/arch/arm/core/cortex_m/libarch__arm__core__cortex_m.a(fault.c.obj)
 .text.fault_handle
                0x08003eba       0x4a zephyr/arch/arch/arm/core/cortex_m/libarch__arm__core__cortex_m.a(fault.c.obj)
 .text.arm_irq_enable
                0x08003f04        0xa zephyr/arch/arch/arm/core/cortex_m/libarch__arm__core__cortex_m.a(irq_manage.c.obj)
                0x08003f04                arm_irq_enable
 .text.arm_irq_priority_set
                0x08003f0e        0xc zephyr/arch/arch/arm/core/cortex_m/libarch__arm__core__cortex_m.a(irq_manage.c.obj)
                0x08003f0e                arm_irq_priority_set
 .text.z_irq_spurious
                0x08003f1a        0xc zephyr/arch/arch/arm/core/cortex_m/libarch__arm__core__cortex_m.a(irq_manage.c.obj)
                0x08003f1a                z_irq_spurious
 .text.z_check_thread_stack_fail
                0x08003f26        0x8 zephyr/arch/arch/arm/core/cortex_m/libarch__arm__core__cortex_m.a(thread.c.obj)
                0x08003f26                z_check_thread_stack_fail
 .text.arch_coprocessors_disable
                0x08003f2e        0x6 zephyr/arch/arch/arm/core/cortex_m/libarch__arm__core__cortex_m.a(thread.c.obj)
                0x08003f2e                arch_coprocessors_disable
 .text.arch_irq_unlock_outlined
                0x08003f34        0xe zephyr/arch/arch/arm/core/cortex_m/libarch__arm__core__cortex_m.a(thread.c.obj)
                0x08003f34                arch_irq_unlock_outlined
 .text.arch_cpu_idle
                0x08003f42       0x1a zephyr/arch/arch/arm/core/cortex_m/libarch__arm__core__cortex_m.a(cpu_idle.c.obj)
                0x08003f42                arch_cpu_idle
 .text.mpu_partition_is_valid
                0x08003f5c       0x22 zephyr/arch/arch/arm/core/mpu/libarch__arm__core__mpu.a(arm_mpu.c.obj)
 .text.mpu_configure_region
                0x08003f7e       0x3e zephyr/arch/arch/arm/core/mpu/libarch__arm__core__mpu.a(arm_mpu.c.obj)
 .text.mpu_configure_regions
                0x08003fbc       0x50 zephyr/arch/arch/arm/core/mpu/libarch__arm__core__mpu.a(arm_mpu.c.obj)
 .text.mpu_configure_regions_from_dt
                0x0800400c      0x1f6 zephyr/arch/arch/arm/core/mpu/libarch__arm__core__mpu.a(arm_mpu.c.obj)
 .text.arm_core_mpu_configure_static_mpu_regions
                0x08004202        0x8 zephyr/arch/arch/arm/core/mpu/libarch__arm__core__mpu.a(arm_mpu.c.obj)
                0x08004202                arm_core_mpu_configure_static_mpu_regions
 .text.arm_core_mpu_configure_dynamic_mpu_regions
                0x0800420a        0x8 zephyr/arch/arch/arm/core/mpu/libarch__arm__core__mpu.a(arm_mpu.c.obj)
                0x0800420a                arm_core_mpu_configure_dynamic_mpu_regions
 .text.picolibc_put
                0x08004212        0xa zephyr/lib/libc/picolibc/liblib__libc__picolibc.a(stdio.c.obj)
 .text.stm32_exti_init
                0x0800421c        0x8 zephyr/drivers/interrupt_controller/libdrivers__interrupt_controller.a(intc_exti_stm32.c.obj)
 .text.stm32_exti_gpio_intc_init
                0x08004224       0x92 zephyr/drivers/interrupt_controller/libdrivers__interrupt_controller.a(intc_gpio_stm32.c.obj)
 .text.stm32_gpio_intc_get_pin_irq_line
                0x080042b6        0xa zephyr/drivers/interrupt_controller/libdrivers__interrupt_controller.a(intc_gpio_stm32.c.obj)
                0x080042b6                stm32_gpio_intc_get_pin_irq_line
 .text.stm32_exti_set_line_src_port
                0x080042c0       0x1c zephyr/drivers/interrupt_controller/libdrivers__interrupt_controller.a(intc_gpio_stm32.c.obj)
                0x080042c0                stm32_exti_set_line_src_port
 .text.stm32_exti_get_line_src_port
                0x080042dc       0x1a zephyr/drivers/interrupt_controller/libdrivers__interrupt_controller.a(intc_gpio_stm32.c.obj)
                0x080042dc                stm32_exti_get_line_src_port
 .text.get_pll_div_frequency
                0x080042f6        0xe zephyr/drivers/clock_control/libdrivers__clock_control.a(clock_stm32_ll_common.c.obj)
 .text.get_bus_clock
                0x08004304        0x6 zephyr/drivers/clock_control/libdrivers__clock_control.a(clock_stm32_ll_common.c.obj)
 .text.stm32_clock_control_on
                0x0800430a       0x44 zephyr/drivers/clock_control/libdrivers__clock_control.a(clock_stm32_ll_common.c.obj)
 .text.stm32_clock_control_off
                0x0800434e       0x2e zephyr/drivers/clock_control/libdrivers__clock_control.a(clock_stm32_ll_common.c.obj)
 .text.stm32_clock_control_configure
                0x0800437c       0x48 zephyr/drivers/clock_control/libdrivers__clock_control.a(clock_stm32_ll_common.c.obj)
 .text.stm32_clock_control_get_status
                0x080043c4       0x3a zephyr/drivers/clock_control/libdrivers__clock_control.a(clock_stm32_ll_common.c.obj)
 .text.config_regulator_voltage
                0x080043fe        0x2 zephyr/drivers/clock_control/libdrivers__clock_control.a(clock_stm32_ll_common.c.obj)
                0x080043fe                config_regulator_voltage
 .text.get_pll_source
                0x08004400        0x6 zephyr/drivers/clock_control/libdrivers__clock_control.a(clock_stm32f2_f4_f7.c.obj)
 .text.sys_slist_remove
                0x08004406       0x26 zephyr/drivers/gpio/libdrivers__gpio.a(gpio_stm32.c.obj)
 .text.sys_slist_find_and_remove
                0x0800442c       0x20 zephyr/drivers/gpio/libdrivers__gpio.a(gpio_stm32.c.obj)
 .text.gpio_manage_callback
                0x0800444c       0x3e zephyr/drivers/gpio/libdrivers__gpio.a(gpio_stm32.c.obj)
 .text.gpio_fire_callbacks
                0x0800448a       0x40 zephyr/drivers/gpio/libdrivers__gpio.a(gpio_stm32.c.obj)
 .text.gpio_stm32_isr
                0x080044ca        0xe zephyr/drivers/gpio/libdrivers__gpio.a(gpio_stm32.c.obj)
 .text.gpio_stm32_flags_to_conf
                0x080044d8       0x82 zephyr/drivers/gpio/libdrivers__gpio.a(gpio_stm32.c.obj)
 .text.gpio_stm32_port_get_raw
                0x0800455a        0xc zephyr/drivers/gpio/libdrivers__gpio.a(gpio_stm32.c.obj)
 .text.gpio_stm32_port_set_masked_raw
                0x08004566       0x12 zephyr/drivers/gpio/libdrivers__gpio.a(gpio_stm32.c.obj)
 .text.gpio_stm32_port_set_bits_raw
                0x08004578        0xa zephyr/drivers/gpio/libdrivers__gpio.a(gpio_stm32.c.obj)
 .text.gpio_stm32_port_clear_bits_raw
                0x08004582        0xc zephyr/drivers/gpio/libdrivers__gpio.a(gpio_stm32.c.obj)
 .text.gpio_stm32_port_toggle_bits
                0x0800458e        0xe zephyr/drivers/gpio/libdrivers__gpio.a(gpio_stm32.c.obj)
 .text.gpio_stm32_manage_callback
                0x0800459c        0xc zephyr/drivers/gpio/libdrivers__gpio.a(gpio_stm32.c.obj)
 .text.gpio_stm32_disable_pin_irqs
                0x080045a8       0x30 zephyr/drivers/gpio/libdrivers__gpio.a(gpio_stm32.c.obj)
 .text.gpio_stm32_config
                0x080045d8       0x98 zephyr/drivers/gpio/libdrivers__gpio.a(gpio_stm32.c.obj)
 .text.pinctrl_lookup_state
                0x08004670       0x32 zephyr/drivers/pinctrl/libdrivers__pinctrl.a(common.c.obj)
                0x08004670                pinctrl_lookup_state
 .text.pinctrl_configure_pins
                0x080046a2       0x94 zephyr/drivers/pinctrl/libdrivers__pinctrl.a(pinctrl_stm32.c.obj)
                0x080046a2                pinctrl_configure_pins
 .text.reset_stm32_status
                0x08004736       0x22 zephyr/drivers/reset/libdrivers__reset.a(reset_stm32.c.obj)
 .text.reset_stm32_line_assert
                0x08004758       0x1e zephyr/drivers/reset/libdrivers__reset.a(reset_stm32.c.obj)
 .text.reset_stm32_line_deassert
                0x08004776       0x20 zephyr/drivers/reset/libdrivers__reset.a(reset_stm32.c.obj)
 .text.reset_stm32_line_toggle
                0x08004796       0x16 zephyr/drivers/reset/libdrivers__reset.a(reset_stm32.c.obj)
 .text.reset_line_toggle
                0x080047ac       0x12 zephyr/drivers/serial/libdrivers__serial.a(uart_stm32.c.obj)
 .text.uart_stm32_parameters_set
                0x080047be      0x122 zephyr/drivers/serial/libdrivers__serial.a(uart_stm32.c.obj)
 .text.uart_stm32_config_get
                0x080048e0       0x94 zephyr/drivers/serial/libdrivers__serial.a(uart_stm32.c.obj)
 .text.uart_stm32_poll_in_visitor
                0x08004974       0x34 zephyr/drivers/serial/libdrivers__serial.a(uart_stm32.c.obj)
 .text.uart_stm32_poll_out_visitor
                0x080049a8       0x3a zephyr/drivers/serial/libdrivers__serial.a(uart_stm32.c.obj)
 .text.poll_in_u8
                0x080049e2        0x6 zephyr/drivers/serial/libdrivers__serial.a(uart_stm32.c.obj)
 .text.poll_out_u8
                0x080049e8        0x6 zephyr/drivers/serial/libdrivers__serial.a(uart_stm32.c.obj)
 .text.uart_stm32_err_check
                0x080049ee       0x9a zephyr/drivers/serial/libdrivers__serial.a(uart_stm32.c.obj)
 .text.uart_stm32_clocks_enable
                0x08004a88       0x18 zephyr/drivers/serial/libdrivers__serial.a(uart_stm32.c.obj)
 .text.pinctrl_apply_state
                0x08004aa0       0x20 zephyr/drivers/serial/libdrivers__serial.a(uart_stm32.c.obj)
 .text.uart_stm32_registers_configure
                0x08004ac0       0x6c zephyr/drivers/serial/libdrivers__serial.a(uart_stm32.c.obj)
 .text.uart_stm32_init
                0x08004b2c       0x28 zephyr/drivers/serial/libdrivers__serial.a(uart_stm32.c.obj)
 .text.sys_clock_announce
                0x08004b54       0x16 zephyr/drivers/timer/libdrivers__timer.a(cortex_m_systick.c.obj)
 .text.do_device_init
                0x08004b6a       0x32 zephyr/kernel/libkernel.a(device.c.obj)
                0x08004b6a                do_device_init
 .text.z_impl_device_is_ready
                0x08004b9c       0x20 zephyr/kernel/libkernel.a(device.c.obj)
                0x08004b9c                z_impl_device_is_ready
 .text.arch_system_halt
                0x08004bbc       0x10 zephyr/kernel/libkernel.a(fatal.c.obj)
                0x08004bbc                arch_system_halt
 .text.k_sys_fatal_error_handler
                0x08004bcc        0x6 zephyr/kernel/libkernel.a(fatal.c.obj)
                0x08004bcc                k_sys_fatal_error_handler
 .text.idle     0x08004bd2       0x16 zephyr/kernel/libkernel.a(idle.c.obj)
                0x08004bd2                idle
 .text.arch_spin_relax
                0x08004be8        0x4 zephyr/kernel/libkernel.a(idle.c.obj)
                0x08004be8                arch_spin_relax
 .text.setup_thread_stack
                0x08004bec       0x4c zephyr/kernel/libkernel.a(thread.c.obj)
 .text.z_init_thread_base
                0x08004c38       0x16 zephyr/kernel/libkernel.a(thread.c.obj)
                0x08004c38                z_init_thread_base
 .text.thread_active_elsewhere
                0x08004c4e        0x4 zephyr/kernel/libkernel.a(sched.c.obj)
 .text.add_to_waitq_locked
                0x08004c52       0x60 zephyr/kernel/libkernel.a(sched.c.obj)
 .text.unpend_all
                0x08004cb2       0x46 zephyr/kernel/libkernel.a(sched.c.obj)
 .text.z_ready_thread
                0x08004cf8       0x36 zephyr/kernel/libkernel.a(sched.c.obj)
                0x08004cf8                z_ready_thread
 .text.z_sched_wake_thread_locked
                0x08004d2e       0x34 zephyr/kernel/libkernel.a(sched.c.obj)
                0x08004d2e                z_sched_wake_thread_locked
 .text.z_thread_timeout
                0x08004d62       0x2e zephyr/kernel/libkernel.a(sched.c.obj)
                0x08004d62                z_thread_timeout
 .text.init_ready_q
                0x08004d90        0x8 zephyr/kernel/libkernel.a(sched.c.obj)
                0x08004d90                init_ready_q
 .text.remove_timeout
                0x08004d98       0x2e zephyr/kernel/libkernel.a(timeout.c.obj)
 .text.next_timeout
                0x08004dc6       0x36 zephyr/kernel/libkernel.a(timeout.c.obj)
 .text.z_abort_timeout
                0x08004dfc       0x7e zephyr/kernel/libkernel.a(timeout.c.obj)
                0x08004dfc                z_abort_timeout
 .text.sys_clock_tick_get_32
                0x08004e7a        0x8 zephyr/kernel/libkernel.a(timeout.c.obj)
                0x08004e7a                sys_clock_tick_get_32
 *(SORT_BY_ALIGNMENT(.gnu.linkonce.t.*))
 *(SORT_BY_ALIGNMENT(.glue_7t))
 .glue_7t       0x08004e82        0x0 linker stubs
 *(SORT_BY_ALIGNMENT(.glue_7))
 .glue_7        0x08004e82        0x0 linker stubs
 *(SORT_BY_ALIGNMENT(.vfp11_veneer))
 .vfp11_veneer  0x08004e82        0x0 linker stubs
 *(SORT_BY_ALIGNMENT(.v4_bx))
 .v4_bx         0x08004e82        0x0 linker stubs
                0x08004e84                        . = ALIGN (0x4)
 *fill*         0x08004e82        0x2 
                0x08004e84                        __text_region_end = .

.ARM.exidx      0x08004e84        0x8
                0x08004e84                        __exidx_start = .
 *(SORT_BY_ALIGNMENT(.ARM.exidx*) SORT_BY_ALIGNMENT(gnu.linkonce.armexidx.*))
 .ARM.exidx     0x08004e84        0x8 C:/Users/razie/zephyr-sdk-1.0.1/gnu/arm-zephyr-eabi/bin/../lib/gcc/arm-zephyr-eabi/14.3.0/thumb/v7e-m/nofp\libgcc.a(_udivmoddi4.o)
                0x08004e8c                        __exidx_end = .
                0x08004e8c                        __rodata_region_start = .

initlevel       0x08004e8c       0x90
                0x08004e8c                        __init_start = .
                0x08004e8c                        __init_EARLY_start = .
 *(SORT_BY_NAME(SORT_BY_ALIGNMENT(.z_init_EARLY_P_?_*)))
 *(SORT_BY_NAME(SORT_BY_ALIGNMENT(.z_init_EARLY_P_??_*)))
 *(SORT_BY_NAME(SORT_BY_ALIGNMENT(.z_init_EARLY_P_???_*)))
                0x08004e8c                        __init_PRE_KERNEL_1_start = .
 *(SORT_BY_NAME(SORT_BY_ALIGNMENT(.z_init_PRE_KERNEL_1_P_?_*)))
 .z_init_PRE_KERNEL_1_P_1_SUB_00009_
                0x08004e8c        0x8 zephyr/drivers/clock_control/libdrivers__clock_control.a(clock_stm32_ll_common.c.obj)
 .z_init_PRE_KERNEL_1_P_1_SUB_0_
                0x08004e94        0x8 zephyr/libzephyr.a(soc_config.c.obj)
 *(SORT_BY_NAME(SORT_BY_ALIGNMENT(.z_init_PRE_KERNEL_1_P_??_*)))
 .z_init_PRE_KERNEL_1_P_35_SUB_00053_
                0x08004e9c        0x8 zephyr/drivers/reset/libdrivers__reset.a(reset_stm32.c.obj)
 .z_init_PRE_KERNEL_1_P_40_SUB_00042_
                0x08004ea4        0x8 zephyr/libzephyr.a(gpioport_mgr.c.obj)
 .z_init_PRE_KERNEL_1_P_40_SUB_00045_
                0x08004eac        0x8 zephyr/libzephyr.a(gpioport_mgr.c.obj)
 .z_init_PRE_KERNEL_1_P_40_SUB_00063_
                0x08004eb4        0x8 zephyr/drivers/interrupt_controller/libdrivers__interrupt_controller.a(intc_exti_stm32.c.obj)
 .z_init_PRE_KERNEL_1_P_40_SUB_00078_
                0x08004ebc        0x8 zephyr/libzephyr.a(gpioport_mgr.c.obj)
 .z_init_PRE_KERNEL_1_P_40_SUB_00096_
                0x08004ec4        0x8 zephyr/libzephyr.a(gpioport_mgr.c.obj)
 .z_init_PRE_KERNEL_1_P_40_SUB_00097_
                0x08004ecc        0x8 zephyr/libzephyr.a(gpioport_mgr.c.obj)
 .z_init_PRE_KERNEL_1_P_40_SUB_00098_
                0x08004ed4        0x8 zephyr/libzephyr.a(gpioport_mgr.c.obj)
 .z_init_PRE_KERNEL_1_P_40_SUB_00099_
                0x08004edc        0x8 zephyr/libzephyr.a(gpioport_mgr.c.obj)
 .z_init_PRE_KERNEL_1_P_40_SUB_00100_
                0x08004ee4        0x8 zephyr/libzephyr.a(gpioport_mgr.c.obj)
 .z_init_PRE_KERNEL_1_P_40_SUB_0_
                0x08004eec        0x8 zephyr/drivers/interrupt_controller/libdrivers__interrupt_controller.a(intc_gpio_stm32.c.obj)
 .z_init_PRE_KERNEL_1_P_50_SUB_00067_
                0x08004ef4        0x8 zephyr/drivers/serial/libdrivers__serial.a(uart_stm32.c.obj)
 .z_init_PRE_KERNEL_1_P_50_SUB_00070_
                0x08004efc        0x8 zephyr/drivers/serial/libdrivers__serial.a(uart_stm32.c.obj)
 .z_init_PRE_KERNEL_1_P_60_SUB_0_
                0x08004f04        0x8 zephyr/drivers/console/libdrivers__console.a(uart_console.c.obj)
 *(SORT_BY_NAME(SORT_BY_ALIGNMENT(.z_init_PRE_KERNEL_1_P_???_*)))
                0x08004f0c                        __init_PRE_KERNEL_2_start = .
 *(SORT_BY_NAME(SORT_BY_ALIGNMENT(.z_init_PRE_KERNEL_2_P_?_*)))
 .z_init_PRE_KERNEL_2_P_0_SUB_0_
                0x08004f0c        0x8 zephyr/drivers/timer/libdrivers__timer.a(cortex_m_systick.c.obj)
 *(SORT_BY_NAME(SORT_BY_ALIGNMENT(.z_init_PRE_KERNEL_2_P_??_*)))
 *(SORT_BY_NAME(SORT_BY_ALIGNMENT(.z_init_PRE_KERNEL_2_P_???_*)))
                0x08004f14                        __init_POST_KERNEL_start = .
 *(SORT_BY_NAME(SORT_BY_ALIGNMENT(.z_init_POST_KERNEL_P_?_*)))
 *(SORT_BY_NAME(SORT_BY_ALIGNMENT(.z_init_POST_KERNEL_P_??_*)))
 .z_init_POST_KERNEL_P_35_SUB_0_
                0x08004f14        0x8 zephyr/lib/libc/common/liblib__libc__common.a(malloc.c.obj)
 *(SORT_BY_NAME(SORT_BY_ALIGNMENT(.z_init_POST_KERNEL_P_???_*)))
                0x08004f1c                        __init_APPLICATION_start = .
 *(SORT_BY_NAME(SORT_BY_ALIGNMENT(.z_init_APPLICATION_P_?_*)))
 *(SORT_BY_NAME(SORT_BY_ALIGNMENT(.z_init_APPLICATION_P_??_*)))
 *(SORT_BY_NAME(SORT_BY_ALIGNMENT(.z_init_APPLICATION_P_???_*)))
                0x08004f1c                        __init_SMP_start = .
 *(SORT_BY_NAME(SORT_BY_ALIGNMENT(.z_init_SMP_P_?_*)))
 *(SORT_BY_NAME(SORT_BY_ALIGNMENT(.z_init_SMP_P_??_*)))
 *(SORT_BY_NAME(SORT_BY_ALIGNMENT(.z_init_SMP_P_???_*)))
                0x08004f1c                        __init_end = .

device_area     0x08004f1c      0x16c
                0x08004f1c                        _device_list_start = .
 *(SORT_BY_NAME(SORT_BY_ALIGNMENT(._device.static.*_?_*)))
 ._device.static.1_1_
                0x08004f1c       0x1c zephyr/drivers/clock_control/libdrivers__clock_control.a(clock_stm32_ll_common.c.obj)
                0x08004f1c                __device_dts_ord_9
 *(SORT_BY_NAME(SORT_BY_ALIGNMENT(._device.static.*_??_*)))
 ._device.static.1_35_
                0x08004f38       0x1c zephyr/drivers/reset/libdrivers__reset.a(reset_stm32.c.obj)
                0x08004f38                __device_dts_ord_53
 ._device.static.1_40_
                0x08004f54       0xe0 zephyr/libzephyr.a(gpioport_mgr.c.obj)
                0x08004f54                __device_dts_ord_100
                0x08004f70                __device_dts_ord_99
                0x08004f8c                __device_dts_ord_98
                0x08004fa8                __device_dts_ord_97
                0x08004fc4                __device_dts_ord_96
                0x08004fe0                __device_dts_ord_42
                0x08004ffc                __device_dts_ord_78
                0x08005018                __device_dts_ord_45
 ._device.static.1_40_
                0x08005034       0x1c zephyr/drivers/interrupt_controller/libdrivers__interrupt_controller.a(intc_exti_stm32.c.obj)
                0x08005034                __device_dts_ord_63
 ._device.static.1_50_
                0x08005050       0x38 zephyr/drivers/serial/libdrivers__serial.a(uart_stm32.c.obj)
                0x08005050                __device_dts_ord_67
                0x0800506c                __device_dts_ord_70
 *(SORT_BY_NAME(SORT_BY_ALIGNMENT(._device.static.*_???_*)))
 *(SORT_BY_NAME(SORT_BY_ALIGNMENT(._device.static.*_????_*)))
 *(SORT_BY_NAME(SORT_BY_ALIGNMENT(._device.static.*_?????_*)))
                0x08005088                        _device_list_end = .

sw_isr_table    0x08005088      0x250
                0x08005088                        . = ALIGN (0x4)
 *(SORT_BY_ALIGNMENT(.gnu.linkonce.sw_isr_table*))
 .gnu.linkonce.sw_isr_table
                0x08005088      0x250 zephyr/CMakeFiles/zephyr_final.dir/isr_tables.c.obj
                0x08005088                _sw_isr_table

initlevel_error
 *(SORT_BY_NAME(SORT_BY_ALIGNMENT(.z_init_*)))
                0x00000001                        ASSERT ((SIZEOF (initlevel_error) == 0x0), Undefined initialization levels used.)

app_shmem_regions
                0x080052d8        0x0
                0x080052d8                        __app_shmem_regions_start = .
 *(SORT_BY_NAME(SORT_BY_ALIGNMENT(.app_regions.*)))
                0x080052d8                        __app_shmem_regions_end = .

k_p4wq_initparam_area
                0x080052d8        0x0
                0x080052d8                        _k_p4wq_initparam_list_start = .
 *(SORT_BY_NAME(SORT_BY_ALIGNMENT(._k_p4wq_initparam.static.*)))
                0x080052d8                        _k_p4wq_initparam_list_end = .

_static_thread_data_area
                0x080052d8        0x0
                0x080052d8                        __static_thread_data_list_start = .
 *(SORT_BY_NAME(SORT_BY_ALIGNMENT(.__static_thread_data.static.*)))
                0x080052d8                        __static_thread_data_list_end = .

device_deps     0x080052d8        0x0
                0x080052d8                        __device_deps_start = .
 *(SORT_BY_NAME(SORT_BY_ALIGNMENT(.__device_deps_pass2*)))
                0x080052d8                        __device_deps_end = .

gpio_driver_api_area
                0x080052d8       0x24
                0x080052d8                        _gpio_driver_api_list_start = .
 *(SORT_BY_NAME(SORT_BY_ALIGNMENT(._gpio_driver_api.static.*)))
 ._gpio_driver_api.static.gpio_stm32_driver_
                0x080052d8       0x24 zephyr/drivers/gpio/libdrivers__gpio.a(gpio_stm32.c.obj)
                0x080052d8                gpio_stm32_driver
                0x080052fc                        _gpio_driver_api_list_end = .

reset_driver_api_area
                0x080052fc       0x10
                0x080052fc                        _reset_driver_api_list_start = .
 *(SORT_BY_NAME(SORT_BY_ALIGNMENT(._reset_driver_api.static.*)))
 ._reset_driver_api.static.reset_stm32_driver_api_
                0x080052fc       0x10 zephyr/drivers/reset/libdrivers__reset.a(reset_stm32.c.obj)
                0x0800530c                        _reset_driver_api_list_end = .

shared_irq_driver_api_area
                0x0800530c        0x0
                0x0800530c                        _shared_irq_driver_api_list_start = .
 *(SORT_BY_NAME(SORT_BY_ALIGNMENT(._shared_irq_driver_api.static.*)))
                0x0800530c                        _shared_irq_driver_api_list_end = .

crypto_driver_api_area
                0x0800530c        0x0
                0x0800530c                        _crypto_driver_api_list_start = .
 *(SORT_BY_NAME(SORT_BY_ALIGNMENT(._crypto_driver_api.static.*)))
                0x0800530c                        _crypto_driver_api_list_end = .

adc_driver_api_area
                0x0800530c        0x0
                0x0800530c                        _adc_driver_api_list_start = .
 *(SORT_BY_NAME(SORT_BY_ALIGNMENT(._adc_driver_api.static.*)))
                0x0800530c                        _adc_driver_api_list_end = .

auxdisplay_driver_api_area
                0x0800530c        0x0
                0x0800530c                        _auxdisplay_driver_api_list_start = .
 *(SORT_BY_NAME(SORT_BY_ALIGNMENT(._auxdisplay_driver_api.static.*)))
                0x0800530c                        _auxdisplay_driver_api_list_end = .

bbram_driver_api_area
                0x0800530c        0x0
                0x0800530c                        _bbram_driver_api_list_start = .
 *(SORT_BY_NAME(SORT_BY_ALIGNMENT(._bbram_driver_api.static.*)))
                0x0800530c                        _bbram_driver_api_list_end = .

biometric_driver_api_area
                0x0800530c        0x0
                0x0800530c                        _biometric_driver_api_list_start = .
 *(SORT_BY_NAME(SORT_BY_ALIGNMENT(._biometric_driver_api.static.*)))
                0x0800530c                        _biometric_driver_api_list_end = .

bt_hci_driver_api_area
                0x0800530c        0x0
                0x0800530c                        _bt_hci_driver_api_list_start = .
 *(SORT_BY_NAME(SORT_BY_ALIGNMENT(._bt_hci_driver_api.static.*)))
                0x0800530c                        _bt_hci_driver_api_list_end = .

can_driver_api_area
                0x0800530c        0x0
                0x0800530c                        _can_driver_api_list_start = .
 *(SORT_BY_NAME(SORT_BY_ALIGNMENT(._can_driver_api.static.*)))
                0x0800530c                        _can_driver_api_list_end = .

cellular_driver_api_area
                0x0800530c        0x0
                0x0800530c                        _cellular_driver_api_list_start = .
 *(SORT_BY_NAME(SORT_BY_ALIGNMENT(._cellular_driver_api.static.*)))
                0x0800530c                        _cellular_driver_api_list_end = .

charger_driver_api_area
                0x0800530c        0x0
                0x0800530c                        _charger_driver_api_list_start = .
 *(SORT_BY_NAME(SORT_BY_ALIGNMENT(._charger_driver_api.static.*)))
                0x0800530c                        _charger_driver_api_list_end = .

clock_control_driver_api_area
                0x0800530c       0x1c
                0x0800530c                        _clock_control_driver_api_list_start = .
 *(SORT_BY_NAME(SORT_BY_ALIGNMENT(._clock_control_driver_api.static.*)))
 ._clock_control_driver_api.static.stm32_clock_control_api_
                0x0800530c       0x1c zephyr/drivers/clock_control/libdrivers__clock_control.a(clock_stm32_ll_common.c.obj)
                0x08005328                        _clock_control_driver_api_list_end = .

comparator_driver_api_area
                0x08005328        0x0
                0x08005328                        _comparator_driver_api_list_start = .
 *(SORT_BY_NAME(SORT_BY_ALIGNMENT(._comparator_driver_api.static.*)))
                0x08005328                        _comparator_driver_api_list_end = .

coredump_driver_api_area
                0x08005328        0x0
                0x08005328                        _coredump_driver_api_list_start = .
 *(SORT_BY_NAME(SORT_BY_ALIGNMENT(._coredump_driver_api.static.*)))
                0x08005328                        _coredump_driver_api_list_end = .

counter_driver_api_area
                0x08005328        0x0
                0x08005328                        _counter_driver_api_list_start = .
 *(SORT_BY_NAME(SORT_BY_ALIGNMENT(._counter_driver_api.static.*)))
                0x08005328                        _counter_driver_api_list_end = .

crc_driver_api_area
                0x08005328        0x0
                0x08005328                        _crc_driver_api_list_start = .
 *(SORT_BY_NAME(SORT_BY_ALIGNMENT(._crc_driver_api.static.*)))
                0x08005328                        _crc_driver_api_list_end = .

dac_driver_api_area
                0x08005328        0x0
                0x08005328                        _dac_driver_api_list_start = .
 *(SORT_BY_NAME(SORT_BY_ALIGNMENT(._dac_driver_api.static.*)))
                0x08005328                        _dac_driver_api_list_end = .

dai_driver_api_area
                0x08005328        0x0
                0x08005328                        _dai_driver_api_list_start = .
 *(SORT_BY_NAME(SORT_BY_ALIGNMENT(._dai_driver_api.static.*)))
                0x08005328                        _dai_driver_api_list_end = .

display_driver_api_area
                0x08005328        0x0
                0x08005328                        _display_driver_api_list_start = .
 *(SORT_BY_NAME(SORT_BY_ALIGNMENT(._display_driver_api.static.*)))
                0x08005328                        _display_driver_api_list_end = .

dma_driver_api_area
                0x08005328        0x0
                0x08005328                        _dma_driver_api_list_start = .
 *(SORT_BY_NAME(SORT_BY_ALIGNMENT(._dma_driver_api.static.*)))
                0x08005328                        _dma_driver_api_list_end = .

edac_driver_api_area
                0x08005328        0x0
                0x08005328                        _edac_driver_api_list_start = .
 *(SORT_BY_NAME(SORT_BY_ALIGNMENT(._edac_driver_api.static.*)))
                0x08005328                        _edac_driver_api_list_end = .

eeprom_driver_api_area
                0x08005328        0x0
                0x08005328                        _eeprom_driver_api_list_start = .
 *(SORT_BY_NAME(SORT_BY_ALIGNMENT(._eeprom_driver_api.static.*)))
                0x08005328                        _eeprom_driver_api_list_end = .

emul_bbram_driver_api_area
                0x08005328        0x0
                0x08005328                        _emul_bbram_driver_api_list_start = .
 *(SORT_BY_NAME(SORT_BY_ALIGNMENT(._emul_bbram_driver_api.static.*)))
                0x08005328                        _emul_bbram_driver_api_list_end = .

fuel_gauge_emul_driver_api_area
                0x08005328        0x0
                0x08005328                        _fuel_gauge_emul_driver_api_list_start = .
 *(SORT_BY_NAME(SORT_BY_ALIGNMENT(._fuel_gauge_emul_driver_api.static.*)))
                0x08005328                        _fuel_gauge_emul_driver_api_list_end = .

emul_sensor_driver_api_area
                0x08005328        0x0
                0x08005328                        _emul_sensor_driver_api_list_start = .
 *(SORT_BY_NAME(SORT_BY_ALIGNMENT(._emul_sensor_driver_api.static.*)))
                0x08005328                        _emul_sensor_driver_api_list_end = .

entropy_driver_api_area
                0x08005328        0x0
                0x08005328                        _entropy_driver_api_list_start = .
 *(SORT_BY_NAME(SORT_BY_ALIGNMENT(._entropy_driver_api.static.*)))
                0x08005328                        _entropy_driver_api_list_end = .

espi_driver_api_area
                0x08005328        0x0
                0x08005328                        _espi_driver_api_list_start = .
 *(SORT_BY_NAME(SORT_BY_ALIGNMENT(._espi_driver_api.static.*)))
                0x08005328                        _espi_driver_api_list_end = .

espi_saf_driver_api_area
                0x08005328        0x0
                0x08005328                        _espi_saf_driver_api_list_start = .
 *(SORT_BY_NAME(SORT_BY_ALIGNMENT(._espi_saf_driver_api.static.*)))
                0x08005328                        _espi_saf_driver_api_list_end = .

flash_driver_api_area
                0x08005328        0x0
                0x08005328                        _flash_driver_api_list_start = .
 *(SORT_BY_NAME(SORT_BY_ALIGNMENT(._flash_driver_api.static.*)))
                0x08005328                        _flash_driver_api_list_end = .

fpga_driver_api_area
                0x08005328        0x0
                0x08005328                        _fpga_driver_api_list_start = .
 *(SORT_BY_NAME(SORT_BY_ALIGNMENT(._fpga_driver_api.static.*)))
                0x08005328                        _fpga_driver_api_list_end = .

fuel_gauge_driver_api_area
                0x08005328        0x0
                0x08005328                        _fuel_gauge_driver_api_list_start = .
 *(SORT_BY_NAME(SORT_BY_ALIGNMENT(._fuel_gauge_driver_api.static.*)))
                0x08005328                        _fuel_gauge_driver_api_list_end = .

gnss_driver_api_area
                0x08005328        0x0
                0x08005328                        _gnss_driver_api_list_start = .
 *(SORT_BY_NAME(SORT_BY_ALIGNMENT(._gnss_driver_api.static.*)))
                0x08005328                        _gnss_driver_api_list_end = .

haptics_driver_api_area
                0x08005328        0x0
                0x08005328                        _haptics_driver_api_list_start = .
 *(SORT_BY_NAME(SORT_BY_ALIGNMENT(._haptics_driver_api.static.*)))
                0x08005328                        _haptics_driver_api_list_end = .

hwspinlock_driver_api_area
                0x08005328        0x0
                0x08005328                        _hwspinlock_driver_api_list_start = .
 *(SORT_BY_NAME(SORT_BY_ALIGNMENT(._hwspinlock_driver_api.static.*)))
                0x08005328                        _hwspinlock_driver_api_list_end = .

i2c_driver_api_area
                0x08005328        0x0
                0x08005328                        _i2c_driver_api_list_start = .
 *(SORT_BY_NAME(SORT_BY_ALIGNMENT(._i2c_driver_api.static.*)))
                0x08005328                        _i2c_driver_api_list_end = .

i2c_target_driver_api_area
                0x08005328        0x0
                0x08005328                        _i2c_target_driver_api_list_start = .
 *(SORT_BY_NAME(SORT_BY_ALIGNMENT(._i2c_target_driver_api.static.*)))
                0x08005328                        _i2c_target_driver_api_list_end = .

i2s_driver_api_area
                0x08005328        0x0
                0x08005328                        _i2s_driver_api_list_start = .
 *(SORT_BY_NAME(SORT_BY_ALIGNMENT(._i2s_driver_api.static.*)))
                0x08005328                        _i2s_driver_api_list_end = .

i3c_driver_api_area
                0x08005328        0x0
                0x08005328                        _i3c_driver_api_list_start = .
 *(SORT_BY_NAME(SORT_BY_ALIGNMENT(._i3c_driver_api.static.*)))
                0x08005328                        _i3c_driver_api_list_end = .

ipm_driver_api_area
                0x08005328        0x0
                0x08005328                        _ipm_driver_api_list_start = .
 *(SORT_BY_NAME(SORT_BY_ALIGNMENT(._ipm_driver_api.static.*)))
                0x08005328                        _ipm_driver_api_list_end = .

led_driver_api_area
                0x08005328        0x0
                0x08005328                        _led_driver_api_list_start = .
 *(SORT_BY_NAME(SORT_BY_ALIGNMENT(._led_driver_api.static.*)))
                0x08005328                        _led_driver_api_list_end = .

led_strip_driver_api_area
                0x08005328        0x0
                0x08005328                        _led_strip_driver_api_list_start = .
 *(SORT_BY_NAME(SORT_BY_ALIGNMENT(._led_strip_driver_api.static.*)))
                0x08005328                        _led_strip_driver_api_list_end = .

lora_driver_api_area
                0x08005328        0x0
                0x08005328                        _lora_driver_api_list_start = .
 *(SORT_BY_NAME(SORT_BY_ALIGNMENT(._lora_driver_api.static.*)))
                0x08005328                        _lora_driver_api_list_end = .

mbox_driver_api_area
                0x08005328        0x0
                0x08005328                        _mbox_driver_api_list_start = .
 *(SORT_BY_NAME(SORT_BY_ALIGNMENT(._mbox_driver_api.static.*)))
                0x08005328                        _mbox_driver_api_list_end = .

mdio_driver_api_area
                0x08005328        0x0
                0x08005328                        _mdio_driver_api_list_start = .
 *(SORT_BY_NAME(SORT_BY_ALIGNMENT(._mdio_driver_api.static.*)))
                0x08005328                        _mdio_driver_api_list_end = .

mipi_dbi_driver_api_area
                0x08005328        0x0
                0x08005328                        _mipi_dbi_driver_api_list_start = .
 *(SORT_BY_NAME(SORT_BY_ALIGNMENT(._mipi_dbi_driver_api.static.*)))
                0x08005328                        _mipi_dbi_driver_api_list_end = .

mipi_dsi_driver_api_area
                0x08005328        0x0
                0x08005328                        _mipi_dsi_driver_api_list_start = .
 *(SORT_BY_NAME(SORT_BY_ALIGNMENT(._mipi_dsi_driver_api.static.*)))
                0x08005328                        _mipi_dsi_driver_api_list_end = .

mspi_driver_api_area
                0x08005328        0x0
                0x08005328                        _mspi_driver_api_list_start = .
 *(SORT_BY_NAME(SORT_BY_ALIGNMENT(._mspi_driver_api.static.*)))
                0x08005328                        _mspi_driver_api_list_end = .

opamp_driver_api_area
                0x08005328        0x0
                0x08005328                        _opamp_driver_api_list_start = .
 *(SORT_BY_NAME(SORT_BY_ALIGNMENT(._opamp_driver_api.static.*)))
                0x08005328                        _opamp_driver_api_list_end = .

otp_driver_api_area
                0x08005328        0x0
                0x08005328                        _otp_driver_api_list_start = .
 *(SORT_BY_NAME(SORT_BY_ALIGNMENT(._otp_driver_api.static.*)))
                0x08005328                        _otp_driver_api_list_end = .

peci_driver_api_area
                0x08005328        0x0
                0x08005328                        _peci_driver_api_list_start = .
 *(SORT_BY_NAME(SORT_BY_ALIGNMENT(._peci_driver_api.static.*)))
                0x08005328                        _peci_driver_api_list_end = .

ps2_driver_api_area
                0x08005328        0x0
                0x08005328                        _ps2_driver_api_list_start = .
 *(SORT_BY_NAME(SORT_BY_ALIGNMENT(._ps2_driver_api.static.*)))
                0x08005328                        _ps2_driver_api_list_end = .

ptp_clock_driver_api_area
                0x08005328        0x0
                0x08005328                        _ptp_clock_driver_api_list_start = .
 *(SORT_BY_NAME(SORT_BY_ALIGNMENT(._ptp_clock_driver_api.static.*)))
                0x08005328                        _ptp_clock_driver_api_list_end = .

pwm_driver_api_area
                0x08005328        0x0
                0x08005328                        _pwm_driver_api_list_start = .
 *(SORT_BY_NAME(SORT_BY_ALIGNMENT(._pwm_driver_api.static.*)))
                0x08005328                        _pwm_driver_api_list_end = .

regulator_parent_driver_api_area
                0x08005328        0x0
                0x08005328                        _regulator_parent_driver_api_list_start = .
 *(SORT_BY_NAME(SORT_BY_ALIGNMENT(._regulator_parent_driver_api.static.*)))
                0x08005328                        _regulator_parent_driver_api_list_end = .

regulator_driver_api_area
                0x08005328        0x0
                0x08005328                        _regulator_driver_api_list_start = .
 *(SORT_BY_NAME(SORT_BY_ALIGNMENT(._regulator_driver_api.static.*)))
                0x08005328                        _regulator_driver_api_list_end = .

retained_mem_driver_api_area
                0x08005328        0x0
                0x08005328                        _retained_mem_driver_api_list_start = .
 *(SORT_BY_NAME(SORT_BY_ALIGNMENT(._retained_mem_driver_api.static.*)))
                0x08005328                        _retained_mem_driver_api_list_end = .

rtc_driver_api_area
                0x08005328        0x0
                0x08005328                        _rtc_driver_api_list_start = .
 *(SORT_BY_NAME(SORT_BY_ALIGNMENT(._rtc_driver_api.static.*)))
                0x08005328                        _rtc_driver_api_list_end = .

sdhc_driver_api_area
                0x08005328        0x0
                0x08005328                        _sdhc_driver_api_list_start = .
 *(SORT_BY_NAME(SORT_BY_ALIGNMENT(._sdhc_driver_api.static.*)))
                0x08005328                        _sdhc_driver_api_list_end = .

sensor_driver_api_area
                0x08005328        0x0
                0x08005328                        _sensor_driver_api_list_start = .
 *(SORT_BY_NAME(SORT_BY_ALIGNMENT(._sensor_driver_api.static.*)))
                0x08005328                        _sensor_driver_api_list_end = .

smbus_driver_api_area
                0x08005328        0x0
                0x08005328                        _smbus_driver_api_list_start = .
 *(SORT_BY_NAME(SORT_BY_ALIGNMENT(._smbus_driver_api.static.*)))
                0x08005328                        _smbus_driver_api_list_end = .

spi_driver_api_area
                0x08005328        0x0
                0x08005328                        _spi_driver_api_list_start = .
 *(SORT_BY_NAME(SORT_BY_ALIGNMENT(._spi_driver_api.static.*)))
                0x08005328                        _spi_driver_api_list_end = .

syscon_driver_api_area
                0x08005328        0x0
                0x08005328                        _syscon_driver_api_list_start = .
 *(SORT_BY_NAME(SORT_BY_ALIGNMENT(._syscon_driver_api.static.*)))
                0x08005328                        _syscon_driver_api_list_end = .

tee_driver_api_area
                0x08005328        0x0
                0x08005328                        _tee_driver_api_list_start = .
 *(SORT_BY_NAME(SORT_BY_ALIGNMENT(._tee_driver_api.static.*)))
                0x08005328                        _tee_driver_api_list_end = .

uaol_driver_api_area
                0x08005328        0x0
                0x08005328                        _uaol_driver_api_list_start = .
 *(SORT_BY_NAME(SORT_BY_ALIGNMENT(._uaol_driver_api.static.*)))
                0x08005328                        _uaol_driver_api_list_end = .

video_driver_api_area
                0x08005328        0x0
                0x08005328                        _video_driver_api_list_start = .
 *(SORT_BY_NAME(SORT_BY_ALIGNMENT(._video_driver_api.static.*)))
                0x08005328                        _video_driver_api_list_end = .

virtio_driver_api_area
                0x08005328        0x0
                0x08005328                        _virtio_driver_api_list_start = .
 *(SORT_BY_NAME(SORT_BY_ALIGNMENT(._virtio_driver_api.static.*)))
                0x08005328                        _virtio_driver_api_list_end = .

w1_driver_api_area
                0x08005328        0x0
                0x08005328                        _w1_driver_api_list_start = .
 *(SORT_BY_NAME(SORT_BY_ALIGNMENT(._w1_driver_api.static.*)))
                0x08005328                        _w1_driver_api_list_end = .

wdt_driver_api_area
                0x08005328        0x0
                0x08005328                        _wdt_driver_api_list_start = .
 *(SORT_BY_NAME(SORT_BY_ALIGNMENT(._wdt_driver_api.static.*)))
                0x08005328                        _wdt_driver_api_list_end = .

wuc_driver_api_area
                0x08005328        0x0
                0x08005328                        _wuc_driver_api_list_start = .
 *(SORT_BY_NAME(SORT_BY_ALIGNMENT(._wuc_driver_api.static.*)))
                0x08005328                        _wuc_driver_api_list_end = .

can_transceiver_driver_api_area
                0x08005328        0x0
                0x08005328                        _can_transceiver_driver_api_list_start = .
 *(SORT_BY_NAME(SORT_BY_ALIGNMENT(._can_transceiver_driver_api.static.*)))
                0x08005328                        _can_transceiver_driver_api_list_end = .

nrf_clock_control_driver_api_area
                0x08005328        0x0
                0x08005328                        _nrf_clock_control_driver_api_list_start = .
 *(SORT_BY_NAME(SORT_BY_ALIGNMENT(._nrf_clock_control_driver_api.static.*)))
                0x08005328                        _nrf_clock_control_driver_api_list_end = .

i3c_target_driver_api_area
                0x08005328        0x0
                0x08005328                        _i3c_target_driver_api_list_start = .
 *(SORT_BY_NAME(SORT_BY_ALIGNMENT(._i3c_target_driver_api.static.*)))
                0x08005328                        _i3c_target_driver_api_list_end = .

its_driver_api_area
                0x08005328        0x0
                0x08005328                        _its_driver_api_list_start = .
 *(SORT_BY_NAME(SORT_BY_ALIGNMENT(._its_driver_api.static.*)))
                0x08005328                        _its_driver_api_list_end = .

vtd_driver_api_area
                0x08005328        0x0
                0x08005328                        _vtd_driver_api_list_start = .
 *(SORT_BY_NAME(SORT_BY_ALIGNMENT(._vtd_driver_api.static.*)))
                0x08005328                        _vtd_driver_api_list_end = .

renesas_elc_driver_api_area
                0x08005328        0x0
                0x08005328                        _renesas_elc_driver_api_list_start = .
 *(SORT_BY_NAME(SORT_BY_ALIGNMENT(._renesas_elc_driver_api.static.*)))
                0x08005328                        _renesas_elc_driver_api_list_end = .

tgpio_driver_api_area
                0x08005328        0x0
                0x08005328                        _tgpio_driver_api_list_start = .
 *(SORT_BY_NAME(SORT_BY_ALIGNMENT(._tgpio_driver_api.static.*)))
                0x08005328                        _tgpio_driver_api_list_end = .

pcie_ctrl_driver_api_area
                0x08005328        0x0
                0x08005328                        _pcie_ctrl_driver_api_list_start = .
 *(SORT_BY_NAME(SORT_BY_ALIGNMENT(._pcie_ctrl_driver_api.static.*)))
                0x08005328                        _pcie_ctrl_driver_api_list_end = .

pcie_ep_driver_api_area
                0x08005328        0x0
                0x08005328                        _pcie_ep_driver_api_list_start = .
 *(SORT_BY_NAME(SORT_BY_ALIGNMENT(._pcie_ep_driver_api.static.*)))
                0x08005328                        _pcie_ep_driver_api_list_end = .

psi5_driver_api_area
                0x08005328        0x0
                0x08005328                        _psi5_driver_api_list_start = .
 *(SORT_BY_NAME(SORT_BY_ALIGNMENT(._psi5_driver_api.static.*)))
                0x08005328                        _psi5_driver_api_list_end = .

sent_driver_api_area
                0x08005328        0x0
                0x08005328                        _sent_driver_api_list_start = .
 *(SORT_BY_NAME(SORT_BY_ALIGNMENT(._sent_driver_api.static.*)))
                0x08005328                        _sent_driver_api_list_end = .

svc_driver_api_area
                0x08005328        0x0
                0x08005328                        _svc_driver_api_list_start = .
 *(SORT_BY_NAME(SORT_BY_ALIGNMENT(._svc_driver_api.static.*)))
                0x08005328                        _svc_driver_api_list_end = .

stepper_driver_api_area
                0x08005328        0x0
                0x08005328                        _stepper_driver_api_list_start = .
 *(SORT_BY_NAME(SORT_BY_ALIGNMENT(._stepper_driver_api.static.*)))
                0x08005328                        _stepper_driver_api_list_end = .

stepper_ctrl_driver_api_area
                0x08005328        0x0
                0x08005328                        _stepper_ctrl_driver_api_list_start = .
 *(SORT_BY_NAME(SORT_BY_ALIGNMENT(._stepper_ctrl_driver_api.static.*)))
                0x08005328                        _stepper_ctrl_driver_api_list_end = .

uart_driver_api_area
                0x08005328       0x14
                0x08005328                        _uart_driver_api_list_start = .
 *(SORT_BY_NAME(SORT_BY_ALIGNMENT(._uart_driver_api.static.*)))
 ._uart_driver_api.static.uart_stm32_driver_api_
                0x08005328       0x14 zephyr/drivers/serial/libdrivers__serial.a(uart_stm32.c.obj)
                0x0800533c                        _uart_driver_api_list_end = .

bc12_emul_driver_api_area
                0x0800533c        0x0
                0x0800533c                        _bc12_emul_driver_api_list_start = .
 *(SORT_BY_NAME(SORT_BY_ALIGNMENT(._bc12_emul_driver_api.static.*)))
                0x0800533c                        _bc12_emul_driver_api_list_end = .

bc12_driver_api_area
                0x0800533c        0x0
                0x0800533c                        _bc12_driver_api_list_start = .
 *(SORT_BY_NAME(SORT_BY_ALIGNMENT(._bc12_driver_api.static.*)))
                0x0800533c                        _bc12_driver_api_list_end = .

usbc_ppc_driver_api_area
                0x0800533c        0x0
                0x0800533c                        _usbc_ppc_driver_api_list_start = .
 *(SORT_BY_NAME(SORT_BY_ALIGNMENT(._usbc_ppc_driver_api.static.*)))
                0x0800533c                        _usbc_ppc_driver_api_list_end = .

tcpc_driver_api_area
                0x0800533c        0x0
                0x0800533c                        _tcpc_driver_api_list_start = .
 *(SORT_BY_NAME(SORT_BY_ALIGNMENT(._tcpc_driver_api.static.*)))
                0x0800533c                        _tcpc_driver_api_list_end = .

usbc_vbus_driver_api_area
                0x0800533c        0x0
                0x0800533c                        _usbc_vbus_driver_api_list_start = .
 *(SORT_BY_NAME(SORT_BY_ALIGNMENT(._usbc_vbus_driver_api.static.*)))
                0x0800533c                        _usbc_vbus_driver_api_list_end = .

ivshmem_driver_api_area
                0x0800533c        0x0
                0x0800533c                        _ivshmem_driver_api_list_start = .
 *(SORT_BY_NAME(SORT_BY_ALIGNMENT(._ivshmem_driver_api.static.*)))
                0x0800533c                        _ivshmem_driver_api_list_end = .

ethphy_driver_api_area
                0x0800533c        0x0
                0x0800533c                        _ethphy_driver_api_list_start = .
 *(SORT_BY_NAME(SORT_BY_ALIGNMENT(._ethphy_driver_api.static.*)))
                0x0800533c                        _ethphy_driver_api_list_end = .

ztest           0x0800533c        0x0
                0x0800533c                        _ztest_expected_result_entry_list_start = .
 *(SORT_BY_NAME(SORT_BY_ALIGNMENT(._ztest_expected_result_entry.static.*)))
                0x0800533c                        _ztest_expected_result_entry_list_end = .
                0x0800533c                        _ztest_suite_node_list_start = .
 *(SORT_BY_NAME(SORT_BY_ALIGNMENT(._ztest_suite_node.static.*)))
                0x0800533c                        _ztest_suite_node_list_end = .
                0x0800533c                        _ztest_unit_test_list_start = .
 *(SORT_BY_NAME(SORT_BY_ALIGNMENT(._ztest_unit_test.static.*)))
                0x0800533c                        _ztest_unit_test_list_end = .
                0x0800533c                        _ztest_test_rule_list_start = .
 *(SORT_BY_NAME(SORT_BY_ALIGNMENT(._ztest_test_rule.static.*)))
                0x0800533c                        _ztest_test_rule_list_end = .

init_array      0x0800533c        0x0
                0x0800533c                        __zephyr_init_array_start = .
 *(SORT_BY_INIT_PRIORITY(.init_array.*) SORT_BY_INIT_PRIORITY(.ctors.*))
 *(SORT_BY_ALIGNMENT(.init_array) SORT_BY_ALIGNMENT(.ctors))
                0x0800533c                        __zephyr_init_array_end = .
                0x00000001                        ASSERT ((__zephyr_init_array_start == __zephyr_init_array_end), GNU-style constructors required but STATIC_INIT_GNU not enabled)

bt_l2cap_fixed_chan_area
                0x0800533c        0x0
                0x0800533c                        _bt_l2cap_fixed_chan_list_start = .
 *(SORT_BY_NAME(SORT_BY_ALIGNMENT(._bt_l2cap_fixed_chan.static.*)))
                0x0800533c                        _bt_l2cap_fixed_chan_list_end = .

bt_gatt_service_static_area
                0x0800533c        0x0
                0x0800533c                        _bt_gatt_service_static_list_start = .
 *(SORT_BY_NAME(SORT_BY_ALIGNMENT(._bt_gatt_service_static.static.*)))
                0x0800533c                        _bt_gatt_service_static_list_end = .

log_strings_area
                0x0800533c        0x0
                0x0800533c                        _log_strings_list_start = .
 *(SORT_BY_NAME(SORT_BY_ALIGNMENT(._log_strings.static.*)))
                0x0800533c                        _log_strings_list_end = .

log_stmesp_ptr_area
                0x0800533c        0x0
                0x0800533c                        _log_stmesp_ptr_list_start = .
 *(SORT_BY_NAME(SORT_BY_ALIGNMENT(._log_stmesp_ptr.static.*)))
                0x0800533c                        _log_stmesp_ptr_list_end = .

log_stmesp_str_area
                0x0800533c        0x0
                0x0800533c                        _log_stmesp_str_list_start = .
 *(SORT_BY_NAME(SORT_BY_ALIGNMENT(._log_stmesp_str.static.*)))
                0x0800533c                        _log_stmesp_str_list_end = .

log_const_area  0x0800533c        0x0
                0x0800533c                        _log_const_list_start = .
 *(SORT_BY_NAME(SORT_BY_ALIGNMENT(._log_const.static.*)))
                0x0800533c                        _log_const_list_end = .

log_backend_area
                0x0800533c        0x0
                0x0800533c                        _log_backend_list_start = .
 *(SORT_BY_NAME(SORT_BY_ALIGNMENT(._log_backend.static.*)))
                0x0800533c                        _log_backend_list_end = .

log_link_area   0x0800533c        0x0
                0x0800533c                        _log_link_list_start = .
 *(SORT_BY_NAME(SORT_BY_ALIGNMENT(._log_link.static.*)))
                0x0800533c                        _log_link_list_end = .

tracing_backend_area
                0x0800533c        0x0
                0x0800533c                        _tracing_backend_list_start = .
 *(SORT_BY_NAME(SORT_BY_ALIGNMENT(._tracing_backend.static.*)))
                0x0800533c                        _tracing_backend_list_end = .

zephyr_dbg_info
                0x0800533c       0x44
 *(SORT_BY_ALIGNMENT(.dbg_thread_info))
 .dbg_thread_info
                0x0800533c       0x44 zephyr/libzephyr.a(thread_info.c.obj)
                0x0800533c                _kernel_openocd_size_t_size
                0x0800533c                _kernel_thread_info_size_t_size
                0x08005340                _kernel_openocd_num_offsets
                0x08005340                _kernel_thread_info_num_offsets
                0x08005344                _kernel_openocd_offsets
                0x08005344                _kernel_thread_info_offsets

intc_table_area
                0x08005380        0x0
                0x08005380                        _intc_table_list_start = .
 *(SORT_BY_NAME(SORT_BY_ALIGNMENT(._intc_table.static.*)))
                0x08005380                        _intc_table_list_end = .

symbol_to_keep  0x08005380        0x0
                0x08005380                        __symbol_to_keep_start = .
 *(SORT_BY_NAME(SORT_BY_ALIGNMENT(.symbol_to_keep*)))
                0x08005380                        __symbol_to_keep_end = .

shell_area      0x08005380        0x0
                0x08005380                        _shell_list_start = .
 *(SORT_BY_NAME(SORT_BY_ALIGNMENT(._shell.static.*)))
                0x08005380                        _shell_list_end = .

shell_root_cmds_area
                0x08005380        0x0
                0x08005380                        _shell_root_cmds_list_start = .
 *(SORT_BY_NAME(SORT_BY_ALIGNMENT(._shell_root_cmds.static.*)))
                0x08005380                        _shell_root_cmds_list_end = .

shell_subcmds_area
                0x08005380        0x0
                0x08005380                        _shell_subcmds_list_start = .
 *(SORT_BY_NAME(SORT_BY_ALIGNMENT(._shell_subcmds.static.*)))
                0x08005380                        _shell_subcmds_list_end = .

shell_dynamic_subcmds_area
                0x08005380        0x0
                0x08005380                        _shell_dynamic_subcmds_list_start = .
 *(SORT_BY_NAME(SORT_BY_ALIGNMENT(._shell_dynamic_subcmds.static.*)))
                0x08005380                        _shell_dynamic_subcmds_list_end = .

cfb_font_area   0x08005380        0x0
                0x08005380                        _cfb_font_list_start = .
 *(SORT_BY_NAME(SORT_BY_ALIGNMENT(._cfb_font.static.*)))
                0x08005380                        _cfb_font_list_end = .

tdata           0x08005380        0x0
 *(SORT_BY_ALIGNMENT(.tdata) SORT_BY_ALIGNMENT(.tdata.*) SORT_BY_ALIGNMENT(.gnu.linkonce.td.*))

tbss            0x08005380        0x4
 *(SORT_BY_ALIGNMENT(.tbss) SORT_BY_ALIGNMENT(.tbss.*) SORT_BY_ALIGNMENT(.gnu.linkonce.tb.*) SORT_BY_ALIGNMENT(.tcommon))
 .tbss.z_tls_current
                0x08005380        0x4 zephyr/libzephyr.a(thread_entry.c.obj)
                0x08005380                z_tls_current
                0x08005380                        PROVIDE (__tdata_start = LOADADDR (tdata))
                0x00000001                        PROVIDE (__tdata_align = ALIGNOF (tdata))
                0x00000000                        PROVIDE (__tdata_size = (((SIZEOF (tdata) + __tdata_align) - 0x1) & ~ ((__tdata_align - 0x1))))
                [!provide]                        PROVIDE (__tdata_end = (__tdata_start + __tdata_size))
                0x00000004                        PROVIDE (__tbss_align = ALIGNOF (tbss))
                [!provide]                        PROVIDE (__tbss_start = ADDR (tbss))
                0x00000004                        PROVIDE (__tbss_size = (((SIZEOF (tbss) + __tbss_align) - 0x1) & ~ ((__tbss_align - 0x1))))
                [!provide]                        PROVIDE (__tbss_end = (__tbss_start + __tbss_size))
                [!provide]                        PROVIDE (__tls_start = __tdata_start)
                [!provide]                        PROVIDE (__tls_end = __tbss_end)
                [!provide]                        PROVIDE (__tls_size = (__tbss_end - __tdata_start))

rodata          0x08005380      0x8ec
 *(SORT_BY_ALIGNMENT(.rodata))
 .rodata        0x08005380        0x8 zephyr/drivers/interrupt_controller/libdrivers__interrupt_controller.a(intc_exti_stm32.c.obj)
 *(SORT_BY_ALIGNMENT(.rodata.*))
 .rodata.button_pressed.str1.4
                0x08005388      0x6c8 app/libapp.a(main.c.obj)
                                 0x16 (size before relaxing)
 .rodata.main.str1.4
                0x08005a50      0x13e app/libapp.a(main.c.obj)
 .rodata.str1.4
                0x08005a50       0x7e zephyr/libzephyr.a(gpioport_mgr.c.obj)
 .rodata.gpio_stm32_cfg_h
                0x08005a50       0x14 zephyr/libzephyr.a(gpioport_mgr.c.obj)
 .rodata.gpio_stm32_cfg_g
                0x08005a64       0x14 zephyr/libzephyr.a(gpioport_mgr.c.obj)
 .rodata.gpio_stm32_cfg_f
                0x08005a78       0x14 zephyr/libzephyr.a(gpioport_mgr.c.obj)
 .rodata.gpio_stm32_cfg_e
                0x08005a8c       0x14 zephyr/libzephyr.a(gpioport_mgr.c.obj)
 .rodata.gpio_stm32_cfg_d
                0x08005aa0       0x14 zephyr/libzephyr.a(gpioport_mgr.c.obj)
 .rodata.gpio_stm32_cfg_c
                0x08005ab4       0x14 zephyr/libzephyr.a(gpioport_mgr.c.obj)
 .rodata.gpio_stm32_cfg_b
                0x08005ac8       0x14 zephyr/libzephyr.a(gpioport_mgr.c.obj)
 .rodata.gpio_stm32_cfg_a
                0x08005adc       0x14 zephyr/libzephyr.a(gpioport_mgr.c.obj)
 .rodata.gpio_ports
                0x08005af0       0x68 zephyr/libzephyr.a(gpioport_mgr.c.obj)
 .rodata.mem_attr_region
                0x08005b58        0x0 zephyr/libzephyr.a(mem_attr.c.obj)
 .rodata.esf_dump.str1.4
                0x08005b58       0x9f zephyr/arch/arch/arm/core/libarch__arm__core.a(fatal.c.obj)
 .rodata.z_arm_fatal_error.str1.4
                0x08005b58       0x14 zephyr/arch/arch/arm/core/libarch__arm__core.a(fatal.c.obj)
 .rodata.get_esf.str1.4
                0x08005b58       0x2c zephyr/arch/arch/arm/core/cortex_m/libarch__arm__core__cortex_m.a(fault.c.obj)
 .rodata.bus_fault.str1.4
                0x08005b58       0xdc zephyr/arch/arch/arm/core/cortex_m/libarch__arm__core__cortex_m.a(fault.c.obj)
 .rodata.usage_fault.str1.4
                0x08005b58       0xdc zephyr/arch/arch/arm/core/cortex_m/libarch__arm__core__cortex_m.a(fault.c.obj)
 .rodata.debug_monitor.str1.4
                0x08005b58       0x25 zephyr/arch/arch/arm/core/cortex_m/libarch__arm__core__cortex_m.a(fault.c.obj)
 .rodata.reserved_exception.str1.4
                0x08005b58       0x48 zephyr/arch/arch/arm/core/cortex_m/libarch__arm__core__cortex_m.a(fault.c.obj)
 .rodata.mem_manage_fault.str1.4
                0x08005b58       0xa0 zephyr/arch/arch/arm/core/cortex_m/libarch__arm__core__cortex_m.a(fault.c.obj)
 .rodata.hard_fault.str1.4
                0x08005b58       0x89 zephyr/arch/arch/arm/core/cortex_m/libarch__arm__core__cortex_m.a(fault.c.obj)
 .rodata.static_regions
                0x08005b58        0xc zephyr/arch/arch/arm/core/mpu/libarch__arm__core__mpu.a(arm_core_mpu.c.obj)
 .rodata.mpu_config
                0x08005b64        0x8 zephyr/arch/arch/arm/core/mpu/libarch__arm__core__mpu.a(arm_mpu_regions.c.obj)
                0x08005b64                mpu_config
 .rodata.str1.4
                0x08005b6c        0xf zephyr/arch/arch/arm/core/mpu/libarch__arm__core__mpu.a(arm_mpu_regions.c.obj)
 .rodata.mpu_regions
                0x08005b6c       0x18 zephyr/arch/arch/arm/core/mpu/libarch__arm__core__mpu.a(arm_mpu_regions.c.obj)
 .rodata.str1.4
                0x08005b84       0x1e zephyr/drivers/interrupt_controller/libdrivers__interrupt_controller.a(intc_exti_stm32.c.obj)
 .rodata.line_range_6.0
                0x08005b84        0x2 zephyr/drivers/interrupt_controller/libdrivers__interrupt_controller.a(intc_gpio_stm32.c.obj)
 *fill*         0x08005b86        0x2 
 .rodata.line_range_5.1
                0x08005b88        0x2 zephyr/drivers/interrupt_controller/libdrivers__interrupt_controller.a(intc_gpio_stm32.c.obj)
 *fill*         0x08005b8a        0x2 
 .rodata.line_range_4.2
                0x08005b8c        0x2 zephyr/drivers/interrupt_controller/libdrivers__interrupt_controller.a(intc_gpio_stm32.c.obj)
 *fill*         0x08005b8e        0x2 
 .rodata.line_range_3.3
                0x08005b90        0x2 zephyr/drivers/interrupt_controller/libdrivers__interrupt_controller.a(intc_gpio_stm32.c.obj)
 *fill*         0x08005b92        0x2 
 .rodata.line_range_2.4
                0x08005b94        0x2 zephyr/drivers/interrupt_controller/libdrivers__interrupt_controller.a(intc_gpio_stm32.c.obj)
 *fill*         0x08005b96        0x2 
 .rodata.line_range_1.5
                0x08005b98        0x2 zephyr/drivers/interrupt_controller/libdrivers__interrupt_controller.a(intc_gpio_stm32.c.obj)
 *fill*         0x08005b9a        0x2 
 .rodata.line_range_0.6
                0x08005b9c        0x2 zephyr/drivers/interrupt_controller/libdrivers__interrupt_controller.a(intc_gpio_stm32.c.obj)
 .rodata.str1.4
                0x08005b9e        0xd zephyr/drivers/clock_control/libdrivers__clock_control.a(clock_stm32_ll_common.c.obj)
 .rodata.str1.4
                0x08005b9e       0x11 zephyr/drivers/reset/libdrivers__reset.a(reset_stm32.c.obj)
 *fill*         0x08005b9e        0x2 
 .rodata.reset_stm32_config
                0x08005ba0        0x4 zephyr/drivers/reset/libdrivers__reset.a(reset_stm32.c.obj)
 .rodata.str1.4
                0x08005ba4       0x20 zephyr/drivers/serial/libdrivers__serial.a(uart_stm32.c.obj)
 .rodata.uart_stm32_cfg_1
                0x08005ba4       0x28 zephyr/drivers/serial/libdrivers__serial.a(uart_stm32.c.obj)
 .rodata.pclken_1
                0x08005bcc        0x8 zephyr/drivers/serial/libdrivers__serial.a(uart_stm32.c.obj)
 .rodata.__pinctrl_dev_config__device_dts_ord_67
                0x08005bd4        0x8 zephyr/drivers/serial/libdrivers__serial.a(uart_stm32.c.obj)
 .rodata.__pinctrl_states__device_dts_ord_67
                0x08005bdc        0x8 zephyr/drivers/serial/libdrivers__serial.a(uart_stm32.c.obj)