Archive member included to satisfy reference by file (symbol)

app/libapp.a(main.c.obj)      (--whole-archive)
zephyr/libzephyr.a(validate_libc.c.obj)
                              (--whole-archive)
zephyr/libzephyr.a(heap.c.obj)
                              (--whole-archive)
zephyr/libzephyr.a(cbprintf_packaged.c.obj)
                              (--whole-archive)
zephyr/libzephyr.a(clock.c.obj)
                              (--whole-archive)
zephyr/libzephyr.a(printk.c.obj)
                              (--whole-archive)
zephyr/libzephyr.a(sem.c.obj)
                              (--whole-archive)
zephyr/libzephyr.a(thread_entry.c.obj)
                              (--whole-archive)
zephyr/libzephyr.a(cbprintf_complete.c.obj)
                              (--whole-archive)
zephyr/libzephyr.a(assert.c.obj)
                              (--whole-archive)
zephyr/libzephyr.a(mpsc_pbuf.c.obj)
                              (--whole-archive)
zephyr/libzephyr.a(dec.c.obj)
                              (--whole-archive)
zephyr/libzephyr.a(hex.c.obj)
                              (--whole-archive)
zephyr/libzephyr.a(rb.c.obj)  (--whole-archive)
zephyr/libzephyr.a(set.c.obj)
                              (--whole-archive)
zephyr/libzephyr.a(timeutil.c.obj)
                              (--whole-archive)
zephyr/libzephyr.a(bitarray.c.obj)
                              (--whole-archive)
zephyr/libzephyr.a(bitmask.c.obj)
                              (--whole-archive)
zephyr/libzephyr.a(getopt.c.obj)
                              (--whole-archive)
zephyr/libzephyr.a(getopt_common.c.obj)
                              (--whole-archive)
zephyr/libzephyr.a(ring_buffer.c.obj)
                              (--whole-archive)
zephyr/libzephyr.a(last_section_id.c.obj)
                              (--whole-archive)
zephyr/libzephyr.a(configs.c.obj)
                              (--whole-archive)
zephyr/libzephyr.a(stm32cube_hal.c.obj)
                              (--whole-archive)
zephyr/libzephyr.a(soc_config.c.obj)
                              (--whole-archive)
zephyr/libzephyr.a(gpioport_mgr.c.obj)
                              (--whole-archive)
zephyr/libzephyr.a(stm32_backup_domain.c.obj)
                              (--whole-archive)
zephyr/libzephyr.a(soc.c.obj)
                              (--whole-archive)
zephyr/libzephyr.a(thread_info.c.obj)
                              (--whole-archive)
zephyr/libzephyr.a(log_core.c.obj)
                              (--whole-archive)
zephyr/libzephyr.a(log_mgmt.c.obj)
                              (--whole-archive)
zephyr/libzephyr.a(log_cache.c.obj)
                              (--whole-archive)
zephyr/libzephyr.a(log_msg.c.obj)
                              (--whole-archive)
zephyr/libzephyr.a(log_output.c.obj)
                              (--whole-archive)
zephyr/libzephyr.a(log_backend_uart.c.obj)
                              (--whole-archive)
zephyr/libzephyr.a(mem_attr.c.obj)
                              (--whole-archive)
zephyr/libzephyr.a(tracing_none.c.obj)
                              (--whole-archive)
zephyr/arch/common/libarch__common.a(sw_isr_common.c.obj)
                              (--whole-archive)
zephyr/arch/common/libarch__common.a(init.c.obj)
                              (--whole-archive)
zephyr/arch/common/libarch__common.a(xip.c.obj)
                              (--whole-archive)
zephyr/arch/arch/arm/core/libarch__arm__core.a(fatal.c.obj)
                              (--whole-archive)
zephyr/arch/arch/arm/core/libarch__arm__core.a(nmi.c.obj)
                              (--whole-archive)
zephyr/arch/arch/arm/core/libarch__arm__core.a(nmi_on_reset.S.obj)
                              (--whole-archive)
zephyr/arch/arch/arm/core/libarch__arm__core.a(tls.c.obj)
                              (--whole-archive)
zephyr/arch/arch/arm/core/cortex_m/libarch__arm__core__cortex_m.a(fault.c.obj)
                              (--whole-archive)
zephyr/arch/arch/arm/core/cortex_m/libarch__arm__core__cortex_m.a(fault_s.S.obj)
                              (--whole-archive)
zephyr/arch/arch/arm/core/cortex_m/libarch__arm__core__cortex_m.a(fpu.c.obj)
                              (--whole-archive)
zephyr/arch/arch/arm/core/cortex_m/libarch__arm__core__cortex_m.a(reset.S.obj)
                              (--whole-archive)
zephyr/arch/arch/arm/core/cortex_m/libarch__arm__core__cortex_m.a(scb.c.obj)
                              (--whole-archive)
zephyr/arch/arch/arm/core/cortex_m/libarch__arm__core__cortex_m.a(vector_table.S.obj)
                              (--whole-archive)
zephyr/arch/arch/arm/core/cortex_m/libarch__arm__core__cortex_m.a(svc.S.obj)
                              (--whole-archive)
zephyr/arch/arch/arm/core/cortex_m/libarch__arm__core__cortex_m.a(irq_manage.c.obj)
                              (--whole-archive)
zephyr/arch/arch/arm/core/cortex_m/libarch__arm__core__cortex_m.a(prep_c.c.obj)
                              (--whole-archive)
[...]
Memory Configuration

Name             Origin             Length             Attributes
FLASH            0x08000000         0x00080000         xr
RAM              0x20000000         0x00018000         xw
SRAM0            0x20000000         0x00018000         rw
IDT_LIST         0xffff7fff         0x00008000         xw
*default*        0x00000000         0xffffffff

Linker script and memory map

                0x080061ec                        vfprintf = __l_vfprintf
                0x00000000                        vfscanf = __l_vfscanf
LOAD zephyr/CMakeFiles/zephyr_final.dir/misc/empty_file.c.obj
LOAD zephyr/CMakeFiles/zephyr_final.dir/isr_tables.c.obj
LOAD zephyr/CMakeFiles/offsets.dir/./arch/arm/core/offsets/offsets.c.obj
LOAD app/libapp.a
LOAD zephyr/libzephyr.a
LOAD zephyr/arch/common/libarch__common.a
LOAD zephyr/arch/arch/arm/core/libarch__arm__core.a
LOAD zephyr/arch/arch/arm/core/cortex_m/libarch__arm__core__cortex_m.a
LOAD zephyr/arch/arch/arm/core/mpu/libarch__arm__core__mpu.a
LOAD zephyr/lib/libc/picolibc/liblib__libc__picolibc.a
LOAD zephyr/lib/libc/common/liblib__libc__common.a
LOAD zephyr/lib/posix/c_lib_ext/liblib__posix__c_lib_ext.a
LOAD zephyr/drivers/interrupt_controller/libdrivers__interrupt_controller.a
LOAD zephyr/drivers/adc/libdrivers__adc.a
LOAD zephyr/drivers/clock_control/libdrivers__clock_control.a
LOAD zephyr/drivers/console/libdrivers__console.a
LOAD zephyr/drivers/gpio/libdrivers__gpio.a
LOAD zephyr/drivers/pinctrl/libdrivers__pinctrl.a
LOAD zephyr/drivers/pwm/libdrivers__pwm.a
LOAD zephyr/drivers/reset/libdrivers__reset.a
LOAD zephyr/drivers/rtc/libdrivers__rtc.a
LOAD zephyr/drivers/serial/libdrivers__serial.a
LOAD zephyr/drivers/timer/libdrivers__timer.a
LOAD modules/hal_stm32/stm32cube/lib..__modules__hal__stm32__stm32cube.a
LOAD zephyr/kernel/libkernel.a
LOAD zephyr/arch/common/libisr_tables.a
LOAD C:/Users/razie/zephyr-sdk-1.0.1/gnu/arm-zephyr-eabi/bin/../lib/gcc/arm-zephyr-eabi/14.3.0/../../../../arm-zephyr-eabi/lib/thumb/v7e-m/nofp\libc.a
LOAD C:/Users/razie/zephyr-sdk-1.0.1/gnu/arm-zephyr-eabi/bin/../lib/gcc/arm-zephyr-eabi/14.3.0/thumb/v7e-m/nofp\libgcc.a
                0x00000020                        _region_min_align = 0x20

.rel.plt        0x08000000        0x0
 *(SORT_BY_ALIGNMENT(.rel.plt))
                [!provide]                        PROVIDE (__rel_iplt_start = .)
 *(SORT_BY_ALIGNMENT(.rel.iplt))
 .rel.iplt      0x08000000        0x0 zephyr/CMakeFiles/zephyr_final.dir/isr_tables.c.obj
                [!provide]                        PROVIDE (__rel_iplt_end = .)

.rela.plt       0x00000000        0x0
 *(SORT_BY_ALIGNMENT(.rela.plt))
                [!provide]                        PROVIDE (__rela_iplt_start = .)
 *(SORT_BY_ALIGNMENT(.rela.iplt))
                [!provide]                        PROVIDE (__rela_iplt_end = .)

.rel.dyn
 *(SORT_BY_ALIGNMENT(.rel.*))

.rela.dyn
 *(SORT_BY_ALIGNMENT(.rela.*))

/DISCARD/
 *(SORT_BY_ALIGNMENT(.plt))

/DISCARD/
 *(SORT_BY_ALIGNMENT(.iplt))
                0x08000000                        __rom_region_start = 0x8000000

rom_start       0x08000000      0x168
                0x08000000                        __rom_start_address = .
 FILL mask 0x00
                0x08000000                        . = (. + (0x0 - (. - __rom_start_address)))
                0x08000000                        . = ALIGN (0x4)
                0x08000000                        . = ALIGN (0x80)
                0x08000000                        . = ALIGN (0x200)
                0x08000000                        _vector_start = .
 *(SORT_BY_ALIGNMENT(.exc_vector_table))
 *(SORT_BY_ALIGNMENT(.exc_vector_table.*))
 .exc_vector_table._vector_table_section
                0x08000000       0x40 zephyr/arch/arch/arm/core/cortex_m/libarch__arm__core__cortex_m.a(vector_table.S.obj)
                0x08000000                _vector_table
 *(SORT_BY_ALIGNMENT(.vectors))
                0x08000168                        _vector_end = .
                0x08000040                        . = ALIGN (0x4)
 *(SORT_BY_ALIGNMENT(.gnu.linkonce.irq_vector_table*))
 .gnu.linkonce.irq_vector_table
                0x08000040      0x128 zephyr/CMakeFiles/zephyr_final.dir/isr_tables.c.obj
                0x08000040                _irq_vector_table
                0x08000168                        _vector_end = .

text            0x08000180     0x8be4
                0x08000180                        __text_region_start = .
 *(SORT_BY_ALIGNMENT(.text))
 .text          0x08000180       0xd8 C:/Users/razie/zephyr-sdk-1.0.1/gnu/arm-zephyr-eabi/bin/../lib/gcc/arm-zephyr-eabi/14.3.0/../../../../arm-zephyr-eabi/lib/thumb/v7e-m/nofp\libc.a(strlen.S.o)
                0x08000180                strlen
 .text          0x08000258      0x134 C:/Users/razie/zephyr-sdk-1.0.1/gnu/arm-zephyr-eabi/bin/../lib/gcc/arm-zephyr-eabi/14.3.0/../../../../arm-zephyr-eabi/lib/thumb/v7e-m/nofp\libc.a(memcpy.S.o)
                0x08000258                __aeabi_memcpy
                0x08000258                __aeabi_memcpy4
                0x08000258                __aeabi_memcpy8
                0x08000258                memcpy
 .text          0x0800038c       0x30 C:/Users/razie/zephyr-sdk-1.0.1/gnu/arm-zephyr-eabi/bin/../lib/gcc/arm-zephyr-eabi/14.3.0/thumb/v7e-m/nofp\libgcc.a(_aeabi_uldivmod.o)
                0x0800038c                __aeabi_uldivmod
 .text          0x080003bc        0x4 C:/Users/razie/zephyr-sdk-1.0.1/gnu/arm-zephyr-eabi/bin/../lib/gcc/arm-zephyr-eabi/14.3.0/thumb/v7e-m/nofp\libgcc.a(_dvmd_tls.o)
                0x080003bc                __aeabi_idiv0
                0x080003bc                __aeabi_ldiv0
 .text          0x080003c0       0x26 C:/Users/razie/zephyr-sdk-1.0.1/gnu/arm-zephyr-eabi/bin/../lib/gcc/arm-zephyr-eabi/14.3.0/thumb/v7e-m/nofp\libgcc.a(_popcountsi2.o)
                0x080003c0                __popcountsi2
 .text          0x080003e6      0x2bc C:/Users/razie/zephyr-sdk-1.0.1/gnu/arm-zephyr-eabi/bin/../lib/gcc/arm-zephyr-eabi/14.3.0/thumb/v7e-m/nofp\libgcc.a(_udivmoddi4.o)
                0x080003e6                __udivmoddi4
 *(SORT_BY_ALIGNMENT(.text.*))
 *fill*         0x080006a2        0x2 
 .text.cbvprintf_package
                0x080006a4      0x494 zephyr/libzephyr.a(cbprintf_packaged.c.obj)
                0x080006a4                cbvprintf_package
 .text.cbprintf_package_convert
                0x08000b38      0x4b4 zephyr/libzephyr.a(cbprintf_packaged.c.obj)
                0x08000b38                cbprintf_package_convert
 .text.__printk_hook_install
                0x08000fec        0xc zephyr/libzephyr.a(printk.c.obj)
                0x08000fec                __printk_hook_install
 .text.z_thread_entry
                0x08000ff8       0x34 zephyr/libzephyr.a(thread_entry.c.obj)
                0x08000ff8                z_thread_entry
 .text.st_stm32_common_config
                0x0800102c       0x14 zephyr/libzephyr.a(soc_config.c.obj)
 .text.stm32_gpioport_pm_action
                0x08001040       0x54 zephyr/libzephyr.a(gpioport_mgr.c.obj)
 .text.stm32_gpioport_init
                0x08001094       0x10 zephyr/libzephyr.a(gpioport_mgr.c.obj)
 .text.stm32_gpioport_get
                0x080010a4       0x24 zephyr/libzephyr.a(gpioport_mgr.c.obj)
                0x080010a4                stm32_gpioport_get
 .text.stm32_backup_domain_enable_access
                0x080010c8       0x44 zephyr/libzephyr.a(stm32_backup_domain.c.obj)
                0x080010c8                stm32_backup_domain_enable_access
 .text.stm32_backup_domain_disable_access
                0x0800110c       0x78 zephyr/libzephyr.a(stm32_backup_domain.c.obj)
                0x0800110c                stm32_backup_domain_disable_access
 .text.soc_early_init_hook
                0x08001184       0x30 zephyr/libzephyr.a(soc.c.obj)
                0x08001184                soc_early_init_hook
 .text.msg_process
                0x080011b4       0x3c zephyr/libzephyr.a(log_core.c.obj)
 .text.log_backend_notify_all
                0x080011f0       0x30 zephyr/libzephyr.a(log_core.c.obj)
 .text.default_lf_get_timestamp
                0x08001220       0x48 zephyr/libzephyr.a(log_core.c.obj)
 .text.activate_foreach_backend
                0x08001268       0x64 zephyr/libzephyr.a(log_core.c.obj)
 .text.z_log_init
                0x080012cc       0x94 zephyr/libzephyr.a(log_core.c.obj)
 .text.thread_set
                0x08001360       0x28 zephyr/libzephyr.a(log_core.c.obj)
 .text.log_process_thread_timer_expiry_fn
                0x08001388       0x10 zephyr/libzephyr.a(log_core.c.obj)
 .text.enable_logger
                0x08001398       0x5c zephyr/libzephyr.a(log_core.c.obj)
 .text.log_format_func_t_get
                0x080013f4        0xc zephyr/libzephyr.a(log_core.c.obj)
                0x080013f4                log_format_func_t_get
 .text.log_set_timestamp_func
                0x08001400       0x24 zephyr/libzephyr.a(log_core.c.obj)
                0x08001400                log_set_timestamp_func
 .text.z_log_notify_backend_enabled
                0x08001424       0x20 zephyr/libzephyr.a(log_core.c.obj)
                0x08001424                z_log_notify_backend_enabled
 .text.z_log_dropped
                0x08001444       0x54 zephyr/libzephyr.a(log_core.c.obj)
                0x08001444                z_log_dropped
 .text.z_log_dropped_read_and_clear
                0x08001498       0x20 zephyr/libzephyr.a(log_core.c.obj)
                0x08001498                z_log_dropped_read_and_clear
 .text.dropped_notify
                0x080014b8       0x38 zephyr/libzephyr.a(log_core.c.obj)
                0x080014b8                dropped_notify
 .text.z_log_dropped_pending
                0x080014f0       0x14 zephyr/libzephyr.a(log_core.c.obj)
                0x080014f0                z_log_dropped_pending
 .text.z_log_msg_init
                0x08001504       0x20 zephyr/libzephyr.a(log_core.c.obj)
                0x08001504                z_log_msg_init
 .text.log_core_init
                0x08001524       0x50 zephyr/libzephyr.a(log_core.c.obj)
                0x08001524                log_core_init
 .text.z_log_msg_alloc
                0x08001574       0x10 zephyr/libzephyr.a(log_core.c.obj)
                0x08001574                z_log_msg_alloc
 .text.z_log_msg_local_claim
                0x08001584       0x10 zephyr/libzephyr.a(log_core.c.obj)
                0x08001584                z_log_msg_local_claim
 .text.z_log_msg_free
                0x08001594       0x14 zephyr/libzephyr.a(log_core.c.obj)
                0x08001594                z_log_msg_free
 .text.z_log_msg_pending
                0x080015a8       0x10 zephyr/libzephyr.a(log_core.c.obj)
                0x080015a8                z_log_msg_pending
 .text.z_impl_log_process
                0x080015b8       0xe0 zephyr/libzephyr.a(log_core.c.obj)
                0x080015b8                z_impl_log_process
 .text.z_impl_log_panic
                0x08001698       0x4c zephyr/libzephyr.a(log_core.c.obj)
                0x08001698                z_impl_log_panic
 .text.z_log_msg_post_finalize
                0x080016e4       0x84 zephyr/libzephyr.a(log_core.c.obj)
 .text.z_log_msg_commit
                0x08001768       0x20 zephyr/libzephyr.a(log_core.c.obj)
                0x08001768                z_log_msg_commit
 .text.log_process_thread_func
                0x08001788       0x78 zephyr/libzephyr.a(log_core.c.obj)
 .text.log_src_cnt_get
                0x08001800       0x14 zephyr/libzephyr.a(log_mgmt.c.obj)
                0x08001800                log_src_cnt_get
 .text.log_source_name_get
                0x08001814       0x1c zephyr/libzephyr.a(log_mgmt.c.obj)
                0x08001814                log_source_name_get
 .text.cbprintf_package_copy
                0x08001830       0x30 zephyr/libzephyr.a(log_msg.c.obj)
 .text.z_impl_z_log_msg_static_create
                0x08001860      0x158 zephyr/libzephyr.a(log_msg.c.obj)
                0x08001860                z_impl_z_log_msg_static_create
 .text.z_log_msg_runtime_vcreate
                0x080019b8       0xac zephyr/libzephyr.a(log_msg.c.obj)
                0x080019b8                z_log_msg_runtime_vcreate
 .text.log_msg_get_source_id
                0x08001a64       0x18 zephyr/libzephyr.a(log_msg.c.obj)
                0x08001a64                log_msg_get_source_id
 .text.print_formatted
                0x08001a7c       0x24 zephyr/libzephyr.a(log_output.c.obj)
 .text.timestamp_print
                0x08001aa0       0x8c zephyr/libzephyr.a(log_output.c.obj)
 .text.color_print
                0x08001b2c       0x2c zephyr/libzephyr.a(log_output.c.obj)
 .text.ids_print
                0x08001b58       0x70 zephyr/libzephyr.a(log_output.c.obj)
 .text.prefix_print
                0x08001bc8       0x90 zephyr/libzephyr.a(log_output.c.obj)
 .text.newline_print
                0x08001c58       0x28 zephyr/libzephyr.a(log_output.c.obj)
 .text.hexdump_line_print
                0x08001c80       0xc4 zephyr/libzephyr.a(log_output.c.obj)
 .text.log_output_process
                0x08001d44       0x8c zephyr/libzephyr.a(log_output.c.obj)
                0x08001d44                log_output_process
 .text.log_output_dropped_process
                0x08001dd0       0x84 zephyr/libzephyr.a(log_output.c.obj)
                0x08001dd0                log_output_dropped_process
 .text.log_output_timestamp_freq_set
                0x08001e54       0x2c zephyr/libzephyr.a(log_output.c.obj)
                0x08001e54                log_output_timestamp_freq_set
 .text.char_out
                0x08001e80       0x24 zephyr/libzephyr.a(log_backend_uart.c.obj)
 .text.mem_attr_get_regions
                0x08001ea4        0xc zephyr/libzephyr.a(mem_attr.c.obj)
                0x08001ea4                mem_attr_get_regions
 .text.arch_bss_zero
                0x08001eb0       0x18 zephyr/arch/common/libarch__common.a(init.c.obj)
                0x08001eb0                arch_bss_zero
 .text.arch_data_copy
                0x08001ec8       0x34 zephyr/arch/common/libarch__common.a(xip.c.obj)
                0x08001ec8                arch_data_copy
 .text.esf_dump
                0x08001efc      0x160 zephyr/arch/arch/arm/core/libarch__arm__core.a(fatal.c.obj)
 .text.z_arm_fatal_error
                0x0800205c       0x38 zephyr/arch/arch/arm/core/libarch__arm__core.a(fatal.c.obj)
                0x0800205c                z_arm_fatal_error
 .text.z_SysNmiOnReset
                0x08002094        0x8 zephyr/arch/arch/arm/core/libarch__arm__core.a(nmi_on_reset.S.obj)
                0x08002094                z_SysNmiOnReset
 .text.z_tls_copy
                0x0800209c       0x28 zephyr/arch/arch/arm/core/libarch__arm__core.a(tls.c.obj)
 .text.arch_tls_stack_setup
                0x080020c4       0x28 zephyr/arch/arch/arm/core/libarch__arm__core.a(tls.c.obj)
                0x080020c4                arch_tls_stack_setup
 .text.z_arm_is_synchronous_svc
                0x080020ec       0x48 zephyr/arch/arch/arm/core/cortex_m/libarch__arm__core__cortex_m.a(fault.c.obj)
 .text.get_esf  0x08002134       0x48 zephyr/arch/arch/arm/core/cortex_m/libarch__arm__core__cortex_m.a(fault.c.obj)
 .text.usage_fault
                0x0800217c       0xd4 zephyr/arch/arch/arm/core/cortex_m/libarch__arm__core__cortex_m.a(fault.c.obj)
 .text.debug_monitor
                0x08002250       0x1c zephyr/arch/arch/arm/core/cortex_m/libarch__arm__core__cortex_m.a(fault.c.obj)
 .text.reserved_exception
                0x0800226c       0xd8 zephyr/arch/arch/arm/core/cortex_m/libarch__arm__core__cortex_m.a(fault.c.obj)
 .text.bus_fault
                0x08002344      0x110 zephyr/arch/arch/arm/core/cortex_m/libarch__arm__core__cortex_m.a(fault.c.obj)
 .text.mem_manage_fault
                0x08002454      0x148 zephyr/arch/arch/arm/core/cortex_m/libarch__arm__core__cortex_m.a(fault.c.obj)
 .text.hard_fault
                0x0800259c       0xd0 zephyr/arch/arch/arm/core/cortex_m/libarch__arm__core__cortex_m.a(fault.c.obj)
 .text.z_arm_fault
                0x0800266c       0x84 zephyr/arch/arch/arm/core/cortex_m/libarch__arm__core__cortex_m.a(fault.c.obj)
                0x0800266c                z_arm_fault
 .text.z_arm_fault_init
                0x080026f0       0x18 zephyr/arch/arch/arm/core/cortex_m/libarch__arm__core__cortex_m.a(fault.c.obj)
                0x080026f0                z_arm_fault_init
 .text.__fault  0x08002708       0x14 zephyr/arch/arch/arm/core/cortex_m/libarch__arm__core__cortex_m.a(fault_s.S.obj)
                0x08002708                z_arm_usage_fault
                0x08002708                z_arm_mpu_fault
                0x08002708                z_arm_exc_spurious
                0x08002708                z_arm_debug_monitor
                0x08002708                z_arm_hard_fault
                0x08002708                z_arm_bus_fault
 .text._reset_section
                0x0800271c       0x40 zephyr/arch/arch/arm/core/cortex_m/libarch__arm__core__cortex_m.a(reset.S.obj)
                0x0800271c                __start
                0x0800271c                z_arm_reset
 .text.z_arm_svc
                0x0800275c       0x24 zephyr/arch/arch/arm/core/cortex_m/libarch__arm__core__cortex_m.a(svc.S.obj)
                0x0800275c                z_arm_svc
 .text.__NVIC_EnableIRQ
                0x08002780       0x1c zephyr/arch/arch/arm/core/cortex_m/libarch__arm__core__cortex_m.a(irq_manage.c.obj)
 .text.__NVIC_SetPriority
                0x0800279c       0x28 zephyr/arch/arch/arm/core/cortex_m/libarch__arm__core__cortex_m.a(irq_manage.c.obj)
 .text.relocate_vector_table
                0x080027c4       0x1c zephyr/arch/arch/arm/core/cortex_m/libarch__arm__core__cortex_m.a(prep_c.c.obj)
                0x080027c4                relocate_vector_table
 .text.z_prep_c
                0x080027e0       0x38 zephyr/arch/arch/arm/core/cortex_m/libarch__arm__core__cortex_m.a(prep_c.c.obj)
                0x080027e0                z_prep_c
 .text.min_stack
                0x08002818       0x48 zephyr/arch/arch/arm/core/cortex_m/libarch__arm__core__cortex_m.a(thread.c.obj)
 .text.arch_new_thread
                0x08002860       0x44 zephyr/arch/arch/arm/core/cortex_m/libarch__arm__core__cortex_m.a(thread.c.obj)
                0x08002860                arch_new_thread
 .text.arch_switch_to_main_thread
                0x080028a4       0x40 zephyr/arch/arch/arm/core/cortex_m/libarch__arm__core__cortex_m.a(thread.c.obj)
                0x080028a4                arch_switch_to_main_thread
 .text.z_arm_cpu_idle_init
                0x080028e4        0xc zephyr/arch/arch/arm/core/cortex_m/libarch__arm__core__cortex_m.a(cpu_idle.c.obj)
                0x080028e4                z_arm_cpu_idle_init
 .text._HandlerModeExit
                0x080028f0       0x20 zephyr/arch/arch/arm/core/cortex_m/libarch__arm__core__cortex_m.a(exc_exit.c.obj)
                0x080028f0                z_arm_int_exit
                0x080028f0                z_arm_exc_exit
 .text.z_impl_k_thread_abort
                0x08002910       0x34 zephyr/arch/arch/arm/core/cortex_m/libarch__arm__core__cortex_m.a(thread_abort.c.obj)
                0x08002910                z_impl_k_thread_abort
 .text.z_arm_pendsv
                0x08002944       0x64 zephyr/arch/arch/arm/core/cortex_m/libarch__arm__core__cortex_m.a(swap_helper.S.obj)
                0x08002944                z_arm_pendsv
 .text.z_arm_interrupt_init
                0x080029a8       0x34 zephyr/arch/arch/arm/core/cortex_m/libarch__arm__core__cortex_m.a(irq_init.c.obj)
                0x080029a8                z_arm_interrupt_init
 .text._isr_wrapper
                0x080029dc       0x20 zephyr/arch/arch/arm/core/cortex_m/libarch__arm__core__cortex_m.a(isr_wrapper.c.obj)
                0x080029dc                _isr_wrapper
 .text.__aeabi_read_tp
                0x080029fc        0xc zephyr/arch/arch/arm/core/cortex_m/libarch__arm__core__cortex_m.a(__aeabi_read_tp.S.obj)
                0x080029fc                __aeabi_read_tp
 .text.z_arm_configure_static_mpu_regions
                0x08002a08       0x1c zephyr/arch/arch/arm/core/mpu/libarch__arm__core__mpu.a(arm_core_mpu.c.obj)
                0x08002a08                z_arm_configure_static_mpu_regions
 .text.z_arm_configure_dynamic_mpu_regions
                0x08002a24       0x24 zephyr/arch/arch/arm/core/mpu/libarch__arm__core__mpu.a(arm_core_mpu.c.obj)
                0x08002a24                z_arm_configure_dynamic_mpu_regions
 .text.region_init
                0x08002a48       0x28 zephyr/arch/arch/arm/core/mpu/libarch__arm__core__mpu.a(arm_mpu.c.obj)
 .text.region_allocate_and_init
                0x08002a70       0x3c zephyr/arch/arch/arm/core/mpu/libarch__arm__core__mpu.a(arm_mpu.c.obj)
 .text.mpu_configure_regions
                0x08002aac       0x64 zephyr/arch/arch/arm/core/mpu/libarch__arm__core__mpu.a(arm_mpu.c.obj)
 .text.mpu_configure_static_mpu_regions
                0x08002b10       0x14 zephyr/arch/arch/arm/core/mpu/libarch__arm__core__mpu.a(arm_mpu.c.obj)
 .text.mpu_configure_dynamic_mpu_regions
                0x08002b24       0x3c zephyr/arch/arch/arm/core/mpu/libarch__arm__core__mpu.a(arm_mpu.c.obj)
 .text.arm_core_mpu_enable
                0x08002b60       0x18 zephyr/arch/arch/arm/core/mpu/libarch__arm__core__mpu.a(arm_mpu.c.obj)
                0x08002b60                arm_core_mpu_enable
 .text.arm_core_mpu_disable
                0x08002b78       0x14 zephyr/arch/arch/arm/core/mpu/libarch__arm__core__mpu.a(arm_mpu.c.obj)
                0x08002b78                arm_core_mpu_disable
 .text.z_arm_mpu_init
                0x08002b8c       0x80 zephyr/arch/arch/arm/core/mpu/libarch__arm__core__mpu.a(arm_mpu.c.obj)
                0x08002b8c                z_arm_mpu_init
 .text.cbvprintf
                0x08002c0c       0x38 zephyr/lib/libc/picolibc/liblib__libc__picolibc.a(cbprintf.c.obj)
                0x08002c0c                cbvprintf
 .text.z_impl_zephyr_fputc
                0x08002c44       0x10 zephyr/lib/libc/picolibc/liblib__libc__picolibc.a(stdio.c.obj)
                0x08002c44                z_impl_zephyr_fputc
 .text.__stdout_hook_install
                0x08002c54       0x18 zephyr/lib/libc/picolibc/liblib__libc__picolibc.a(stdio.c.obj)
                0x08002c54                __stdout_hook_install
 .text.malloc_prepare
                0x08002c6c       0x24 zephyr/lib/libc/common/liblib__libc__common.a(malloc.c.obj)
 .text.stm32_exti_enable_clocks
                0x08002c90       0x34 zephyr/drivers/interrupt_controller/libdrivers__interrupt_controller.a(intc_exti_stm32.c.obj)
 .text.stm32_exti_is_pending
                0x08002cc4       0x38 zephyr/drivers/interrupt_controller/libdrivers__interrupt_controller.a(intc_exti_stm32.c.obj)
                0x08002cc4                stm32_exti_is_pending
 .text.stm32_exti_clear_pending
                0x08002cfc       0x34 zephyr/drivers/interrupt_controller/libdrivers__interrupt_controller.a(intc_exti_stm32.c.obj)
                0x08002cfc                stm32_exti_clear_pending
 .text.stm32_fill_irq_table
                0x08002d30       0x24 zephyr/drivers/interrupt_controller/libdrivers__interrupt_controller.a(intc_gpio_stm32.c.obj)
 .text.stm32_intc_gpio_isr
                0x08002d54       0x48 zephyr/drivers/interrupt_controller/libdrivers__interrupt_controller.a(intc_gpio_stm32.c.obj)
 .text.LL_SYSCFG_SetEXTISource
                0x08002d9c       0x38 zephyr/drivers/interrupt_controller/libdrivers__interrupt_controller.a(intc_gpio_stm32.c.obj)
 .text.LL_SYSCFG_GetEXTISource
                0x08002dd4       0x28 zephyr/drivers/interrupt_controller/libdrivers__interrupt_controller.a(intc_gpio_stm32.c.obj)
 .text.stm32_gpio_intc_enable_line
                0x08002dfc       0x30 zephyr/drivers/interrupt_controller/libdrivers__interrupt_controller.a(intc_gpio_stm32.c.obj)
                0x08002dfc                stm32_gpio_intc_enable_line
 .text.stm32_gpio_intc_disable_line
                0x08002e2c       0x10 zephyr/drivers/interrupt_controller/libdrivers__interrupt_controller.a(intc_gpio_stm32.c.obj)
                0x08002e2c                stm32_gpio_intc_disable_line
 .text.stm32_gpio_intc_select_line_trigger
                0x08002e3c       0x58 zephyr/drivers/interrupt_controller/libdrivers__interrupt_controller.a(intc_gpio_stm32.c.obj)
                0x08002e3c                stm32_gpio_intc_select_line_trigger
 .text.stm32_gpio_intc_set_irq_callback
                0x08002e94       0x4c zephyr/drivers/interrupt_controller/libdrivers__interrupt_controller.a(intc_gpio_stm32.c.obj)
                0x08002e94                stm32_gpio_intc_set_irq_callback
 .text.stm32_gpio_intc_remove_irq_callback
                0x08002ee0       0x24 zephyr/drivers/interrupt_controller/libdrivers__interrupt_controller.a(intc_gpio_stm32.c.obj)
                0x08002ee0                stm32_gpio_intc_remove_irq_callback
 .text.adc_stm32_set_clock
                0x08002f04       0x78 zephyr/drivers/adc/libdrivers__adc.a(adc_stm32.c.obj)
 .text.set_sequencer
                0x08002f7c       0x98 zephyr/drivers/adc/libdrivers__adc.a(adc_stm32.c.obj)
 .text.check_buffer
                0x08003014       0x38 zephyr/drivers/adc/libdrivers__adc.a(adc_stm32.c.obj)
 .text.set_resolution
                0x0800304c       0x70 zephyr/drivers/adc/libdrivers__adc.a(adc_stm32.c.obj)
 .text.adc_stm32_sampling_time_check
                0x080030bc       0x64 zephyr/drivers/adc/libdrivers__adc.a(adc_stm32.c.obj)
 .text.adc_stm32_sampling_time_setup
                0x08003120       0x68 zephyr/drivers/adc/libdrivers__adc.a(adc_stm32.c.obj)
 .text.adc_stm32_channel_setup
                0x08003188       0x88 zephyr/drivers/adc/libdrivers__adc.a(adc_stm32.c.obj)
 .text.adc_context_enable_timer
                0x08003210       0x74 zephyr/drivers/adc/libdrivers__adc.a(adc_stm32.c.obj)
 .text.start_read
                0x08003284      0x130 zephyr/drivers/adc/libdrivers__adc.a(adc_stm32.c.obj)
 .text.adc_stm32_init
                0x080033b4       0x5c zephyr/drivers/adc/libdrivers__adc.a(adc_stm32.c.obj)
 .text.adc_stm32_isr
                0x08003410       0x68 zephyr/drivers/adc/libdrivers__adc.a(adc_stm32.c.obj)
 .text.adc_stm32_isr_18
                0x08003478       0x10 zephyr/drivers/adc/libdrivers__adc.a(adc_stm32.c.obj)
 .text.stm32_clock_switch_to_hsi
                0x08003488       0x38 zephyr/drivers/clock_control/libdrivers__clock_control.a(clock_stm32_ll_common.c.obj)
 .text.set_up_fixed_clock_sources
                0x080034c0       0x38 zephyr/drivers/clock_control/libdrivers__clock_control.a(clock_stm32_ll_common.c.obj)
 .text.stm32_clock_control_get_subsys_rate
                0x080034f8      0x118 zephyr/drivers/clock_control/libdrivers__clock_control.a(clock_stm32_ll_common.c.obj)
 .text.set_up_plls
                0x08003610       0x78 zephyr/drivers/clock_control/libdrivers__clock_control.a(clock_stm32_ll_common.c.obj)
 .text.enabled_clock
                0x08003688       0x24 zephyr/drivers/clock_control/libdrivers__clock_control.a(clock_stm32_ll_common.c.obj)
                0x08003688                enabled_clock
 .text.stm32_clock_control_init
                0x080036ac       0xa4 zephyr/drivers/clock_control/libdrivers__clock_control.a(clock_stm32_ll_common.c.obj)
                0x080036ac                stm32_clock_control_init
 .text.get_pllsrc_frequency
                0x08003750        0x8 zephyr/drivers/clock_control/libdrivers__clock_control.a(clock_stm32f2_f4_f7.c.obj)
                0x08003750                get_pllsrc_frequency
 .text.config_pll_sysclock
                0x08003758       0x48 zephyr/drivers/clock_control/libdrivers__clock_control.a(clock_stm32f2_f4_f7.c.obj)
                0x08003758                config_pll_sysclock
 .text.config_enable_default_clocks
                0x080037a0       0x20 zephyr/drivers/clock_control/libdrivers__clock_control.a(clock_stm32f2_f4_f7.c.obj)
                0x080037a0                config_enable_default_clocks
 .text.console_out
                0x080037c0       0x28 zephyr/drivers/console/libdrivers__console.a(uart_console.c.obj)
 .text.uart_console_hook_install
                0x080037e8       0x18 zephyr/drivers/console/libdrivers__console.a(uart_console.c.obj)
 .text.uart_console_init
                0x08003800       0x1c zephyr/drivers/console/libdrivers__console.a(uart_console.c.obj)
 .text.gpio_stm32_pin_interrupt_configure
                0x0800381c       0x94 zephyr/drivers/gpio/libdrivers__gpio.a(gpio_stm32.c.obj)
 .text.LL_TIM_OC_SetMode
                0x080038b0       0x70 zephyr/drivers/pwm/libdrivers__pwm.a(pwm_stm32.c.obj)
 .text.LL_TIM_OC_SetPolarity
                0x08003920       0x6c zephyr/drivers/pwm/libdrivers__pwm.a(pwm_stm32.c.obj)
 .text.LL_TIM_OC_SetIdleState
                0x0800398c       0x70 zephyr/drivers/pwm/libdrivers__pwm.a(pwm_stm32.c.obj)
 .text.LL_TIM_OC_EnablePreload
                0x080039fc       0x64 zephyr/drivers/pwm/libdrivers__pwm.a(pwm_stm32.c.obj)
 .text.pwm_stm32_set_cycles
                0x08003a60      0x140 zephyr/drivers/pwm/libdrivers__pwm.a(pwm_stm32.c.obj)
 .text.pwm_stm32_init
                0x08003ba0      0x360 zephyr/drivers/pwm/libdrivers__pwm.a(pwm_stm32.c.obj)
 .text.rtc_stm32_get_time
                0x08003f00      0x154 zephyr/drivers/rtc/libdrivers__rtc.a(rtc_stm32.c.obj)
 .text.rtc_stm32_enter_init_mode
                0x08004054       0x4c zephyr/drivers/rtc/libdrivers__rtc.a(rtc_stm32.c.obj)
 .text.rtc_stm32_set_time
                0x080040a0      0x158 zephyr/drivers/rtc/libdrivers__rtc.a(rtc_stm32.c.obj)
 .text.rtc_stm32_configure
                0x080041f8       0x80 zephyr/drivers/rtc/libdrivers__rtc.a(rtc_stm32.c.obj)
 .text.rtc_stm32_init
                0x08004278       0x84 zephyr/drivers/rtc/libdrivers__rtc.a(rtc_stm32.c.obj)
 .text.LL_USART_SetBaudRate
                0x080042fc       0xcc zephyr/drivers/serial/libdrivers__serial.a(uart_stm32.c.obj)
 .text.uart_stm32_poll_in
                0x080043c8       0x10 zephyr/drivers/serial/libdrivers__serial.a(uart_stm32.c.obj)
 .text.uart_stm32_poll_out
                0x080043d8       0x10 zephyr/drivers/serial/libdrivers__serial.a(uart_stm32.c.obj)
 .text.uart_stm32_clocks_enable
                0x080043e8       0x30 zephyr/drivers/serial/libdrivers__serial.a(uart_stm32.c.obj)
 .text.uart_stm32_set_baudrate
                0x08004418      0x17c zephyr/drivers/serial/libdrivers__serial.a(uart_stm32.c.obj)
 .text.uart_stm32_configure
                0x08004594      0x130 zephyr/drivers/serial/libdrivers__serial.a(uart_stm32.c.obj)
 .text.uart_stm32_registers_configure
                0x080046c4       0x80 zephyr/drivers/serial/libdrivers__serial.a(uart_stm32.c.obj)
 .text.elapsed  0x08004744       0x48 zephyr/drivers/timer/libdrivers__timer.a(cortex_m_systick.c.obj)
 .text.sys_clock_driver_init
                0x0800478c       0x34 zephyr/drivers/timer/libdrivers__timer.a(cortex_m_systick.c.obj)
 .text.sys_clock_isr
                0x080047c0       0x68 zephyr/drivers/timer/libdrivers__timer.a(cortex_m_systick.c.obj)
                0x080047c0                sys_clock_isr
 .text.sys_clock_set_timeout
                0x08004828      0x124 zephyr/drivers/timer/libdrivers__timer.a(cortex_m_systick.c.obj)
                0x08004828                sys_clock_set_timeout
 .text.sys_clock_elapsed
                0x0800494c       0x40 zephyr/drivers/timer/libdrivers__timer.a(cortex_m_systick.c.obj)
                0x0800494c                sys_clock_elapsed
 .text.sys_clock_cycle_get_32
                0x0800498c       0x28 zephyr/drivers/timer/libdrivers__timer.a(cortex_m_systick.c.obj)
                0x0800498c                sys_clock_cycle_get_32
 .text.HAL_RCC_GetSysClockFreq
                0x080049b4       0xdc modules/hal_stm32/stm32cube/lib..__modules__hal__stm32__stm32cube.a(stm32f4xx_hal_rcc.c.obj)
                0x080049b4                HAL_RCC_GetSysClockFreq
 .text.LL_SetFlashLatency
                0x08004a90       0x98 modules/hal_stm32/stm32cube/lib..__modules__hal__stm32__stm32cube.a(stm32f4xx_ll_utils.c.obj)
                0x08004a90                LL_SetFlashLatency
 .text.reason_to_str
                0x08004b28       0x40 zephyr/kernel/libkernel.a(fatal.c.obj)
 .text.thread_name_get
                0x08004b68       0x20 zephyr/kernel/libkernel.a(fatal.c.obj)
 .text.k_sys_fatal_error_handler
                0x08004b88       0x20 zephyr/kernel/libkernel.a(fatal.c.obj)
                0x08004b88                k_sys_fatal_error_handler
 .text.z_fatal_error
                0x08004ba8      0x1f4 zephyr/kernel/libkernel.a(fatal.c.obj)
                0x08004ba8                z_fatal_error
 .text.init_idle_thread
                0x08004d9c       0x60 zephyr/kernel/libkernel.a(init.c.obj)
 .text.z_sys_init_run_level
                0x08004dfc       0x38 zephyr/kernel/libkernel.a(init.c.obj)
 .text.thread_schedule_new
                0x08004e34       0x1c zephyr/kernel/libkernel.a(init.c.obj)
 .text.z_init_static_threads
                0x08004e50       0x70 zephyr/kernel/libkernel.a(init.c.obj)
 .text.bg_thread_main
                0x08004ec0       0x34 zephyr/kernel/libkernel.a(init.c.obj)
 .text.switch_to_main_thread
                0x08004ef4       0x14 zephyr/kernel/libkernel.a(init.c.obj)
 .text.z_init_cpu
                0x08004f08       0x44 zephyr/kernel/libkernel.a(init.c.obj)
                0x08004f08                z_init_cpu
 .text.prepare_multithreading
                0x08004f4c       0x60 zephyr/kernel/libkernel.a(init.c.obj)
 .text.z_cstart
                0x08004fac       0x7c zephyr/kernel/libkernel.a(init.c.obj)
                0x08004fac                z_cstart
 .text.z_impl_k_sem_give
                0x08005028       0x6c zephyr/kernel/libkernel.a(sem.c.obj)
                0x08005028                z_impl_k_sem_give
 .text.z_impl_k_sem_take
                0x08005094       0x50 zephyr/kernel/libkernel.a(sem.c.obj)
                0x08005094                z_impl_k_sem_take
 .text.thread_schedule_new
                0x080050e4       0x1c zephyr/kernel/libkernel.a(thread.c.obj)
 .text.z_impl_k_thread_name_set
                0x08005100       0x24 zephyr/kernel/libkernel.a(thread.c.obj)
                0x08005100                z_impl_k_thread_name_set
 .text.z_setup_new_thread
                0x08005124       0xc4 zephyr/kernel/libkernel.a(thread.c.obj)
                0x08005124                z_setup_new_thread
 .text.z_dummy_thread_init
                0x080051e8       0x20 zephyr/kernel/libkernel.a(thread.c.obj)
                0x080051e8                z_dummy_thread_init
 .text.z_swap_irqlock
                0x08005208       0x34 zephyr/kernel/libkernel.a(sched.c.obj)
 .text.reschedule
                0x0800523c       0x34 zephyr/kernel/libkernel.a(sched.c.obj)
 .text.ready_thread
                0x08005270       0xb0 zephyr/kernel/libkernel.a(sched.c.obj)
 .text.unready_thread
                0x08005320       0x68 zephyr/kernel/libkernel.a(sched.c.obj)
 .text.thread_halt_spin
                0x08005388      0x11c zephyr/kernel/libkernel.a(sched.c.obj)
 .text.add_thread_timeout
                0x080054a4       0x20 zephyr/kernel/libkernel.a(sched.c.obj)
 .text.move_current_to_end_of_prio_q
                0x080054c4       0x88 zephyr/kernel/libkernel.a(sched.c.obj)
                0x080054c4                move_current_to_end_of_prio_q
 .text.z_pend_curr
                0x0800554c       0x38 zephyr/kernel/libkernel.a(sched.c.obj)
                0x0800554c                z_pend_curr
 .text.k_sched_lock
                0x08005584       0x30 zephyr/kernel/libkernel.a(sched.c.obj)
                0x08005584                k_sched_lock
 .text.k_sched_unlock
                0x080055b4       0x64 zephyr/kernel/libkernel.a(sched.c.obj)
                0x080055b4                k_sched_unlock
 .text.z_sched_init
                0x08005618       0x10 zephyr/kernel/libkernel.a(sched.c.obj)
                0x08005618                z_sched_init
 .text.z_impl_k_yield
                0x08005628       0x9c zephyr/kernel/libkernel.a(sched.c.obj)
                0x08005628                z_impl_k_yield
 .text.z_tick_sleep
                0x080056c4       0x7c zephyr/kernel/libkernel.a(sched.c.obj)
 .text.z_impl_k_sleep
                0x08005740       0x78 zephyr/kernel/libkernel.a(sched.c.obj)
                0x08005740                z_impl_k_sleep
 .text.z_impl_k_wakeup
                0x080057b8       0x48 zephyr/kernel/libkernel.a(sched.c.obj)
                0x080057b8                z_impl_k_wakeup
 .text.z_impl_k_sched_current_thread_query
                0x08005800        0xc zephyr/kernel/libkernel.a(sched.c.obj)
                0x08005800                z_impl_k_sched_current_thread_query
 .text.z_thread_abort
                0x0800580c      0x16c zephyr/kernel/libkernel.a(sched.c.obj)
                0x0800580c                z_thread_abort
 .text.z_time_slice_size
                0x08005978       0x44 zephyr/kernel/libkernel.a(timeslicing.c.obj)
 .text.slice_timeout
                0x080059bc       0x20 zephyr/kernel/libkernel.a(timeslicing.c.obj)
 .text.z_reset_time_slice
                0x080059dc       0x44 zephyr/kernel/libkernel.a(timeslicing.c.obj)
                0x080059dc                z_reset_time_slice
 .text.z_time_slice
                0x08005a20       0x70 zephyr/kernel/libkernel.a(timeslicing.c.obj)
                0x08005a20                z_time_slice
 .text.z_thread_monitor_exit
                0x08005a90       0x3c zephyr/kernel/libkernel.a(thread_monitor.c.obj)
                0x08005a90                z_thread_monitor_exit
 .text.first    0x08005acc       0x14 zephyr/kernel/libkernel.a(timeout.c.obj)
 .text.next     0x08005ae0       0x18 zephyr/kernel/libkernel.a(timeout.c.obj)
 .text.elapsed  0x08005af8       0x18 zephyr/kernel/libkernel.a(timeout.c.obj)
 .text.z_add_timeout
                0x08005b10      0x134 zephyr/kernel/libkernel.a(timeout.c.obj)
                0x08005b10                z_add_timeout
 .text.sys_clock_announce_locked
                0x08005c44       0xc4 zephyr/kernel/libkernel.a(timeout.c.obj)
                0x08005c44                sys_clock_announce_locked
 .text.sys_clock_tick_get
                0x08005d08       0x40 zephyr/kernel/libkernel.a(timeout.c.obj)
                0x08005d08                sys_clock_tick_get
 .text.z_timer_expiration_handler
                0x08005d48      0x124 zephyr/kernel/libkernel.a(timer.c.obj)
                0x08005d48                z_timer_expiration_handler
 .text.z_impl_k_timer_start
                0x08005e6c       0x74 zephyr/kernel/libkernel.a(timer.c.obj)
                0x08005e6c                z_impl_k_timer_start
 .text.z_impl_k_timer_stop
                0x08005ee0       0x6c zephyr/kernel/libkernel.a(timer.c.obj)
                0x08005ee0                z_impl_k_timer_stop
 .text.boot_banner
                0x08005f4c       0x10 zephyr/kernel/libkernel.a(banner.c.obj)
                0x08005f4c                boot_banner
 .text.memset   0x08005f5c       0xb0 C:/Users/razie/zephyr-sdk-1.0.1/gnu/arm-zephyr-eabi/bin/../lib/gcc/arm-zephyr-eabi/14.3.0/../../../../arm-zephyr-eabi/lib/thumb/v7e-m/nofp\libc.a(memset.c.o)
                0x08005f5c                memset
 .text.strncpy  0x0800600c       0x58 C:/Users/razie/zephyr-sdk-1.0.1/gnu/arm-zephyr-eabi/bin/../lib/gcc/arm-zephyr-eabi/14.3.0/../../../../arm-zephyr-eabi/lib/thumb/v7e-m/nofp\libc.a(libc_string_strncpy.c.o)
                0x0800600c                strncpy
 .text.strnlen  0x08006064       0x24 C:/Users/razie/zephyr-sdk-1.0.1/gnu/arm-zephyr-eabi/bin/../lib/gcc/arm-zephyr-eabi/14.3.0/../../../../arm-zephyr-eabi/lib/thumb/v7e-m/nofp\libc.a(libc_string_strnlen.c.o)
                0x08006064                strnlen
 .text.snprintf
                0x08006088       0x68 C:/Users/razie/zephyr-sdk-1.0.1/gnu/arm-zephyr-eabi/bin/../lib/gcc/arm-zephyr-eabi/14.3.0/../../../../arm-zephyr-eabi/lib/thumb/v7e-m/nofp\libc.a(libc_tinystdio_snprintf.c.o)
                0x08006088                snprintf
 .text.__ultoa_invert
                0x080060f0       0xfc C:/Users/razie/zephyr-sdk-1.0.1/gnu/arm-zephyr-eabi/bin/../lib/gcc/arm-zephyr-eabi/14.3.0/../../../../arm-zephyr-eabi/lib/thumb/v7e-m/nofp\libc.a(libc_tinystdio_vflprintf.c.o)
 .text.__l_vfprintf
                0x080061ec      0x9b4 C:/Users/razie/zephyr-sdk-1.0.1/gnu/arm-zephyr-eabi/bin/../lib/gcc/arm-zephyr-eabi/14.3.0/../../../../arm-zephyr-eabi/lib/thumb/v7e-m/nofp\libc.a(libc_tinystdio_vflprintf.c.o)
                0x080061ec                __l_vfprintf
 .text.__file_str_put
                0x08006ba0       0x10 C:/Users/razie/zephyr-sdk-1.0.1/gnu/arm-zephyr-eabi/bin/../lib/gcc/arm-zephyr-eabi/14.3.0/../../../../arm-zephyr-eabi/lib/thumb/v7e-m/nofp\libc.a(libc_tinystdio_filestrput.c.o)
                0x08006ba0                __file_str_put
 .text._OffsetAbsSyms
                0x08006bb0        0x2 zephyr/CMakeFiles/offsets.dir/./arch/arm/core/offsets/offsets.c.obj
                0x08006bb0                _OffsetAbsSyms
 .text.free_list_add_bidx
                0x08006bb2       0x4e zephyr/libzephyr.a(heap.c.obj)
 .text.free_list_add
                0x08006c00       0x18 zephyr/libzephyr.a(heap.c.obj)
 .text.sys_heap_init
                0x08006c18       0x8a zephyr/libzephyr.a(heap.c.obj)
                0x08006c18                sys_heap_init
 .text.cbprintf_via_va_list
                0x08006ca2        0xe zephyr/libzephyr.a(cbprintf_packaged.c.obj)
 .text.is_fmt_spec
                0x08006cb0        0xe zephyr/libzephyr.a(cbprintf_packaged.c.obj)
 .text.get_package_len
                0x08006cbe       0x2a zephyr/libzephyr.a(cbprintf_packaged.c.obj)
 .text.append_string
                0x08006ce8       0x2c zephyr/libzephyr.a(cbprintf_packaged.c.obj)
 .text.cbpprintf_external
                0x08006d14       0x60 zephyr/libzephyr.a(cbprintf_packaged.c.obj)
                0x08006d14                cbpprintf_external
 .text.is_ptr   0x08006d74       0x4e zephyr/libzephyr.a(cbprintf_packaged.c.obj)
                0x08006d74                is_ptr
 .text.arch_printk_char_out
                0x08006dc2        0x4 zephyr/libzephyr.a(printk.c.obj)
                0x08006dc2                arch_printk_char_out
 .text.vprintk  0x08006dc6        0x8 zephyr/libzephyr.a(printk.c.obj)
                0x08006dc6                vprintk
 .text.printk   0x08006dce       0x1c zephyr/libzephyr.a(printk.c.obj)
                0x08006dce                printk
 .text.free_space
                0x08006dea       0x28 zephyr/libzephyr.a(mpsc_pbuf.c.obj)
 .text.available
                0x08006e12       0x24 zephyr/libzephyr.a(mpsc_pbuf.c.obj)
 .text.get_usage
                0x08006e36       0x24 zephyr/libzephyr.a(mpsc_pbuf.c.obj)
 .text.max_utilization_update
                0x08006e5a       0x1e zephyr/libzephyr.a(mpsc_pbuf.c.obj)
 .text.rd_idx_inc
                0x08006e78       0x26 zephyr/libzephyr.a(mpsc_pbuf.c.obj)
 .text.add_skip_item
                0x08006e9e       0x66 zephyr/libzephyr.a(mpsc_pbuf.c.obj)
 .text.drop_item_locked
                0x08006f04      0x12e zephyr/libzephyr.a(mpsc_pbuf.c.obj)
 .text.post_drop_action
                0x08007032       0x62 zephyr/libzephyr.a(mpsc_pbuf.c.obj)
 .text.mpsc_pbuf_init
                0x08007094       0x42 zephyr/libzephyr.a(mpsc_pbuf.c.obj)
                0x08007094                mpsc_pbuf_init
 .text.mpsc_pbuf_alloc
                0x080070d6      0x134 zephyr/libzephyr.a(mpsc_pbuf.c.obj)
                0x080070d6                mpsc_pbuf_alloc
 .text.mpsc_pbuf_commit
                0x0800720a       0x50 zephyr/libzephyr.a(mpsc_pbuf.c.obj)
                0x0800720a                mpsc_pbuf_commit
 .text.mpsc_pbuf_claim
                0x0800725a       0xe8 zephyr/libzephyr.a(mpsc_pbuf.c.obj)
                0x0800725a                mpsc_pbuf_claim
 .text.mpsc_pbuf_free
                0x08007342       0x88 zephyr/libzephyr.a(mpsc_pbuf.c.obj)
                0x08007342                mpsc_pbuf_free
 .text.mpsc_pbuf_is_pending
                0x080073ca       0x2c zephyr/libzephyr.a(mpsc_pbuf.c.obj)
                0x080073ca                mpsc_pbuf_is_pending
 .text._ConfigAbsSyms
                0x080073f6        0x2 zephyr/libzephyr.a(configs.c.obj)
                0x080073f6                _ConfigAbsSyms
 .text.pm_device_driver_init
                0x080073f8       0x24 zephyr/libzephyr.a(gpioport_mgr.c.obj)
 .text.LL_GPIO_SetPinSpeed
                0x0800741c       0x3a zephyr/libzephyr.a(gpioport_mgr.c.obj)
 .text.LL_GPIO_SetPinPull
                0x08007456       0x3a zephyr/libzephyr.a(gpioport_mgr.c.obj)
 .text.ll_gpio_set_pin_pull
                0x08007490        0x8 zephyr/libzephyr.a(gpioport_mgr.c.obj)
 .text.LL_GPIO_SetAFPin_0_7
                0x08007498       0x3a zephyr/libzephyr.a(gpioport_mgr.c.obj)
 .text.LL_GPIO_SetAFPin_8_15
                0x080074d2       0x3c zephyr/libzephyr.a(gpioport_mgr.c.obj)
 .text.LL_GPIO_SetPinMode
                0x0800750e       0x3a zephyr/libzephyr.a(gpioport_mgr.c.obj)
 .text.stm32_gpioport_configure_pin
                0x08007548       0x72 zephyr/libzephyr.a(gpioport_mgr.c.obj)
                0x08007548                stm32_gpioport_configure_pin
 .text.log_msg_generic_get_wlen
                0x080075ba       0x20 zephyr/libzephyr.a(log_core.c.obj)
 .text.log_backend_init
                0x080075da       0x14 zephyr/libzephyr.a(log_core.c.obj)
 .text.dummy_timestamp
                0x080075ee        0x4 zephyr/libzephyr.a(log_core.c.obj)
 .text.msg_filter_check
                0x080075f2        0x4 zephyr/libzephyr.a(log_core.c.obj)
 .text.k_msleep
                0x080075f6       0x20 zephyr/libzephyr.a(log_core.c.obj)
 .text.msg_alloc
                0x08007616        0xc zephyr/libzephyr.a(log_core.c.obj)
 .text.msg_free
                0x08007622        0x8 zephyr/libzephyr.a(log_core.c.obj)
 .text.msg_pending
                0x0800762a        0x8 zephyr/libzephyr.a(log_core.c.obj)
 .text.z_log_vprintk
                0x08007632       0x1e zephyr/libzephyr.a(log_core.c.obj)
                0x08007632                z_log_vprintk
 .text.z_log_notify_drop
                0x08007650        0xa zephyr/libzephyr.a(log_core.c.obj)
 .text.z_log_msg_claim
                0x0800765a        0x8 zephyr/libzephyr.a(log_core.c.obj)
                0x0800765a                z_log_msg_claim
 .text.msg_commit
                0x08007662        0xc zephyr/libzephyr.a(log_core.c.obj)
 .text.z_log_get_tag
                0x0800766e        0x4 zephyr/libzephyr.a(log_core.c.obj)
                0x0800766e                z_log_get_tag
 .text.log_backend_enable
                0x08007672       0x16 zephyr/libzephyr.a(log_mgmt.c.obj)
                0x08007672                log_backend_enable
 .text.z_cbprintf_cpy
                0x08007688       0x32 zephyr/libzephyr.a(log_msg.c.obj)
 .text.z_log_msg_finalize
                0x080076ba       0x2e zephyr/libzephyr.a(log_msg.c.obj)
                0x080076ba                z_log_msg_finalize
 .text.z_log_msg_simple_create
                0x080076e8       0x62 zephyr/libzephyr.a(log_msg.c.obj)
 .text.z_impl_z_log_msg_simple_create_0
                0x0800774a       0x14 zephyr/libzephyr.a(log_msg.c.obj)
                0x0800774a                z_impl_z_log_msg_simple_create_0
 .text.z_impl_z_log_msg_simple_create_1
                0x0800775e       0x16 zephyr/libzephyr.a(log_msg.c.obj)
                0x0800775e                z_impl_z_log_msg_simple_create_1
 .text.z_impl_z_log_msg_simple_create_2
                0x08007774       0x1a zephyr/libzephyr.a(log_msg.c.obj)
                0x08007774                z_impl_z_log_msg_simple_create_2
 .text.z_log_msg_static_create
                0x0800778e        0x8 zephyr/libzephyr.a(log_msg.c.obj)
 .text.log_output_flush
                0x08007796       0x2e zephyr/libzephyr.a(log_output.c.obj)
 .text.out_func
                0x080077c4       0x38 zephyr/libzephyr.a(log_output.c.obj)
 .text.cr_out_func
                0x080077fc       0x1e zephyr/libzephyr.a(log_output.c.obj)
 .text.color_prefix
                0x0800781a        0xc zephyr/libzephyr.a(log_output.c.obj)
 .text.color_postfix
                0x08007826        0xc zephyr/libzephyr.a(log_output.c.obj)
 .text.postfix_print
                0x08007832       0x18 zephyr/libzephyr.a(log_output.c.obj)
 .text.log_msg_hexdump
                0x0800784a       0x36 zephyr/libzephyr.a(log_output.c.obj)
 .text.log_output_msg_process
                0x08007880       0x68 zephyr/libzephyr.a(log_output.c.obj)
                0x08007880                log_output_msg_process
 .text.log_output_flush
                0x080078e8       0x2e zephyr/libzephyr.a(log_backend_uart.c.obj)
 .text.format_set
                0x08007916        0xc zephyr/libzephyr.a(log_backend_uart.c.obj)
 .text.log_backend_uart_init
                0x08007922        0xc zephyr/libzephyr.a(log_backend_uart.c.obj)
 .text.panic    0x0800792e       0x14 zephyr/libzephyr.a(log_backend_uart.c.obj)
 .text.dropped  0x08007942        0xe zephyr/libzephyr.a(log_backend_uart.c.obj)
 .text.process  0x08007950       0x1c zephyr/libzephyr.a(log_backend_uart.c.obj)
 .text.arch_early_memset
                0x0800796c        0x8 zephyr/arch/common/libarch__common.a(init.c.obj)
                0x0800796c                arch_early_memset
 .text.arch_early_memcpy
                0x08007974        0x8 zephyr/arch/common/libarch__common.a(init.c.obj)
                0x08007974                arch_early_memcpy
 .text.z_do_kernel_oops
                0x0800797c        0xc zephyr/arch/arch/arm/core/libarch__arm__core.a(fatal.c.obj)
                0x0800797c                z_do_kernel_oops
 .text.z_arm_nmi
                0x08007988        0xc zephyr/arch/arch/arm/core/libarch__arm__core.a(nmi.c.obj)
                0x08007988                z_arm_nmi
 .text.memory_fault_recoverable
                0x08007994        0x4 zephyr/arch/arch/arm/core/cortex_m/libarch__arm__core__cortex_m.a(fault.c.obj)
 .text.fault_handle
                0x08007998       0x4a zephyr/arch/arch/arm/core/cortex_m/libarch__arm__core__cortex_m.a(fault.c.obj)
 .text.arm_irq_enable
                0x080079e2        0xa zephyr/arch/arch/arm/core/cortex_m/libarch__arm__core__cortex_m.a(irq_manage.c.obj)
                0x080079e2                arm_irq_enable
 .text.arm_irq_priority_set
                0x080079ec        0xc zephyr/arch/arch/arm/core/cortex_m/libarch__arm__core__cortex_m.a(irq_manage.c.obj)
                0x080079ec                arm_irq_priority_set
 .text.z_irq_spurious
                0x080079f8        0xc zephyr/arch/arch/arm/core/cortex_m/libarch__arm__core__cortex_m.a(irq_manage.c.obj)
                0x080079f8                z_irq_spurious
 .text.z_check_thread_stack_fail
                0x08007a04        0x8 zephyr/arch/arch/arm/core/cortex_m/libarch__arm__core__cortex_m.a(thread.c.obj)
                0x08007a04                z_check_thread_stack_fail
 .text.arch_coprocessors_disable
                0x08007a0c        0x6 zephyr/arch/arch/arm/core/cortex_m/libarch__arm__core__cortex_m.a(thread.c.obj)
                0x08007a0c                arch_coprocessors_disable
 .text.arch_irq_unlock_outlined
                0x08007a12        0xe zephyr/arch/arch/arm/core/cortex_m/libarch__arm__core__cortex_m.a(thread.c.obj)
                0x08007a12                arch_irq_unlock_outlined
 .text.arch_cpu_idle
                0x08007a20       0x1a zephyr/arch/arch/arm/core/cortex_m/libarch__arm__core__cortex_m.a(cpu_idle.c.obj)
                0x08007a20                arch_cpu_idle
 .text.mpu_partition_is_valid
                0x08007a3a       0x22 zephyr/arch/arch/arm/core/mpu/libarch__arm__core__mpu.a(arm_mpu.c.obj)
 .text.mpu_configure_region
                0x08007a5c       0x3e zephyr/arch/arch/arm/core/mpu/libarch__arm__core__mpu.a(arm_mpu.c.obj)
 .text.mpu_configure_regions_from_dt
                0x08007a9a      0x1f6 zephyr/arch/arch/arm/core/mpu/libarch__arm__core__mpu.a(arm_mpu.c.obj)
 .text.arm_core_mpu_configure_static_mpu_regions
                0x08007c90        0x8 zephyr/arch/arch/arm/core/mpu/libarch__arm__core__mpu.a(arm_mpu.c.obj)
                0x08007c90                arm_core_mpu_configure_static_mpu_regions
 .text.arm_core_mpu_configure_dynamic_mpu_regions
                0x08007c98        0x8 zephyr/arch/arch/arm/core/mpu/libarch__arm__core__mpu.a(arm_mpu.c.obj)
                0x08007c98                arm_core_mpu_configure_dynamic_mpu_regions
 .text.cbputc   0x08007ca0        0xc zephyr/lib/libc/picolibc/liblib__libc__picolibc.a(cbprintf.c.obj)
 .text.picolibc_put
                0x08007cac        0xa zephyr/lib/libc/picolibc/liblib__libc__picolibc.a(stdio.c.obj)
 .text.stm32_exti_init
                0x08007cb6        0x8 zephyr/drivers/interrupt_controller/libdrivers__interrupt_controller.a(intc_exti_stm32.c.obj)
 .text.stm32_exti_gpio_intc_init
                0x08007cbe       0x92 zephyr/drivers/interrupt_controller/libdrivers__interrupt_controller.a(intc_gpio_stm32.c.obj)
 .text.stm32_gpio_intc_get_pin_irq_line
                0x08007d50        0xa zephyr/drivers/interrupt_controller/libdrivers__interrupt_controller.a(intc_gpio_stm32.c.obj)
                0x08007d50                stm32_gpio_intc_get_pin_irq_line
 .text.stm32_exti_set_line_src_port
                0x08007d5a       0x1c zephyr/drivers/interrupt_controller/libdrivers__interrupt_controller.a(intc_gpio_stm32.c.obj)
                0x08007d5a                stm32_exti_set_line_src_port
 .text.stm32_exti_get_line_src_port
                0x08007d76       0x1a zephyr/drivers/interrupt_controller/libdrivers__interrupt_controller.a(intc_gpio_stm32.c.obj)
                0x08007d76                stm32_exti_get_line_src_port
 .text.adc_stm32_enable
                0x08007d90       0x14 zephyr/drivers/adc/libdrivers__adc.a(adc_stm32.c.obj)
 .text.adc_stm32_start_conversion
                0x08007da4        0xe zephyr/drivers/adc/libdrivers__adc.a(adc_stm32.c.obj)
 .text.adc_stm32_disable
                0x08007db2       0x30 zephyr/drivers/adc/libdrivers__adc.a(adc_stm32.c.obj)
 .text.adc_context_start_sampling
                0x08007de2       0x14 zephyr/drivers/adc/libdrivers__adc.a(adc_stm32.c.obj)
 .text.adc_context_update_buffer_pointer
                0x08007df6        0xc zephyr/drivers/adc/libdrivers__adc.a(adc_stm32.c.obj)
 .text.adc_context_on_complete
                0x08007e02        0xc zephyr/drivers/adc/libdrivers__adc.a(adc_stm32.c.obj)
 .text.LL_ADC_REG_SetSequencerRanks
                0x08007e0e       0x42 zephyr/drivers/adc/libdrivers__adc.a(adc_stm32.c.obj)
 .text.LL_ADC_SetChannelSamplingTime
                0x08007e50       0x68 zephyr/drivers/adc/libdrivers__adc.a(adc_stm32.c.obj)
 .text.adc_context_start_read
                0x08007eb8       0x5e zephyr/drivers/adc/libdrivers__adc.a(adc_stm32.c.obj)
 .text.adc_context_wait_for_completion
                0x08007f16       0x1a zephyr/drivers/adc/libdrivers__adc.a(adc_stm32.c.obj)
 .text.adc_context_lock
                0x08007f30       0x12 zephyr/drivers/adc/libdrivers__adc.a(adc_stm32.c.obj)
 .text.adc_stm32_read
                0x08007f42       0x26 zephyr/drivers/adc/libdrivers__adc.a(adc_stm32.c.obj)
 .text.adc_stm32_read_sync
                0x08007f68        0xc zephyr/drivers/adc/libdrivers__adc.a(adc_stm32.c.obj)
 .text.adc_context_unlock_unconditionally
                0x08007f74       0x10 zephyr/drivers/adc/libdrivers__adc.a(adc_stm32.c.obj)
 .text.adc_context_complete
                0x08007f84       0x18 zephyr/drivers/adc/libdrivers__adc.a(adc_stm32.c.obj)
 .text.pinctrl_apply_state
                0x08007f9c       0x20 zephyr/drivers/adc/libdrivers__adc.a(adc_stm32.c.obj)
 .text.adc_context_request_next_sampling
                0x08007fbc       0x28 zephyr/drivers/adc/libdrivers__adc.a(adc_stm32.c.obj)
 .text.adc_context_on_timer_expired
                0x08007fe4        0xa zephyr/drivers/adc/libdrivers__adc.a(adc_stm32.c.obj)
 .text.adc_stm32_isr_18_init
                0x08007fee       0x14 zephyr/drivers/adc/libdrivers__adc.a(adc_stm32.c.obj)
 .text.adc_context_on_sampling_done
                0x08008002       0x84 zephyr/drivers/adc/libdrivers__adc.a(adc_stm32.c.obj)
 .text.get_pll_div_frequency
                0x08008086        0xe zephyr/drivers/clock_control/libdrivers__clock_control.a(clock_stm32_ll_common.c.obj)
 .text.get_bus_clock
                0x08008094        0x6 zephyr/drivers/clock_control/libdrivers__clock_control.a(clock_stm32_ll_common.c.obj)
 .text.stm32_clock_control_on
                0x0800809a       0x44 zephyr/drivers/clock_control/libdrivers__clock_control.a(clock_stm32_ll_common.c.obj)
 .text.stm32_clock_control_off
                0x080080de       0x2e zephyr/drivers/clock_control/libdrivers__clock_control.a(clock_stm32_ll_common.c.obj)
 .text.stm32_clock_control_configure
                0x0800810c       0x48 zephyr/drivers/clock_control/libdrivers__clock_control.a(clock_stm32_ll_common.c.obj)
 .text.stm32_clock_control_get_status
                0x08008154       0x3a zephyr/drivers/clock_control/libdrivers__clock_control.a(clock_stm32_ll_common.c.obj)
 .text.config_regulator_voltage
                0x0800818e        0x2 zephyr/drivers/clock_control/libdrivers__clock_control.a(clock_stm32_ll_common.c.obj)
                0x0800818e                config_regulator_voltage
 .text.get_pll_source
                0x08008190        0x6 zephyr/drivers/clock_control/libdrivers__clock_control.a(clock_stm32f2_f4_f7.c.obj)
 .text.sys_slist_remove
                0x08008196       0x26 zephyr/drivers/gpio/libdrivers__gpio.a(gpio_stm32.c.obj)
 .text.sys_slist_find_and_remove
                0x080081bc       0x20 zephyr/drivers/gpio/libdrivers__gpio.a(gpio_stm32.c.obj)
 .text.gpio_manage_callback
                0x080081dc       0x3e zephyr/drivers/gpio/libdrivers__gpio.a(gpio_stm32.c.obj)
 .text.gpio_fire_callbacks
                0x0800821a       0x40 zephyr/drivers/gpio/libdrivers__gpio.a(gpio_stm32.c.obj)
 .text.gpio_stm32_isr
                0x0800825a        0xe zephyr/drivers/gpio/libdrivers__gpio.a(gpio_stm32.c.obj)
 .text.gpio_stm32_flags_to_conf
                0x08008268       0x82 zephyr/drivers/gpio/libdrivers__gpio.a(gpio_stm32.c.obj)
 .text.gpio_stm32_port_get_raw
                0x080082ea        0xc zephyr/drivers/gpio/libdrivers__gpio.a(gpio_stm32.c.obj)
 .text.gpio_stm32_port_set_masked_raw
                0x080082f6       0x12 zephyr/drivers/gpio/libdrivers__gpio.a(gpio_stm32.c.obj)
 .text.gpio_stm32_port_set_bits_raw
                0x08008308        0xa zephyr/drivers/gpio/libdrivers__gpio.a(gpio_stm32.c.obj)
 .text.gpio_stm32_port_clear_bits_raw
                0x08008312        0xc zephyr/drivers/gpio/libdrivers__gpio.a(gpio_stm32.c.obj)
 .text.gpio_stm32_port_toggle_bits
                0x0800831e        0xe zephyr/drivers/gpio/libdrivers__gpio.a(gpio_stm32.c.obj)
 .text.gpio_stm32_manage_callback
                0x0800832c        0xc zephyr/drivers/gpio/libdrivers__gpio.a(gpio_stm32.c.obj)
 .text.gpio_stm32_disable_pin_irqs
                0x08008338       0x30 zephyr/drivers/gpio/libdrivers__gpio.a(gpio_stm32.c.obj)
 .text.gpio_stm32_config
                0x08008368       0x98 zephyr/drivers/gpio/libdrivers__gpio.a(gpio_stm32.c.obj)
 .text.pinctrl_lookup_state
                0x08008400       0x32 zephyr/drivers/pinctrl/libdrivers__pinctrl.a(common.c.obj)
                0x08008400                pinctrl_lookup_state
 .text.pinctrl_configure_pins
                0x08008432       0x94 zephyr/drivers/pinctrl/libdrivers__pinctrl.a(pinctrl_stm32.c.obj)
                0x08008432                pinctrl_configure_pins
 .text.LL_TIM_OC_SetCompareCH1
                0x080084c6        0x4 zephyr/drivers/pwm/libdrivers__pwm.a(pwm_stm32.c.obj)
 .text.LL_TIM_OC_SetCompareCH2
                0x080084ca        0x4 zephyr/drivers/pwm/libdrivers__pwm.a(pwm_stm32.c.obj)
 .text.LL_TIM_OC_SetCompareCH3
                0x080084ce        0x4 zephyr/drivers/pwm/libdrivers__pwm.a(pwm_stm32.c.obj)
 .text.LL_TIM_OC_SetCompareCH4
                0x080084d2        0x4 zephyr/drivers/pwm/libdrivers__pwm.a(pwm_stm32.c.obj)
 .text.reset_line_toggle
                0x080084d6       0x12 zephyr/drivers/pwm/libdrivers__pwm.a(pwm_stm32.c.obj)
 .text.get_polarity
                0x080084e8        0xe zephyr/drivers/pwm/libdrivers__pwm.a(pwm_stm32.c.obj)
 .text.ll_tim_set_trigger_output
                0x080084f6        0xc zephyr/drivers/pwm/libdrivers__pwm.a(pwm_stm32.c.obj)
 .text.pwm_stm32_get_cycles_per_sec
                0x08008502       0x16 zephyr/drivers/pwm/libdrivers__pwm.a(pwm_stm32.c.obj)
 .text.pinctrl_apply_state
                0x08008518       0x20 zephyr/drivers/pwm/libdrivers__pwm.a(pwm_stm32.c.obj)
 .text.reset_stm32_status
                0x08008538       0x22 zephyr/drivers/reset/libdrivers__reset.a(reset_stm32.c.obj)
 .text.reset_stm32_line_assert
                0x0800855a       0x1e zephyr/drivers/reset/libdrivers__reset.a(reset_stm32.c.obj)
 .text.reset_stm32_line_deassert
                0x08008578       0x20 zephyr/drivers/reset/libdrivers__reset.a(reset_stm32.c.obj)
 .text.reset_stm32_line_toggle
                0x08008598       0x16 zephyr/drivers/reset/libdrivers__reset.a(reset_stm32.c.obj)
 .text.LL_RTC_DATE_Get
                0x080085ae       0x28 zephyr/drivers/rtc/libdrivers__rtc.a(rtc_stm32.c.obj)
 .text.reset_line_toggle
                0x080085d6       0x12 zephyr/drivers/serial/libdrivers__serial.a(uart_stm32.c.obj)
 .text.uart_stm32_config_get
                0x080085e8       0x94 zephyr/drivers/serial/libdrivers__serial.a(uart_stm32.c.obj)
 .text.uart_stm32_poll_in_visitor
                0x0800867c       0x34 zephyr/drivers/serial/libdrivers__serial.a(uart_stm32.c.obj)
 .text.uart_stm32_poll_out_visitor
                0x080086b0       0x3a zephyr/drivers/serial/libdrivers__serial.a(uart_stm32.c.obj)
 .text.poll_in_u8
                0x080086ea        0x6 zephyr/drivers/serial/libdrivers__serial.a(uart_stm32.c.obj)
 .text.poll_out_u8
                0x080086f0        0x6 zephyr/drivers/serial/libdrivers__serial.a(uart_stm32.c.obj)
 .text.uart_stm32_err_check
                0x080086f6       0x9a zephyr/drivers/serial/libdrivers__serial.a(uart_stm32.c.obj)
 .text.uart_stm32_parameters_set
                0x08008790      0x122 zephyr/drivers/serial/libdrivers__serial.a(uart_stm32.c.obj)
 .text.pinctrl_apply_state
                0x080088b2       0x20 zephyr/drivers/serial/libdrivers__serial.a(uart_stm32.c.obj)
 .text.uart_stm32_init
                0x080088d2       0x28 zephyr/drivers/serial/libdrivers__serial.a(uart_stm32.c.obj)
 .text.sys_clock_announce
                0x080088fa       0x16 zephyr/drivers/timer/libdrivers__timer.a(cortex_m_systick.c.obj)
 .text.do_device_init
                0x08008910       0x32 zephyr/kernel/libkernel.a(device.c.obj)
                0x08008910                do_device_init
 .text.z_impl_device_is_ready
                0x08008942       0x20 zephyr/kernel/libkernel.a(device.c.obj)
                0x08008942                z_impl_device_is_ready
 .text.arch_system_halt
                0x08008962       0x10 zephyr/kernel/libkernel.a(fatal.c.obj)
                0x08008962                arch_system_halt
 .text.idle     0x08008972       0x16 zephyr/kernel/libkernel.a(idle.c.obj)
                0x08008972                idle
 .text.arch_spin_relax
                0x08008988        0x4 zephyr/kernel/libkernel.a(idle.c.obj)
                0x08008988                arch_spin_relax
 .text.z_impl_k_sem_init
                0x0800898c       0x1e zephyr/kernel/libkernel.a(sem.c.obj)
                0x0800898c                z_impl_k_sem_init
 .text.setup_thread_stack
                0x080089aa       0x4c zephyr/kernel/libkernel.a(thread.c.obj)
 .text.k_is_in_isr
                0x080089f6        0xc zephyr/kernel/libkernel.a(thread.c.obj)
                0x080089f6                k_is_in_isr
 .text.k_thread_name_get
                0x08008a02        0x4 zephyr/kernel/libkernel.a(thread.c.obj)
                0x08008a02                k_thread_name_get
 .text.z_init_thread_base
                0x08008a06       0x16 zephyr/kernel/libkernel.a(thread.c.obj)
                0x08008a06                z_init_thread_base
 .text.z_impl_k_thread_create
                0x08008a1c       0x44 zephyr/kernel/libkernel.a(thread.c.obj)
                0x08008a1c                z_impl_k_thread_create
 .text.thread_active_elsewhere
                0x08008a60        0x4 zephyr/kernel/libkernel.a(sched.c.obj)
 .text.add_to_waitq_locked
                0x08008a64       0x60 zephyr/kernel/libkernel.a(sched.c.obj)
 .text.unpend_all
                0x08008ac4       0x46 zephyr/kernel/libkernel.a(sched.c.obj)
 .text.pend_locked
                0x08008b0a       0x18 zephyr/kernel/libkernel.a(sched.c.obj)
 .text.z_ready_thread
                0x08008b22       0x36 zephyr/kernel/libkernel.a(sched.c.obj)
                0x08008b22                z_ready_thread
 .text.z_unpend_thread_no_timeout
                0x08008b58       0x40 zephyr/kernel/libkernel.a(sched.c.obj)
                0x08008b58                z_unpend_thread_no_timeout
 .text.z_sched_wake_thread_locked
                0x08008b98       0x34 zephyr/kernel/libkernel.a(sched.c.obj)
                0x08008b98                z_sched_wake_thread_locked
 .text.z_thread_timeout
                0x08008bcc       0x2e zephyr/kernel/libkernel.a(sched.c.obj)
                0x08008bcc                z_thread_timeout
 .text.z_unpend1_no_timeout
                0x08008bfa       0x4a zephyr/kernel/libkernel.a(sched.c.obj)
                0x08008bfa                z_unpend1_no_timeout
 .text.z_reschedule
                0x08008c44        0x8 zephyr/kernel/libkernel.a(sched.c.obj)
                0x08008c44                z_reschedule
 .text.init_ready_q
                0x08008c4c        0x8 zephyr/kernel/libkernel.a(sched.c.obj)
                0x08008c4c                init_ready_q
 .text.remove_timeout
                0x08008c54       0x2e zephyr/kernel/libkernel.a(timeout.c.obj)
 .text.next_timeout
                0x08008c82       0x36 zephyr/kernel/libkernel.a(timeout.c.obj)
 .text.z_abort_timeout
                0x08008cb8       0x7e zephyr/kernel/libkernel.a(timeout.c.obj)
                0x08008cb8                z_abort_timeout
 .text.sys_clock_tick_get_32
                0x08008d36        0x8 zephyr/kernel/libkernel.a(timeout.c.obj)
                0x08008d36                sys_clock_tick_get_32
 .text.z_impl_k_uptime_ticks
                0x08008d3e        0x8 zephyr/kernel/libkernel.a(timeout.c.obj)
                0x08008d3e                z_impl_k_uptime_ticks
 .text.k_timer_init
                0x08008d46       0x18 zephyr/kernel/libkernel.a(timer.c.obj)
                0x08008d46                k_timer_init
 .text.main     0x08008d5e        0x6 zephyr/kernel/libkernel.a(main_weak.c.obj)
                0x08008d5e                main
 *(SORT_BY_ALIGNMENT(.gnu.linkonce.t.*))
 *(SORT_BY_ALIGNMENT(.glue_7t))
 .glue_7t       0x08008d64        0x0 linker stubs
 *(SORT_BY_ALIGNMENT(.glue_7))
 .glue_7        0x08008d64        0x0 linker stubs
 *(SORT_BY_ALIGNMENT(.vfp11_veneer))
 .vfp11_veneer  0x08008d64        0x0 linker stubs
 *(SORT_BY_ALIGNMENT(.v4_bx))
 .v4_bx         0x08008d64        0x0 linker stubs
                0x08008d64                        . = ALIGN (0x4)
                0x08008d64                        __text_region_end = .

.ARM.exidx      0x08008d64        0x8
                0x08008d64                        __exidx_start = .
 *(SORT_BY_ALIGNMENT(.ARM.exidx*) SORT_BY_ALIGNMENT(gnu.linkonce.armexidx.*))
 .ARM.exidx     0x08008d64        0x8 C:/Users/razie/zephyr-sdk-1.0.1/gnu/arm-zephyr-eabi/bin/../lib/gcc/arm-zephyr-eabi/14.3.0/thumb/v7e-m/nofp\libgcc.a(_udivmoddi4.o)
                0x08008d6c                        __exidx_end = .
                0x08008d6c                        __rodata_region_start = .

initlevel       0x08008d6c       0xb8
                0x08008d6c                        __init_start = .
                0x08008d6c                        __init_EARLY_start = .
 *(SORT_BY_NAME(SORT_BY_ALIGNMENT(.z_init_EARLY_P_?_*)))
 *(SORT_BY_NAME(SORT_BY_ALIGNMENT(.z_init_EARLY_P_??_*)))
 *(SORT_BY_NAME(SORT_BY_ALIGNMENT(.z_init_EARLY_P_???_*)))
                0x08008d6c                        __init_PRE_KERNEL_1_start = .
 *(SORT_BY_NAME(SORT_BY_ALIGNMENT(.z_init_PRE_KERNEL_1_P_?_*)))
 .z_init_PRE_KERNEL_1_P_1_SUB_00009_
                0x08008d6c        0x8 zephyr/drivers/clock_control/libdrivers__clock_control.a(clock_stm32_ll_common.c.obj)
 .z_init_PRE_KERNEL_1_P_1_SUB_0_
                0x08008d74        0x8 zephyr/libzephyr.a(soc_config.c.obj)
 *(SORT_BY_NAME(SORT_BY_ALIGNMENT(.z_init_PRE_KERNEL_1_P_??_*)))
 .z_init_PRE_KERNEL_1_P_35_SUB_00055_
                0x08008d7c        0x8 zephyr/drivers/reset/libdrivers__reset.a(reset_stm32.c.obj)
 .z_init_PRE_KERNEL_1_P_40_SUB_00044_
                0x08008d84        0x8 zephyr/libzephyr.a(gpioport_mgr.c.obj)
 .z_init_PRE_KERNEL_1_P_40_SUB_00047_
                0x08008d8c        0x8 zephyr/libzephyr.a(gpioport_mgr.c.obj)
 .z_init_PRE_KERNEL_1_P_40_SUB_00070_
                0x08008d94        0x8 zephyr/drivers/interrupt_controller/libdrivers__interrupt_controller.a(intc_exti_stm32.c.obj)
 .z_init_PRE_KERNEL_1_P_40_SUB_00085_
                0x08008d9c        0x8 zephyr/libzephyr.a(gpioport_mgr.c.obj)
 .z_init_PRE_KERNEL_1_P_40_SUB_00105_
                0x08008da4        0x8 zephyr/libzephyr.a(gpioport_mgr.c.obj)
 .z_init_PRE_KERNEL_1_P_40_SUB_00106_
                0x08008dac        0x8 zephyr/libzephyr.a(gpioport_mgr.c.obj)
 .z_init_PRE_KERNEL_1_P_40_SUB_00107_
                0x08008db4        0x8 zephyr/libzephyr.a(gpioport_mgr.c.obj)
 .z_init_PRE_KERNEL_1_P_40_SUB_00108_
                0x08008dbc        0x8 zephyr/libzephyr.a(gpioport_mgr.c.obj)
 .z_init_PRE_KERNEL_1_P_40_SUB_00109_
                0x08008dc4        0x8 zephyr/libzephyr.a(gpioport_mgr.c.obj)
 .z_init_PRE_KERNEL_1_P_40_SUB_0_
                0x08008dcc        0x8 zephyr/drivers/interrupt_controller/libdrivers__interrupt_controller.a(intc_gpio_stm32.c.obj)
 .z_init_PRE_KERNEL_1_P_50_SUB_00074_
                0x08008dd4        0x8 zephyr/drivers/serial/libdrivers__serial.a(uart_stm32.c.obj)
 .z_init_PRE_KERNEL_1_P_50_SUB_00077_
                0x08008ddc        0x8 zephyr/drivers/serial/libdrivers__serial.a(uart_stm32.c.obj)
 .z_init_PRE_KERNEL_1_P_50_SUB_00110_
                0x08008de4        0x8 zephyr/drivers/rtc/libdrivers__rtc.a(rtc_stm32.c.obj)
 .z_init_PRE_KERNEL_1_P_60_SUB_0_
                0x08008dec        0x8 zephyr/drivers/console/libdrivers__console.a(uart_console.c.obj)
 *(SORT_BY_NAME(SORT_BY_ALIGNMENT(.z_init_PRE_KERNEL_1_P_???_*)))
                0x08008df4                        __init_PRE_KERNEL_2_start = .
 *(SORT_BY_NAME(SORT_BY_ALIGNMENT(.z_init_PRE_KERNEL_2_P_?_*)))
 .z_init_PRE_KERNEL_2_P_0_SUB_0_
                0x08008df4        0x8 zephyr/drivers/timer/libdrivers__timer.a(cortex_m_systick.c.obj)
 *(SORT_BY_NAME(SORT_BY_ALIGNMENT(.z_init_PRE_KERNEL_2_P_??_*)))
 *(SORT_BY_NAME(SORT_BY_ALIGNMENT(.z_init_PRE_KERNEL_2_P_???_*)))
                0x08008dfc                        __init_POST_KERNEL_start = .
 *(SORT_BY_NAME(SORT_BY_ALIGNMENT(.z_init_POST_KERNEL_P_?_*)))
 .z_init_POST_KERNEL_P_0_SUB_0_
                0x08008dfc        0x8 zephyr/libzephyr.a(log_core.c.obj)
 *(SORT_BY_NAME(SORT_BY_ALIGNMENT(.z_init_POST_KERNEL_P_??_*)))
 .z_init_POST_KERNEL_P_35_SUB_0_
                0x08008e04        0x8 zephyr/lib/libc/common/liblib__libc__common.a(malloc.c.obj)
 .z_init_POST_KERNEL_P_50_SUB_00013_
                0x08008e0c        0x8 zephyr/drivers/adc/libdrivers__adc.a(adc_stm32.c.obj)
 .z_init_POST_KERNEL_P_50_SUB_00058_
                0x08008e14        0x8 zephyr/drivers/pwm/libdrivers__pwm.a(pwm_stm32.c.obj)
 .z_init_POST_KERNEL_P_50_SUB_00063_
                0x08008e1c        0x8 zephyr/drivers/pwm/libdrivers__pwm.a(pwm_stm32.c.obj)
 *(SORT_BY_NAME(SORT_BY_ALIGNMENT(.z_init_POST_KERNEL_P_???_*)))
                0x08008e24                        __init_APPLICATION_start = .
 *(SORT_BY_NAME(SORT_BY_ALIGNMENT(.z_init_APPLICATION_P_?_*)))
 *(SORT_BY_NAME(SORT_BY_ALIGNMENT(.z_init_APPLICATION_P_??_*)))
 *(SORT_BY_NAME(SORT_BY_ALIGNMENT(.z_init_APPLICATION_P_???_*)))
                0x08008e24                        __init_SMP_start = .
 *(SORT_BY_NAME(SORT_BY_ALIGNMENT(.z_init_SMP_P_?_*)))
 *(SORT_BY_NAME(SORT_BY_ALIGNMENT(.z_init_SMP_P_??_*)))
 *(SORT_BY_NAME(SORT_BY_ALIGNMENT(.z_init_SMP_P_???_*)))
                0x08008e24                        __init_end = .

device_area     0x08008e24      0x1dc
                0x08008e24                        _device_list_start = .
 *(SORT_BY_NAME(SORT_BY_ALIGNMENT(._device.static.*_?_*)))
 ._device.static.1_1_
                0x08008e24       0x1c zephyr/drivers/clock_control/libdrivers__clock_control.a(clock_stm32_ll_common.c.obj)
                0x08008e24                __device_dts_ord_9
 *(SORT_BY_NAME(SORT_BY_ALIGNMENT(._device.static.*_??_*)))
 ._device.static.1_35_
                0x08008e40       0x1c zephyr/drivers/reset/libdrivers__reset.a(reset_stm32.c.obj)
                0x08008e40                __device_dts_ord_55
 ._device.static.1_40_
                0x08008e5c       0xe0 zephyr/libzephyr.a(gpioport_mgr.c.obj)
                0x08008e5c                __device_dts_ord_109
                0x08008e78                __device_dts_ord_108
                0x08008e94                __device_dts_ord_107
                0x08008eb0                __device_dts_ord_106
                0x08008ecc                __device_dts_ord_105
                0x08008ee8                __device_dts_ord_44
                0x08008f04                __device_dts_ord_85
                0x08008f20                __device_dts_ord_47
 ._device.static.1_40_
                0x08008f3c       0x1c zephyr/drivers/interrupt_controller/libdrivers__interrupt_controller.a(intc_exti_stm32.c.obj)
                0x08008f3c                __device_dts_ord_70
 ._device.static.1_50_
                0x08008f58       0x1c zephyr/drivers/rtc/libdrivers__rtc.a(rtc_stm32.c.obj)
                0x08008f58                __device_dts_ord_110
 ._device.static.1_50_
                0x08008f74       0x38 zephyr/drivers/serial/libdrivers__serial.a(uart_stm32.c.obj)
                0x08008f74                __device_dts_ord_74
                0x08008f90                __device_dts_ord_77
 ._device.static.3_50_
                0x08008fac       0x1c zephyr/drivers/adc/libdrivers__adc.a(adc_stm32.c.obj)
                0x08008fac                __device_dts_ord_13
 ._device.static.3_50_
                0x08008fc8       0x38 zephyr/drivers/pwm/libdrivers__pwm.a(pwm_stm32.c.obj)
                0x08008fc8                __device_dts_ord_58
                0x08008fe4                __device_dts_ord_63
 *(SORT_BY_NAME(SORT_BY_ALIGNMENT(._device.static.*_???_*)))
 *(SORT_BY_NAME(SORT_BY_ALIGNMENT(._device.static.*_????_*)))
 *(SORT_BY_NAME(SORT_BY_ALIGNMENT(._device.static.*_?????_*)))
                0x08009000                        _device_list_end = .

sw_isr_table    0x08009000      0x250
                0x08009000                        . = ALIGN (0x4)
 *(SORT_BY_ALIGNMENT(.gnu.linkonce.sw_isr_table*))
 .gnu.linkonce.sw_isr_table
                0x08009000      0x250 zephyr/CMakeFiles/zephyr_final.dir/isr_tables.c.obj
                0x08009000                _sw_isr_table

initlevel_error
 *(SORT_BY_NAME(SORT_BY_ALIGNMENT(.z_init_*)))
                0x00000001                        ASSERT ((SIZEOF (initlevel_error) == 0x0), Undefined initialization levels used.)

app_shmem_regions
                0x08009250        0x0
                0x08009250                        __app_shmem_regions_start = .
 *(SORT_BY_NAME(SORT_BY_ALIGNMENT(.app_regions.*)))
                0x08009250                        __app_shmem_regions_end = .

k_p4wq_initparam_area
                0x08009250        0x0
                0x08009250                        _k_p4wq_initparam_list_start = .
 *(SORT_BY_NAME(SORT_BY_ALIGNMENT(._k_p4wq_initparam.static.*)))
                0x08009250                        _k_p4wq_initparam_list_end = .

_static_thread_data_area
                0x08009250        0x0
                0x08009250                        __static_thread_data_list_start = .
 *(SORT_BY_NAME(SORT_BY_ALIGNMENT(.__static_thread_data.static.*)))
                0x08009250                        __static_thread_data_list_end = .

device_deps     0x08009250        0x0
                0x08009250                        __device_deps_start = .
 *(SORT_BY_NAME(SORT_BY_ALIGNMENT(.__device_deps_pass2*)))
                0x08009250                        __device_deps_end = .

adc_driver_api_area
                0x08009250        0xc
                0x08009250                        _adc_driver_api_list_start = .
 *(SORT_BY_NAME(SORT_BY_ALIGNMENT(._adc_driver_api.static.*)))
 ._adc_driver_api.static.api_stm32_driver_api_
                0x08009250        0xc zephyr/drivers/adc/libdrivers__adc.a(adc_stm32.c.obj)
                0x0800925c                        _adc_driver_api_list_end = .

gpio_driver_api_area
                0x0800925c       0x24
                0x0800925c                        _gpio_driver_api_list_start = .
 *(SORT_BY_NAME(SORT_BY_ALIGNMENT(._gpio_driver_api.static.*)))
 ._gpio_driver_api.static.gpio_stm32_driver_
                0x0800925c       0x24 zephyr/drivers/gpio/libdrivers__gpio.a(gpio_stm32.c.obj)
                0x0800925c                gpio_stm32_driver
                0x08009280                        _gpio_driver_api_list_end = .

pwm_driver_api_area
                0x08009280        0x8
                0x08009280                        _pwm_driver_api_list_start = .
 *(SORT_BY_NAME(SORT_BY_ALIGNMENT(._pwm_driver_api.static.*)))
 ._pwm_driver_api.static.pwm_stm32_driver_api_
                0x08009280        0x8 zephyr/drivers/pwm/libdrivers__pwm.a(pwm_stm32.c.obj)
                0x08009288                        _pwm_driver_api_list_end = .

reset_driver_api_area
                0x08009288       0x10
                0x08009288                        _reset_driver_api_list_start = .
 *(SORT_BY_NAME(SORT_BY_ALIGNMENT(._reset_driver_api.static.*)))
 ._reset_driver_api.static.reset_stm32_driver_api_
                0x08009288       0x10 zephyr/drivers/reset/libdrivers__reset.a(reset_stm32.c.obj)
                0x08009298                        _reset_driver_api_list_end = .

rtc_driver_api_area
                0x08009298        0x8
                0x08009298                        _rtc_driver_api_list_start = .
 *(SORT_BY_NAME(SORT_BY_ALIGNMENT(._rtc_driver_api.static.*)))
 ._rtc_driver_api.static.rtc_stm32_driver_api_
                0x08009298        0x8 zephyr/drivers/rtc/libdrivers__rtc.a(rtc_stm32.c.obj)
                0x080092a0                        _rtc_driver_api_list_end = .

shared_irq_driver_api_area
                0x080092a0        0x0
                0x080092a0                        _shared_irq_driver_api_list_start = .
 *(SORT_BY_NAME(SORT_BY_ALIGNMENT(._shared_irq_driver_api.static.*)))
                0x080092a0                        _shared_irq_driver_api_list_end = .

crypto_driver_api_area
                0x080092a0        0x0
                0x080092a0                        _crypto_driver_api_list_start = .
 *(SORT_BY_NAME(SORT_BY_ALIGNMENT(._crypto_driver_api.static.*)))
                0x080092a0                        _crypto_driver_api_list_end = .

auxdisplay_driver_api_area
                0x080092a0        0x0
                0x080092a0                        _auxdisplay_driver_api_list_start = .
 *(SORT_BY_NAME(SORT_BY_ALIGNMENT(._auxdisplay_driver_api.static.*)))
                0x080092a0                        _auxdisplay_driver_api_list_end = .

bbram_driver_api_area
                0x080092a0        0x0
                0x080092a0                        _bbram_driver_api_list_start = .
 *(SORT_BY_NAME(SORT_BY_ALIGNMENT(._bbram_driver_api.static.*)))
                0x080092a0                        _bbram_driver_api_list_end = .

biometric_driver_api_area
                0x080092a0        0x0
                0x080092a0                        _biometric_driver_api_list_start = .
 *(SORT_BY_NAME(SORT_BY_ALIGNMENT(._biometric_driver_api.static.*)))
                0x080092a0                        _biometric_driver_api_list_end = .

bt_hci_driver_api_area
                0x080092a0        0x0
                0x080092a0                        _bt_hci_driver_api_list_start = .
 *(SORT_BY_NAME(SORT_BY_ALIGNMENT(._bt_hci_driver_api.static.*)))
                0x080092a0                        _bt_hci_driver_api_list_end = .

can_driver_api_area
                0x080092a0        0x0
                0x080092a0                        _can_driver_api_list_start = .
 *(SORT_BY_NAME(SORT_BY_ALIGNMENT(._can_driver_api.static.*)))
                0x080092a0                        _can_driver_api_list_end = .

cellular_driver_api_area
                0x080092a0        0x0
                0x080092a0                        _cellular_driver_api_list_start = .
 *(SORT_BY_NAME(SORT_BY_ALIGNMENT(._cellular_driver_api.static.*)))
                0x080092a0                        _cellular_driver_api_list_end = .

charger_driver_api_area
                0x080092a0        0x0
                0x080092a0                        _charger_driver_api_list_start = .
 *(SORT_BY_NAME(SORT_BY_ALIGNMENT(._charger_driver_api.static.*)))
                0x080092a0                        _charger_driver_api_list_end = .

clock_control_driver_api_area
                0x080092a0       0x1c
                0x080092a0                        _clock_control_driver_api_list_start = .
 *(SORT_BY_NAME(SORT_BY_ALIGNMENT(._clock_control_driver_api.static.*)))
 ._clock_control_driver_api.static.stm32_clock_control_api_
                0x080092a0       0x1c zephyr/drivers/clock_control/libdrivers__clock_control.a(clock_stm32_ll_common.c.obj)
                0x080092bc                        _clock_control_driver_api_list_end = .

comparator_driver_api_area
                0x080092bc        0x0
                0x080092bc                        _comparator_driver_api_list_start = .
 *(SORT_BY_NAME(SORT_BY_ALIGNMENT(._comparator_driver_api.static.*)))
                0x080092bc                        _comparator_driver_api_list_end = .

coredump_driver_api_area
                0x080092bc        0x0
                0x080092bc                        _coredump_driver_api_list_start = .
 *(SORT_BY_NAME(SORT_BY_ALIGNMENT(._coredump_driver_api.static.*)))
                0x080092bc                        _coredump_driver_api_list_end = .

counter_driver_api_area
                0x080092bc        0x0
                0x080092bc                        _counter_driver_api_list_start = .
 *(SORT_BY_NAME(SORT_BY_ALIGNMENT(._counter_driver_api.static.*)))
                0x080092bc                        _counter_driver_api_list_end = .

crc_driver_api_area
                0x080092bc        0x0
                0x080092bc                        _crc_driver_api_list_start = .
 *(SORT_BY_NAME(SORT_BY_ALIGNMENT(._crc_driver_api.static.*)))
                0x080092bc                        _crc_driver_api_list_end = .

dac_driver_api_area
                0x080092bc        0x0
                0x080092bc                        _dac_driver_api_list_start = .
 *(SORT_BY_NAME(SORT_BY_ALIGNMENT(._dac_driver_api.static.*)))
                0x080092bc                        _dac_driver_api_list_end = .

dai_driver_api_area
                0x080092bc        0x0
                0x080092bc                        _dai_driver_api_list_start = .
 *(SORT_BY_NAME(SORT_BY_ALIGNMENT(._dai_driver_api.static.*)))
                0x080092bc                        _dai_driver_api_list_end = .

display_driver_api_area
                0x080092bc        0x0
                0x080092bc                        _display_driver_api_list_start = .
 *(SORT_BY_NAME(SORT_BY_ALIGNMENT(._display_driver_api.static.*)))
                0x080092bc                        _display_driver_api_list_end = .

dma_driver_api_area
                0x080092bc        0x0
                0x080092bc                        _dma_driver_api_list_start = .
 *(SORT_BY_NAME(SORT_BY_ALIGNMENT(._dma_driver_api.static.*)))
                0x080092bc                        _dma_driver_api_list_end = .

edac_driver_api_area
                0x080092bc        0x0
                0x080092bc                        _edac_driver_api_list_start = .
 *(SORT_BY_NAME(SORT_BY_ALIGNMENT(._edac_driver_api.static.*)))
                0x080092bc                        _edac_driver_api_list_end = .

eeprom_driver_api_area
                0x080092bc        0x0
                0x080092bc                        _eeprom_driver_api_list_start = .
 *(SORT_BY_NAME(SORT_BY_ALIGNMENT(._eeprom_driver_api.static.*)))
                0x080092bc                        _eeprom_driver_api_list_end = .

emul_bbram_driver_api_area
                0x080092bc        0x0
                0x080092bc                        _emul_bbram_driver_api_list_start = .
 *(SORT_BY_NAME(SORT_BY_ALIGNMENT(._emul_bbram_driver_api.static.*)))
                0x080092bc                        _emul_bbram_driver_api_list_end = .

fuel_gauge_emul_driver_api_area
                0x080092bc        0x0
                0x080092bc                        _fuel_gauge_emul_driver_api_list_start = .
 *(SORT_BY_NAME(SORT_BY_ALIGNMENT(._fuel_gauge_emul_driver_api.static.*)))
                0x080092bc                        _fuel_gauge_emul_driver_api_list_end = .

emul_sensor_driver_api_area
                0x080092bc        0x0
                0x080092bc                        _emul_sensor_driver_api_list_start = .
 *(SORT_BY_NAME(SORT_BY_ALIGNMENT(._emul_sensor_driver_api.static.*)))
                0x080092bc                        _emul_sensor_driver_api_list_end = .

entropy_driver_api_area
                0x080092bc        0x0
                0x080092bc                        _entropy_driver_api_list_start = .
 *(SORT_BY_NAME(SORT_BY_ALIGNMENT(._entropy_driver_api.static.*)))
                0x080092bc                        _entropy_driver_api_list_end = .

espi_driver_api_area
                0x080092bc        0x0
                0x080092bc                        _espi_driver_api_list_start = .
 *(SORT_BY_NAME(SORT_BY_ALIGNMENT(._espi_driver_api.static.*)))
                0x080092bc                        _espi_driver_api_list_end = .

espi_saf_driver_api_area
                0x080092bc        0x0
                0x080092bc                        _espi_saf_driver_api_list_start = .
 *(SORT_BY_NAME(SORT_BY_ALIGNMENT(._espi_saf_driver_api.static.*)))
                0x080092bc                        _espi_saf_driver_api_list_end = .

flash_driver_api_area
                0x080092bc        0x0
                0x080092bc                        _flash_driver_api_list_start = .
 *(SORT_BY_NAME(SORT_BY_ALIGNMENT(._flash_driver_api.static.*)))
                0x080092bc                        _flash_driver_api_list_end = .

fpga_driver_api_area
                0x080092bc        0x0
                0x080092bc                        _fpga_driver_api_list_start = .
 *(SORT_BY_NAME(SORT_BY_ALIGNMENT(._fpga_driver_api.static.*)))
                0x080092bc                        _fpga_driver_api_list_end = .

fuel_gauge_driver_api_area
                0x080092bc        0x0
                0x080092bc                        _fuel_gauge_driver_api_list_start = .
 *(SORT_BY_NAME(SORT_BY_ALIGNMENT(._fuel_gauge_driver_api.static.*)))
                0x080092bc                        _fuel_gauge_driver_api_list_end = .

gnss_driver_api_area
                0x080092bc        0x0
                0x080092bc                        _gnss_driver_api_list_start = .
 *(SORT_BY_NAME(SORT_BY_ALIGNMENT(._gnss_driver_api.static.*)))
                0x080092bc                        _gnss_driver_api_list_end = .

haptics_driver_api_area
                0x080092bc        0x0
                0x080092bc                        _haptics_driver_api_list_start = .
 *(SORT_BY_NAME(SORT_BY_ALIGNMENT(._haptics_driver_api.static.*)))
                0x080092bc                        _haptics_driver_api_list_end = .

hwspinlock_driver_api_area
                0x080092bc        0x0
                0x080092bc                        _hwspinlock_driver_api_list_start = .
 *(SORT_BY_NAME(SORT_BY_ALIGNMENT(._hwspinlock_driver_api.static.*)))
                0x080092bc                        _hwspinlock_driver_api_list_end = .

i2c_driver_api_area
                0x080092bc        0x0
                0x080092bc                        _i2c_driver_api_list_start = .
 *(SORT_BY_NAME(SORT_BY_ALIGNMENT(._i2c_driver_api.static.*)))
                0x080092bc                        _i2c_driver_api_list_end = .

i2c_target_driver_api_area
                0x080092bc        0x0
                0x080092bc                        _i2c_target_driver_api_list_start = .
 *(SORT_BY_NAME(SORT_BY_ALIGNMENT(._i2c_target_driver_api.static.*)))
                0x080092bc                        _i2c_target_driver_api_list_end = .

i2s_driver_api_area
                0x080092bc        0x0
                0x080092bc                        _i2s_driver_api_list_start = .
 *(SORT_BY_NAME(SORT_BY_ALIGNMENT(._i2s_driver_api.static.*)))
                0x080092bc                        _i2s_driver_api_list_end = .

i3c_driver_api_area
                0x080092bc        0x0
                0x080092bc                        _i3c_driver_api_list_start = .
 *(SORT_BY_NAME(SORT_BY_ALIGNMENT(._i3c_driver_api.static.*)))
                0x080092bc                        _i3c_driver_api_list_end = .

ipm_driver_api_area
                0x080092bc        0x0
                0x080092bc                        _ipm_driver_api_list_start = .
 *(SORT_BY_NAME(SORT_BY_ALIGNMENT(._ipm_driver_api.static.*)))
                0x080092bc                        _ipm_driver_api_list_end = .

led_driver_api_area
                0x080092bc        0x0
                0x080092bc                        _led_driver_api_list_start = .
 *(SORT_BY_NAME(SORT_BY_ALIGNMENT(._led_driver_api.static.*)))
                0x080092bc                        _led_driver_api_list_end = .

led_strip_driver_api_area
                0x080092bc        0x0
                0x080092bc                        _led_strip_driver_api_list_start = .
 *(SORT_BY_NAME(SORT_BY_ALIGNMENT(._led_strip_driver_api.static.*)))
                0x080092bc                        _led_strip_driver_api_list_end = .

lora_driver_api_area
                0x080092bc        0x0
                0x080092bc                        _lora_driver_api_list_start = .
 *(SORT_BY_NAME(SORT_BY_ALIGNMENT(._lora_driver_api.static.*)))
                0x080092bc                        _lora_driver_api_list_end = .

mbox_driver_api_area
                0x080092bc        0x0
                0x080092bc                        _mbox_driver_api_list_start = .
 *(SORT_BY_NAME(SORT_BY_ALIGNMENT(._mbox_driver_api.static.*)))
                0x080092bc                        _mbox_driver_api_list_end = .

mdio_driver_api_area
                0x080092bc        0x0
                0x080092bc                        _mdio_driver_api_list_start = .
 *(SORT_BY_NAME(SORT_BY_ALIGNMENT(._mdio_driver_api.static.*)))
                0x080092bc                        _mdio_driver_api_list_end = .

mipi_dbi_driver_api_area
                0x080092bc        0x0
                0x080092bc                        _mipi_dbi_driver_api_list_start = .
 *(SORT_BY_NAME(SORT_BY_ALIGNMENT(._mipi_dbi_driver_api.static.*)))
                0x080092bc                        _mipi_dbi_driver_api_list_end = .

mipi_dsi_driver_api_area
                0x080092bc        0x0
                0x080092bc                        _mipi_dsi_driver_api_list_start = .
 *(SORT_BY_NAME(SORT_BY_ALIGNMENT(._mipi_dsi_driver_api.static.*)))
                0x080092bc                        _mipi_dsi_driver_api_list_end = .

mspi_driver_api_area
                0x080092bc        0x0
                0x080092bc                        _mspi_driver_api_list_start = .
 *(SORT_BY_NAME(SORT_BY_ALIGNMENT(._mspi_driver_api.static.*)))
                0x080092bc                        _mspi_driver_api_list_end = .

opamp_driver_api_area
                0x080092bc        0x0
                0x080092bc                        _opamp_driver_api_list_start = .
 *(SORT_BY_NAME(SORT_BY_ALIGNMENT(._opamp_driver_api.static.*)))
                0x080092bc                        _opamp_driver_api_list_end = .

otp_driver_api_area
                0x080092bc        0x0
                0x080092bc                        _otp_driver_api_list_start = .
 *(SORT_BY_NAME(SORT_BY_ALIGNMENT(._otp_driver_api.static.*)))
                0x080092bc                        _otp_driver_api_list_end = .

peci_driver_api_area
                0x080092bc        0x0
                0x080092bc                        _peci_driver_api_list_start = .
 *(SORT_BY_NAME(SORT_BY_ALIGNMENT(._peci_driver_api.static.*)))
                0x080092bc                        _peci_driver_api_list_end = .

ps2_driver_api_area
                0x080092bc        0x0
                0x080092bc                        _ps2_driver_api_list_start = .
 *(SORT_BY_NAME(SORT_BY_ALIGNMENT(._ps2_driver_api.static.*)))
                0x080092bc                        _ps2_driver_api_list_end = .

ptp_clock_driver_api_area
                0x080092bc        0x0
                0x080092bc                        _ptp_clock_driver_api_list_start = .
 *(SORT_BY_NAME(SORT_BY_ALIGNMENT(._ptp_clock_driver_api.static.*)))
                0x080092bc                        _ptp_clock_driver_api_list_end = .

regulator_parent_driver_api_area
                0x080092bc        0x0
                0x080092bc                        _regulator_parent_driver_api_list_start = .
 *(SORT_BY_NAME(SORT_BY_ALIGNMENT(._regulator_parent_driver_api.static.*)))
                0x080092bc                        _regulator_parent_driver_api_list_end = .

regulator_driver_api_area
                0x080092bc        0x0
                0x080092bc                        _regulator_driver_api_list_start = .
 *(SORT_BY_NAME(SORT_BY_ALIGNMENT(._regulator_driver_api.static.*)))