C:/zephyr/zephyrproject/deps/zephyr/include/zephyr/logging/log_output.h:220:20:log_output_flush	24	static
C:/zephyr/zephyrproject/deps/zephyr/subsys/logging/log_output.c:93:12:out_func	16	static
C:/zephyr/zephyrproject/deps/zephyr/subsys/logging/log_output.c:119:12:cr_out_func	16	static
C:/zephyr/zephyrproject/deps/zephyr/subsys/logging/log_output.c:129:12:print_formatted	12	static
C:/zephyr/zephyrproject/deps/zephyr/subsys/logging/log_output.c:142:12:timestamp_print	24	static
C:/zephyr/zephyrproject/deps/zephyr/subsys/logging/log_output.c:274:13:color_print	8	static
C:/zephyr/zephyrproject/deps/zephyr/subsys/logging/log_output.c:284:13:color_prefix	8	static
C:/zephyr/zephyrproject/deps/zephyr/subsys/logging/log_output.c:290:13:color_postfix	8	static
C:/zephyr/zephyrproject/deps/zephyr/subsys/logging/log_output.c:297:12:ids_print	24	static
C:/zephyr/zephyrproject/deps/zephyr/subsys/logging/log_output.c:586:17:prefix_print	72	static
C:/zephyr/zephyrproject/deps/zephyr/subsys/logging/log_output.c:349:13:newline_print	8	static
C:/zephyr/zephyrproject/deps/zephyr/subsys/logging/log_output.c:648:13:postfix_print	16	static
C:/zephyr/zephyrproject/deps/zephyr/subsys/logging/log_output.c:367:13:hexdump_line_print	24	static
C:/zephyr/zephyrproject/deps/zephyr/subsys/logging/log_output.c:407:13:log_msg_hexdump	40	static
C:/zephyr/zephyrproject/deps/zephyr/subsys/logging/log_output.c:656:6:log_output_process	48	static
C:/zephyr/zephyrproject/deps/zephyr/subsys/logging/log_output.c:703:6:log_output_msg_process	64	static
C:/zephyr/zephyrproject/deps/zephyr/subsys/logging/log_output.c:723:6:log_output_dropped_process	40	static
C:/zephyr/zephyrproject/deps/zephyr/subsys/logging/log_output.c:740:6:log_output_timestamp_freq_set	0	static
C:/zephyr/zephyrproject/deps/zephyr/subsys/logging/log_output.c:754:10:log_output_timestamp_to_us	8	static
