C:/zephyr/zephyrproject/deps/zephyr/subsys/logging/log_mgmt.c:58:13:domain_id_cmp	0	static
C:/zephyr/zephyrproject/deps/zephyr/subsys/logging/log_mgmt.c:63:13:source_id_cmp	0	static
C:/zephyr/zephyrproject/deps/zephyr/subsys/logging/log_mgmt.c:84:31:get_link_domain	0	static
C:/zephyr/zephyrproject/deps/zephyr/subsys/logging/log_mgmt.c:109:17:get_source_offset	0	static
C:/zephyr/zephyrproject/deps/zephyr/subsys/logging/log_mgmt.c:154:13:cache_init	8	static
C:/zephyr/zephyrproject/deps/zephyr/subsys/logging/log_mgmt.c:121:11:z_log_link_get_dynamic_filter	24	static
C:/zephyr/zephyrproject/deps/zephyr/subsys/logging/log_mgmt.c:177:9:z_log_ext_domain_count	0	static
C:/zephyr/zephyrproject/deps/zephyr/subsys/logging/log_mgmt.c:198:10:log_src_cnt_get	0	static
C:/zephyr/zephyrproject/deps/zephyr/subsys/logging/log_mgmt.c:243:13:log_source_name_get	8	static
C:/zephyr/zephyrproject/deps/zephyr/subsys/logging/log_mgmt.c:291:13:log_domain_name_get	0	static
C:/zephyr/zephyrproject/deps/zephyr/subsys/logging/log_mgmt.c:312:9:log_compiled_level_get	8	static
C:/zephyr/zephyrproject/deps/zephyr/subsys/logging/log_mgmt.c:429:17:filter_get	8	static
C:/zephyr/zephyrproject/deps/zephyr/subsys/logging/log_mgmt.c:325:5:z_log_link_set_runtime_level	24	static
C:/zephyr/zephyrproject/deps/zephyr/subsys/logging/log_mgmt.c:344:6:z_log_runtime_filters_init	8	static
C:/zephyr/zephyrproject/deps/zephyr/subsys/logging/log_mgmt.c:373:5:log_source_id_get	16	static
C:/zephyr/zephyrproject/deps/zephyr/subsys/logging/log_mgmt.c:445:10:filter_set	8	static
C:/zephyr/zephyrproject/deps/zephyr/subsys/logging/log_mgmt.c:483:10:z_impl_log_filter_set	8	static
C:/zephyr/zephyrproject/deps/zephyr/subsys/logging/log_mgmt.c:492:10:z_impl_log_frontend_filter_set	8	static
C:/zephyr/zephyrproject/deps/zephyr/subsys/logging/log_mgmt.c:555:27:log_backend_get_by_name	16	static
C:/zephyr/zephyrproject/deps/zephyr/subsys/logging/log_mgmt.c:566:6:log_backend_enable	8	static
C:/zephyr/zephyrproject/deps/zephyr/subsys/logging/log_mgmt.c:577:6:log_backend_disable	0	static
C:/zephyr/zephyrproject/deps/zephyr/subsys/logging/log_mgmt.c:586:10:log_filter_get	8	static
C:/zephyr/zephyrproject/deps/zephyr/subsys/logging/log_mgmt.c:594:10:log_frontend_filter_get	0	static
C:/zephyr/zephyrproject/deps/zephyr/subsys/logging/log_mgmt.c:603:6:z_log_links_initiate	8	static
