C:/zephyr/zephyrproject/deps/zephyr/include/zephyr/logging/log_msg.h:746:24:log_msg_generic_get_wlen	0	static
C:/zephyr/zephyrproject/deps/zephyr/include/zephyr/logging/log_backend.h:138:20:log_backend_init	8	static
C:/zephyr/zephyrproject/deps/zephyr/subsys/logging/log_core.c:159:24:dummy_timestamp	0	static
C:/zephyr/zephyrproject/deps/zephyr/subsys/logging/log_core.c:487:13:msg_filter_check	0	static
C:/zephyr/zephyrproject/deps/zephyr/subsys/logging/log_core.c:520:13:msg_process	16	static
C:/zephyr/zephyrproject/deps/zephyr/subsys/logging/log_core.c:941:13:log_backend_notify_all	16	static
C:/zephyr/zephyrproject/deps/zephyr/subsys/logging/log_core.c:242:24:default_lf_get_timestamp	8	static
C:/zephyr/zephyrproject/deps/zephyr/subsys/logging/log_core.c:308:17:activate_foreach_backend	24	static
C:/zephyr/zephyrproject/deps/zephyr/include/zephyr/kernel.h:702:23:k_msleep	8	static
C:/zephyr/zephyrproject/deps/zephyr/subsys/logging/log_core.c:331:17:z_log_init	24	static
C:/zephyr/zephyrproject/deps/zephyr/subsys/logging/log_core.c:402:13:thread_set	8	static
C:/zephyr/zephyrproject/deps/zephyr/subsys/logging/log_core.c:949:13:log_process_thread_timer_expiry_fn	8	static
C:/zephyr/zephyrproject/deps/zephyr/subsys/logging/log_core.c:667:24:msg_alloc	8	static
C:/zephyr/zephyrproject/deps/zephyr/subsys/logging/log_core.c:817:13:msg_free	8	static
C:/zephyr/zephyrproject/deps/zephyr/subsys/logging/log_core.c:829:13:msg_pending	8	static
C:/zephyr/zephyrproject/deps/zephyr/subsys/logging/log_core.c:1004:12:enable_logger	48	static
C:/zephyr/zephyrproject/deps/zephyr/subsys/logging/log_core.c:96:19:log_format_func_t_get	0	static
C:/zephyr/zephyrproject/deps/zephyr/subsys/logging/log_core.c:101:8:log_format_table_size	0	static
C:/zephyr/zephyrproject/deps/zephyr/include/zephyr/logging/log_backend.h:322:19:log_backend_format_set	16	static
C:/zephyr/zephyrproject/deps/zephyr/subsys/logging/log_core.c:164:17:z_log_timestamp	8	static
C:/zephyr/zephyrproject/deps/zephyr/subsys/logging/log_core.c:207:27:log_format_set_all_active_backends	16	static
C:/zephyr/zephyrproject/deps/zephyr/subsys/logging/log_core.c:223:6:z_log_vprintk	24	static
C:/zephyr/zephyrproject/deps/zephyr/subsys/logging/log_core.c:387:6:log_init	8	static
C:/zephyr/zephyrproject/deps/zephyr/subsys/logging/log_core.c:392:6:log_thread_trigger	8	static
C:/zephyr/zephyrproject/deps/zephyr/subsys/logging/log_core.c:417:6:log_thread_set	0	static
C:/zephyr/zephyrproject/deps/zephyr/subsys/logging/log_core.c:426:5:log_set_timestamp_func	8	static
C:/zephyr/zephyrproject/deps/zephyr/subsys/logging/log_core.c:541:6:unordered_notify	8	static
C:/zephyr/zephyrproject/deps/zephyr/subsys/logging/log_core.c:548:6:z_log_notify_backend_enabled	8	static
C:/zephyr/zephyrproject/deps/zephyr/subsys/logging/log_core.c:623:10:z_impl_log_buffered_cnt	0	static
C:/zephyr/zephyrproject/deps/zephyr/subsys/logging/log_core.c:636:6:z_log_dropped	8	static
C:/zephyr/zephyrproject/deps/zephyr/include/zephyr/logging/log_internal.h:133:20:z_log_notify_drop	8	static
C:/zephyr/zephyrproject/deps/zephyr/subsys/logging/log_core.c:649:10:z_log_dropped_read_and_clear	0	static
C:/zephyr/zephyrproject/deps/zephyr/subsys/logging/log_core.c:530:6:dropped_notify	16	static
C:/zephyr/zephyrproject/deps/zephyr/subsys/logging/log_core.c:654:6:z_log_dropped_pending	0	static
C:/zephyr/zephyrproject/deps/zephyr/subsys/logging/log_core.c:659:6:z_log_msg_init	8	static
C:/zephyr/zephyrproject/deps/zephyr/subsys/logging/log_core.c:258:6:log_core_init	8	static
C:/zephyr/zephyrproject/deps/zephyr/subsys/logging/log_core.c:680:17:z_log_msg_alloc	8	static
C:/zephyr/zephyrproject/deps/zephyr/subsys/logging/log_core.c:726:24:z_log_msg_local_claim	8	static
C:/zephyr/zephyrproject/deps/zephyr/subsys/logging/log_core.c:737:24:z_log_msg_claim_oldest	24	static
C:/zephyr/zephyrproject/deps/zephyr/subsys/logging/log_core.c:803:24:z_log_msg_claim	8	static
C:/zephyr/zephyrproject/deps/zephyr/subsys/logging/log_core.c:824:6:z_log_msg_free	8	static
C:/zephyr/zephyrproject/deps/zephyr/subsys/logging/log_core.c:838:6:z_log_msg_pending	8	static
C:/zephyr/zephyrproject/deps/zephyr/subsys/logging/log_core.c:565:6:z_impl_log_process	16	static
C:/zephyr/zephyrproject/deps/zephyr/subsys/logging/log_core.c:445:6:z_impl_log_panic	8	static
C:/zephyr/zephyrproject/deps/zephyr/subsys/logging/log_core.c:169:13:z_log_msg_post_finalize	16	static
C:/zephyr/zephyrproject/deps/zephyr/subsys/logging/log_core.c:685:13:msg_commit	8	static
C:/zephyr/zephyrproject/deps/zephyr/subsys/logging/log_core.c:720:6:z_log_msg_commit	8	static
C:/zephyr/zephyrproject/deps/zephyr/subsys/logging/log_core.c:954:13:log_process_thread_func	24	static
C:/zephyr/zephyrproject/deps/zephyr/subsys/logging/log_core.c:868:6:z_log_msg_enqueue	24	static
C:/zephyr/zephyrproject/deps/zephyr/subsys/logging/log_core.c:887:13:z_log_get_tag	0	static
C:/zephyr/zephyrproject/deps/zephyr/subsys/logging/log_core.c:892:5:log_set_tag	0	static
C:/zephyr/zephyrproject/deps/zephyr/subsys/logging/log_core.c:916:5:log_mem_get_usage	8	static
C:/zephyr/zephyrproject/deps/zephyr/subsys/logging/log_core.c:930:5:log_mem_get_max_usage	8	static
C:/zephyr/zephyrproject/deps/zephyr/subsys/logging/log_core.c:1026:6:log_flush	8	static
