C:/zephyr/zephyrproject/deps/zephyr/lib/utils/json.c:27:13:lexer_consume	4	static
C:/zephyr/zephyrproject/deps/zephyr/lib/utils/json.c:40:13:lexer_next	16	static
C:/zephyr/zephyrproject/deps/zephyr/lib/utils/json.c:55:13:emit	0	static
C:/zephyr/zephyrproject/deps/zephyr/lib/utils/json.c:63:12:next	0	static
C:/zephyr/zephyrproject/deps/zephyr/lib/utils/json.c:74:13:ignore	0	static
C:/zephyr/zephyrproject/deps/zephyr/lib/utils/json.c:79:13:backup	0	static
C:/zephyr/zephyrproject/deps/zephyr/lib/utils/json.c:84:12:peek	16	static
C:/zephyr/zephyrproject/deps/zephyr/lib/utils/json.c:93:14:lexer_string	16	static
C:/zephyr/zephyrproject/deps/zephyr/lib/utils/json.c:155:12:accept_run	16	static
C:/zephyr/zephyrproject/deps/zephyr/lib/utils/json.c:166:14:lexer_boolean	8	static
C:/zephyr/zephyrproject/deps/zephyr/lib/utils/json.c:189:14:lexer_null	8	static
C:/zephyr/zephyrproject/deps/zephyr/lib/utils/json.c:200:14:lexer_number	8	static
C:/zephyr/zephyrproject/deps/zephyr/lib/utils/json.c:216:14:lexer_number_nan	8	static
C:/zephyr/zephyrproject/deps/zephyr/lib/utils/json.c:247:14:lexer_json	16	static
C:/zephyr/zephyrproject/deps/zephyr/lib/utils/json.c:299:13:lexer_init	0	static
C:/zephyr/zephyrproject/deps/zephyr/lib/utils/json.c:308:12:obj_init	24	static
C:/zephyr/zephyrproject/deps/zephyr/lib/utils/json.c:325:12:arr_init	24	static
C:/zephyr/zephyrproject/deps/zephyr/lib/utils/json.c:342:12:element_token	0	static
C:/zephyr/zephyrproject/deps/zephyr/lib/utils/json.c:367:12:obj_next	32	static
C:/zephyr/zephyrproject/deps/zephyr/lib/utils/json.c:419:12:arr_next	16	static
C:/zephyr/zephyrproject/deps/zephyr/lib/utils/json.c:438:12:skip_field	16	static
C:/zephyr/zephyrproject/deps/zephyr/lib/utils/json.c:473:12:json_unescape_string	8	static
C:/zephyr/zephyrproject/deps/zephyr/lib/utils/json.c:527:12:decode_string_buf	16	static
C:/zephyr/zephyrproject/deps/zephyr/lib/utils/json.c:647:12:decode_float	0	static
C:/zephyr/zephyrproject/deps/zephyr/lib/utils/json.c:678:12:decode_double	0	static
C:/zephyr/zephyrproject/deps/zephyr/lib/utils/json.c:845:13:equivalent_types	0	static
C:/zephyr/zephyrproject/deps/zephyr/lib/utils/json.c:1002:18:get_elem_size	16	static
C:/zephyr/zephyrproject/deps/zephyr/lib/utils/json.c:1118:12:arr_data_parse	4	static
C:/zephyr/zephyrproject/deps/zephyr/lib/utils/json.c:1277:13:escape_as	0	static
C:/zephyr/zephyrproject/deps/zephyr/lib/utils/json.c:1299:12:json_escape_internal	24	static
C:/zephyr/zephyrproject/deps/zephyr/lib/utils/json.c:1444:12:str_encode	16	static
C:/zephyr/zephyrproject/deps/zephyr/lib/utils/json.c:1530:12:print_double	0	static
C:/zephyr/zephyrproject/deps/zephyr/lib/utils/json.c:1555:12:float_encode	40	static
C:/zephyr/zephyrproject/deps/zephyr/lib/utils/json.c:1573:12:double_encode	48	static
C:/zephyr/zephyrproject/deps/zephyr/lib/utils/json.c:1657:12:float_ascii_encode	8	static
C:/zephyr/zephyrproject/deps/zephyr/lib/utils/json.c:1664:12:opaque_string_encode	16	static
C:/zephyr/zephyrproject/deps/zephyr/lib/utils/json.c:1689:12:bool_encode	8	static
C:/zephyr/zephyrproject/deps/zephyr/lib/utils/json.c:1699:12:null_encode	8	static
C:/zephyr/zephyrproject/deps/zephyr/lib/utils/json.c:1840:12:measure_bytes	0	static
C:/zephyr/zephyrproject/deps/zephyr/lib/utils/json.c:1888:12:extract_raw_json_data	40	static
C:/zephyr/zephyrproject/deps/zephyr/lib/utils/json.c:548:12:decode_int32	32	static
C:/zephyr/zephyrproject/deps/zephyr/lib/utils/json.c:709:12:decode_int8	16	static
C:/zephyr/zephyrproject/deps/zephyr/lib/utils/json.c:749:12:decode_int16	16	static
C:/zephyr/zephyrproject/deps/zephyr/lib/utils/json.c:575:12:decode_uint32	32	static
C:/zephyr/zephyrproject/deps/zephyr/lib/utils/json.c:729:12:decode_uint8	16	static
C:/zephyr/zephyrproject/deps/zephyr/lib/utils/json.c:769:12:decode_uint16	16	static
C:/zephyr/zephyrproject/deps/zephyr/lib/utils/json.c:599:12:decode_int64	32	static
C:/zephyr/zephyrproject/deps/zephyr/lib/utils/json.c:789:12:decode_int	8	static
C:/zephyr/zephyrproject/deps/zephyr/lib/utils/json.c:623:12:decode_uint64	32	static
C:/zephyr/zephyrproject/deps/zephyr/lib/utils/json.c:817:12:decode_uint	8	static
C:/zephyr/zephyrproject/deps/zephyr/lib/utils/json.c:913:16:decode_value	40	static
C:/zephyr/zephyrproject/deps/zephyr/lib/utils/json.c:1159:16:obj_parse	80	static
C:/zephyr/zephyrproject/deps/zephyr/lib/utils/json.c:1070:12:arr_parse	56	static
C:/zephyr/zephyrproject/deps/zephyr/lib/utils/json.c:1462:12:int32_encode	32	static
C:/zephyr/zephyrproject/deps/zephyr/lib/utils/json.c:1479:12:uint32_encode	32	static
C:/zephyr/zephyrproject/deps/zephyr/lib/utils/json.c:1496:12:int64_encode	48	static
C:/zephyr/zephyrproject/deps/zephyr/lib/utils/json.c:1591:12:int_encode	16	static
C:/zephyr/zephyrproject/deps/zephyr/lib/utils/json.c:1513:12:uint64_encode	48	static
C:/zephyr/zephyrproject/deps/zephyr/lib/utils/json.c:1624:12:uint_encode	16	static
C:/zephyr/zephyrproject/deps/zephyr/lib/utils/json.c:1682:12:encoded_obj_encode	16	static
C:/zephyr/zephyrproject/deps/zephyr/lib/utils/json.c:1808:12:append_bytes_to_buf	16	static
C:/zephyr/zephyrproject/deps/zephyr/lib/utils/json.c:1925:16:decode_mixed_value	40	static
C:/zephyr/zephyrproject/deps/zephyr/lib/utils/json.c:2103:12:mixed_arr_parse	48	static
C:/zephyr/zephyrproject/deps/zephyr/lib/utils/json.c:1213:9:json_obj_parse	48	static
C:/zephyr/zephyrproject/deps/zephyr/lib/utils/json.c:1230:5:json_arr_parse	56	static
C:/zephyr/zephyrproject/deps/zephyr/lib/utils/json.c:1248:5:json_arr_separate_object_parse_init	8	static
C:/zephyr/zephyrproject/deps/zephyr/lib/utils/json.c:1253:5:json_arr_separate_parse_object	40	static
C:/zephyr/zephyrproject/deps/zephyr/lib/utils/json.c:1325:8:json_calc_escaped_len	24	static
C:/zephyr/zephyrproject/deps/zephyr/lib/utils/json.c:1339:9:json_escape	32	static
C:/zephyr/zephyrproject/deps/zephyr/lib/utils/json.c:1754:5:json_obj_encode	32	static
C:/zephyr/zephyrproject/deps/zephyr/lib/utils/json.c:1704:12:encode	24	static
C:/zephyr/zephyrproject/deps/zephyr/lib/utils/json.c:1382:12:arr_encode	32	static
C:/zephyr/zephyrproject/deps/zephyr/lib/utils/json.c:1793:5:json_arr_encode	16	static
C:/zephyr/zephyrproject/deps/zephyr/lib/utils/json.c:1823:5:json_obj_encode_buf	40	static
C:/zephyr/zephyrproject/deps/zephyr/lib/utils/json.c:1832:5:json_arr_encode_buf	32	static
C:/zephyr/zephyrproject/deps/zephyr/lib/utils/json.c:1851:9:json_calc_encoded_len	24	static
C:/zephyr/zephyrproject/deps/zephyr/lib/utils/json.c:1865:9:json_calc_encoded_arr_len	16	static
C:/zephyr/zephyrproject/deps/zephyr/lib/utils/json.c:2154:5:json_mixed_arr_parse	48	static
C:/zephyr/zephyrproject/deps/zephyr/lib/utils/json.c:2169:5:json_mixed_arr_encode	40	static
C:/zephyr/zephyrproject/deps/zephyr/lib/utils/json.c:2031:12:encode_mixed_value	24	static
C:/zephyr/zephyrproject/deps/zephyr/lib/utils/json.c:2222:5:json_mixed_arr_encode_buf	40	static
C:/zephyr/zephyrproject/deps/zephyr/lib/utils/json.c:2231:9:json_calc_mixed_arr_len	24	static
